[2025-01-18T06:48:14.998+0000] {local_task_job_runner.py:120} INFO - ::group::Pre task execution logs
[2025-01-18T06:48:15.033+0000] {taskinstance.py:2076} INFO - Dependencies all met for dep_context=non-requeueable deps ti=<TaskInstance: first_dag.second_task scheduled__2024-12-15T00:00:00+00:00 [queued]>
[2025-01-18T06:48:15.040+0000] {taskinstance.py:2076} INFO - Dependencies all met for dep_context=requeueable deps ti=<TaskInstance: first_dag.second_task scheduled__2024-12-15T00:00:00+00:00 [queued]>
[2025-01-18T06:48:15.040+0000] {taskinstance.py:2306} INFO - Starting attempt 1 of 6
[2025-01-18T06:48:15.054+0000] {taskinstance.py:2330} INFO - Executing <Task(BashOperator): second_task> on 2024-12-15 00:00:00+00:00
[2025-01-18T06:48:15.087+0000] {standard_task_runner.py:90} INFO - Running: ['***', 'tasks', 'run', 'first_dag', 'second_task', 'scheduled__2024-12-15T00:00:00+00:00', '--job-id', '316', '--raw', '--subdir', 'DAGS_FOLDER/first_dag.py', '--cfg-path', '/tmp/tmpz9g3du0j']
[2025-01-18T06:48:15.096+0000] {standard_task_runner.py:91} INFO - Job 316: Subtask second_task
[2025-01-18T06:48:15.097+0000] {logging_mixin.py:188} WARNING - /home/***/.local/lib/python3.12/site-packages/***/task/task_runner/standard_task_runner.py:62 DeprecationWarning: This process (pid=3335) is multi-threaded, use of fork() may lead to deadlocks in the child.
[2025-01-18T06:48:15.109+0000] {standard_task_runner.py:64} INFO - Started process 3389 to run task
[2025-01-18T06:48:15.162+0000] {task_command.py:426} INFO - Running <TaskInstance: first_dag.second_task scheduled__2024-12-15T00:00:00+00:00 [running]> on host 026ae79d4a11
[2025-01-18T06:48:15.259+0000] {taskinstance.py:2648} INFO - Exporting env vars: AIRFLOW_CTX_DAG_OWNER='student' AIRFLOW_CTX_DAG_ID='first_dag' AIRFLOW_CTX_TASK_ID='second_task' AIRFLOW_CTX_EXECUTION_DATE='2024-12-15T00:00:00+00:00' AIRFLOW_CTX_TRY_NUMBER='1' AIRFLOW_CTX_DAG_RUN_ID='scheduled__2024-12-15T00:00:00+00:00'
[2025-01-18T06:48:15.261+0000] {taskinstance.py:430} INFO - ::endgroup::
[2025-01-18T06:48:15.262+0000] {subprocess.py:63} INFO - Tmp dir root location: /tmp
[2025-01-18T06:48:15.263+0000] {subprocess.py:75} INFO - Running command: ['/usr/bin/bash', '-c', 'echo hello world, this is 2nd task']
[2025-01-18T06:48:15.286+0000] {subprocess.py:86} INFO - Output:
[2025-01-18T06:48:15.288+0000] {subprocess.py:93} INFO - hello world, this is 2nd task
[2025-01-18T06:48:15.288+0000] {subprocess.py:97} INFO - Command exited with return code 0
[2025-01-18T06:48:15.289+0000] {taskinstance.py:441} INFO - ::group::Post task execution logs
[2025-01-18T06:48:15.315+0000] {taskinstance.py:1206} INFO - Marking task as SUCCESS. dag_id=first_dag, task_id=second_task, run_id=scheduled__2024-12-15T00:00:00+00:00, execution_date=20241215T000000, start_date=20250118T064815, end_date=20250118T064815
[2025-01-18T06:48:15.367+0000] {local_task_job_runner.py:243} INFO - Task exited with return code 0
[2025-01-18T06:48:15.385+0000] {taskinstance.py:3503} INFO - 0 downstream tasks scheduled from follow-on schedule check
[2025-01-18T06:48:15.386+0000] {local_task_job_runner.py:222} INFO - ::endgroup::
