[2025-01-18T06:47:43.567+0000] {local_task_job_runner.py:120} INFO - ::group::Pre task execution logs
[2025-01-18T06:47:43.599+0000] {taskinstance.py:2076} INFO - Dependencies all met for dep_context=non-requeueable deps ti=<TaskInstance: first_dag.first_task scheduled__2024-09-27T00:00:00+00:00 [queued]>
[2025-01-18T06:47:43.610+0000] {taskinstance.py:2076} INFO - Dependencies all met for dep_context=requeueable deps ti=<TaskInstance: first_dag.first_task scheduled__2024-09-27T00:00:00+00:00 [queued]>
[2025-01-18T06:47:43.611+0000] {taskinstance.py:2306} INFO - Starting attempt 1 of 6
[2025-01-18T06:47:43.626+0000] {taskinstance.py:2330} INFO - Executing <Task(BashOperator): first_task> on 2024-09-27 00:00:00+00:00
[2025-01-18T06:47:43.643+0000] {logging_mixin.py:188} WARNING - /home/***/.local/lib/python3.12/site-packages/***/task/task_runner/standard_task_runner.py:62 DeprecationWarning: This process (pid=2367) is multi-threaded, use of fork() may lead to deadlocks in the child.
[2025-01-18T06:47:43.645+0000] {standard_task_runner.py:64} INFO - Started process 2396 to run task
[2025-01-18T06:47:43.649+0000] {standard_task_runner.py:90} INFO - Running: ['***', 'tasks', 'run', 'first_dag', 'first_task', 'scheduled__2024-09-27T00:00:00+00:00', '--job-id', '137', '--raw', '--subdir', 'DAGS_FOLDER/first_dag.py', '--cfg-path', '/tmp/tmpqhy94o29']
[2025-01-18T06:47:43.651+0000] {standard_task_runner.py:91} INFO - Job 137: Subtask first_task
[2025-01-18T06:47:43.702+0000] {task_command.py:426} INFO - Running <TaskInstance: first_dag.first_task scheduled__2024-09-27T00:00:00+00:00 [running]> on host 026ae79d4a11
[2025-01-18T06:47:43.802+0000] {taskinstance.py:2648} INFO - Exporting env vars: AIRFLOW_CTX_DAG_OWNER='student' AIRFLOW_CTX_DAG_ID='first_dag' AIRFLOW_CTX_TASK_ID='first_task' AIRFLOW_CTX_EXECUTION_DATE='2024-09-27T00:00:00+00:00' AIRFLOW_CTX_TRY_NUMBER='1' AIRFLOW_CTX_DAG_RUN_ID='scheduled__2024-09-27T00:00:00+00:00'
[2025-01-18T06:47:43.804+0000] {taskinstance.py:430} INFO - ::endgroup::
[2025-01-18T06:47:43.808+0000] {subprocess.py:63} INFO - Tmp dir root location: /tmp
[2025-01-18T06:47:43.810+0000] {subprocess.py:75} INFO - Running command: ['/usr/bin/bash', '-c', 'echo hello world, this is 1st task']
[2025-01-18T06:47:43.835+0000] {subprocess.py:86} INFO - Output:
[2025-01-18T06:47:43.841+0000] {subprocess.py:93} INFO - hello world, this is 1st task
[2025-01-18T06:47:43.842+0000] {subprocess.py:97} INFO - Command exited with return code 0
[2025-01-18T06:47:43.843+0000] {taskinstance.py:441} INFO - ::group::Post task execution logs
[2025-01-18T06:47:43.879+0000] {taskinstance.py:1206} INFO - Marking task as SUCCESS. dag_id=first_dag, task_id=first_task, run_id=scheduled__2024-09-27T00:00:00+00:00, execution_date=20240927T000000, start_date=20250118T064743, end_date=20250118T064743
[2025-01-18T06:47:43.943+0000] {local_task_job_runner.py:243} INFO - Task exited with return code 0
[2025-01-18T06:47:43.953+0000] {local_task_job_runner.py:222} INFO - ::endgroup::
