[2025-01-18T06:48:20.124+0000] {local_task_job_runner.py:120} INFO - ::group::Pre task execution logs
[2025-01-18T06:48:20.166+0000] {taskinstance.py:2076} INFO - Dependencies all met for dep_context=non-requeueable deps ti=<TaskInstance: first_dag.first_task scheduled__2025-01-08T00:00:00+00:00 [queued]>
[2025-01-18T06:48:20.181+0000] {taskinstance.py:2076} INFO - Dependencies all met for dep_context=requeueable deps ti=<TaskInstance: first_dag.first_task scheduled__2025-01-08T00:00:00+00:00 [queued]>
[2025-01-18T06:48:20.182+0000] {taskinstance.py:2306} INFO - Starting attempt 1 of 6
[2025-01-18T06:48:20.236+0000] {taskinstance.py:2330} INFO - Executing <Task(BashOperator): first_task> on 2025-01-08 00:00:00+00:00
[2025-01-18T06:48:20.247+0000] {logging_mixin.py:188} WARNING - /home/***/.local/lib/python3.12/site-packages/***/task/task_runner/standard_task_runner.py:62 DeprecationWarning: This process (pid=3490) is multi-threaded, use of fork() may lead to deadlocks in the child.
[2025-01-18T06:48:20.248+0000] {standard_task_runner.py:64} INFO - Started process 3547 to run task
[2025-01-18T06:48:20.247+0000] {standard_task_runner.py:90} INFO - Running: ['***', 'tasks', 'run', 'first_dag', 'first_task', 'scheduled__2025-01-08T00:00:00+00:00', '--job-id', '337', '--raw', '--subdir', 'DAGS_FOLDER/first_dag.py', '--cfg-path', '/tmp/tmpa14vfk4x']
[2025-01-18T06:48:20.253+0000] {standard_task_runner.py:91} INFO - Job 337: Subtask first_task
[2025-01-18T06:48:20.348+0000] {task_command.py:426} INFO - Running <TaskInstance: first_dag.first_task scheduled__2025-01-08T00:00:00+00:00 [running]> on host 026ae79d4a11
[2025-01-18T06:48:20.466+0000] {taskinstance.py:2648} INFO - Exporting env vars: AIRFLOW_CTX_DAG_OWNER='student' AIRFLOW_CTX_DAG_ID='first_dag' AIRFLOW_CTX_TASK_ID='first_task' AIRFLOW_CTX_EXECUTION_DATE='2025-01-08T00:00:00+00:00' AIRFLOW_CTX_TRY_NUMBER='1' AIRFLOW_CTX_DAG_RUN_ID='scheduled__2025-01-08T00:00:00+00:00'
[2025-01-18T06:48:20.469+0000] {taskinstance.py:430} INFO - ::endgroup::
[2025-01-18T06:48:20.470+0000] {subprocess.py:63} INFO - Tmp dir root location: /tmp
[2025-01-18T06:48:20.471+0000] {subprocess.py:75} INFO - Running command: ['/usr/bin/bash', '-c', 'echo hello world, this is 1st task']
[2025-01-18T06:48:20.500+0000] {subprocess.py:86} INFO - Output:
[2025-01-18T06:48:20.502+0000] {subprocess.py:93} INFO - hello world, this is 1st task
[2025-01-18T06:48:20.504+0000] {subprocess.py:97} INFO - Command exited with return code 0
[2025-01-18T06:48:20.505+0000] {taskinstance.py:441} INFO - ::group::Post task execution logs
[2025-01-18T06:48:20.541+0000] {taskinstance.py:1206} INFO - Marking task as SUCCESS. dag_id=first_dag, task_id=first_task, run_id=scheduled__2025-01-08T00:00:00+00:00, execution_date=20250108T000000, start_date=20250118T064820, end_date=20250118T064820
[2025-01-18T06:48:20.706+0000] {local_task_job_runner.py:243} INFO - Task exited with return code 0
[2025-01-18T06:48:20.744+0000] {taskinstance.py:3503} INFO - 1 downstream tasks scheduled from follow-on schedule check
[2025-01-18T06:48:20.749+0000] {local_task_job_runner.py:222} INFO - ::endgroup::
