[2025-01-18T06:48:21.244+0000] {local_task_job_runner.py:120} INFO - ::group::Pre task execution logs
[2025-01-18T06:48:21.289+0000] {taskinstance.py:2076} INFO - Dependencies all met for dep_context=non-requeueable deps ti=<TaskInstance: first_dag.second_task scheduled__2025-01-02T00:00:00+00:00 [queued]>
[2025-01-18T06:48:21.313+0000] {taskinstance.py:2076} INFO - Dependencies all met for dep_context=requeueable deps ti=<TaskInstance: first_dag.second_task scheduled__2025-01-02T00:00:00+00:00 [queued]>
[2025-01-18T06:48:21.318+0000] {taskinstance.py:2306} INFO - Starting attempt 1 of 6
[2025-01-18T06:48:21.358+0000] {taskinstance.py:2330} INFO - Executing <Task(BashOperator): second_task> on 2025-01-02 00:00:00+00:00
[2025-01-18T06:48:21.377+0000] {standard_task_runner.py:90} INFO - Running: ['***', 'tasks', 'run', 'first_dag', 'second_task', 'scheduled__2025-01-02T00:00:00+00:00', '--job-id', '345', '--raw', '--subdir', 'DAGS_FOLDER/first_dag.py', '--cfg-path', '/tmp/tmp89nick2q']
[2025-01-18T06:48:21.378+0000] {logging_mixin.py:188} WARNING - /home/***/.local/lib/python3.12/site-packages/***/task/task_runner/standard_task_runner.py:62 DeprecationWarning: This process (pid=3538) is multi-threaded, use of fork() may lead to deadlocks in the child.
[2025-01-18T06:48:21.380+0000] {standard_task_runner.py:91} INFO - Job 345: Subtask second_task
[2025-01-18T06:48:21.380+0000] {standard_task_runner.py:64} INFO - Started process 3621 to run task
[2025-01-18T06:48:21.471+0000] {task_command.py:426} INFO - Running <TaskInstance: first_dag.second_task scheduled__2025-01-02T00:00:00+00:00 [running]> on host 026ae79d4a11
[2025-01-18T06:48:21.601+0000] {taskinstance.py:2648} INFO - Exporting env vars: AIRFLOW_CTX_DAG_OWNER='student' AIRFLOW_CTX_DAG_ID='first_dag' AIRFLOW_CTX_TASK_ID='second_task' AIRFLOW_CTX_EXECUTION_DATE='2025-01-02T00:00:00+00:00' AIRFLOW_CTX_TRY_NUMBER='1' AIRFLOW_CTX_DAG_RUN_ID='scheduled__2025-01-02T00:00:00+00:00'
[2025-01-18T06:48:21.605+0000] {taskinstance.py:430} INFO - ::endgroup::
[2025-01-18T06:48:21.608+0000] {subprocess.py:63} INFO - Tmp dir root location: /tmp
[2025-01-18T06:48:21.611+0000] {subprocess.py:75} INFO - Running command: ['/usr/bin/bash', '-c', 'echo hello world, this is 2nd task']
[2025-01-18T06:48:21.637+0000] {subprocess.py:86} INFO - Output:
[2025-01-18T06:48:21.638+0000] {subprocess.py:93} INFO - hello world, this is 2nd task
[2025-01-18T06:48:21.638+0000] {subprocess.py:97} INFO - Command exited with return code 0
[2025-01-18T06:48:21.639+0000] {taskinstance.py:441} INFO - ::group::Post task execution logs
[2025-01-18T06:48:21.672+0000] {taskinstance.py:1206} INFO - Marking task as SUCCESS. dag_id=first_dag, task_id=second_task, run_id=scheduled__2025-01-02T00:00:00+00:00, execution_date=20250102T000000, start_date=20250118T064821, end_date=20250118T064821
[2025-01-18T06:48:21.695+0000] {local_task_job_runner.py:243} INFO - Task exited with return code 0
[2025-01-18T06:48:21.734+0000] {taskinstance.py:3503} INFO - 0 downstream tasks scheduled from follow-on schedule check
[2025-01-18T06:48:21.738+0000] {local_task_job_runner.py:222} INFO - ::endgroup::
