[2024-07-28T00:34:29.086+0000] {local_task_job_runner.py:120} INFO - ::group::Pre task execution logs
[2024-07-28T00:34:29.102+0000] {taskinstance.py:2076} INFO - Dependencies all met for dep_context=non-requeueable deps ti=<TaskInstance: first_dag.first_task scheduled__2024-07-27T00:00:00+00:00 [queued]>
[2024-07-28T00:34:29.107+0000] {taskinstance.py:2076} INFO - Dependencies all met for dep_context=requeueable deps ti=<TaskInstance: first_dag.first_task scheduled__2024-07-27T00:00:00+00:00 [queued]>
[2024-07-28T00:34:29.107+0000] {taskinstance.py:2306} INFO - Starting attempt 1 of 6
[2024-07-28T00:34:29.112+0000] {taskinstance.py:2330} INFO - Executing <Task(BashOperator): first_task> on 2024-07-27 00:00:00+00:00
[2024-07-28T00:34:29.118+0000] {logging_mixin.py:188} WARNING - /home/***/.local/lib/python3.12/site-packages/***/task/task_runner/standard_task_runner.py:62 DeprecationWarning: This process (pid=16503) is multi-threaded, use of fork() may lead to deadlocks in the child.
[2024-07-28T00:34:29.117+0000] {standard_task_runner.py:90} INFO - Running: ['***', 'tasks', 'run', 'first_dag', 'first_task', 'scheduled__2024-07-27T00:00:00+00:00', '--job-id', '9', '--raw', '--subdir', 'DAGS_FOLDER/first_dag.py', '--cfg-path', '/tmp/tmpksnnvkz2']
[2024-07-28T00:34:29.119+0000] {standard_task_runner.py:64} INFO - Started process 16609 to run task
[2024-07-28T00:34:29.119+0000] {standard_task_runner.py:91} INFO - Job 9: Subtask first_task
[2024-07-28T00:34:29.161+0000] {task_command.py:426} INFO - Running <TaskInstance: first_dag.first_task scheduled__2024-07-27T00:00:00+00:00 [running]> on host 59541af12559
[2024-07-28T00:34:29.218+0000] {taskinstance.py:2648} INFO - Exporting env vars: AIRFLOW_CTX_DAG_OWNER='student' AIRFLOW_CTX_DAG_ID='first_dag' AIRFLOW_CTX_TASK_ID='first_task' AIRFLOW_CTX_EXECUTION_DATE='2024-07-27T00:00:00+00:00' AIRFLOW_CTX_TRY_NUMBER='1' AIRFLOW_CTX_DAG_RUN_ID='scheduled__2024-07-27T00:00:00+00:00'
[2024-07-28T00:34:29.220+0000] {taskinstance.py:430} INFO - ::endgroup::
[2024-07-28T00:34:29.220+0000] {subprocess.py:63} INFO - Tmp dir root location: /tmp
[2024-07-28T00:34:29.221+0000] {subprocess.py:75} INFO - Running command: ['/usr/bin/bash', '-c', 'echo hello world, this is 1st task']
[2024-07-28T00:34:29.227+0000] {subprocess.py:86} INFO - Output:
[2024-07-28T00:34:29.229+0000] {subprocess.py:93} INFO - hello world, this is 1st task
[2024-07-28T00:34:29.229+0000] {subprocess.py:97} INFO - Command exited with return code 0
[2024-07-28T00:34:29.230+0000] {taskinstance.py:441} INFO - ::group::Post task execution logs
[2024-07-28T00:34:29.248+0000] {taskinstance.py:1206} INFO - Marking task as SUCCESS. dag_id=first_dag, task_id=first_task, run_id=scheduled__2024-07-27T00:00:00+00:00, execution_date=20240727T000000, start_date=20240728T003429, end_date=20240728T003429
[2024-07-28T00:34:29.292+0000] {local_task_job_runner.py:243} INFO - Task exited with return code 0
[2024-07-28T00:34:29.306+0000] {taskinstance.py:3503} INFO - 1 downstream tasks scheduled from follow-on schedule check
[2024-07-28T00:34:29.308+0000] {local_task_job_runner.py:222} INFO - ::endgroup::
[2025-01-18T06:47:13.270+0000] {local_task_job_runner.py:120} INFO - ::group::Pre task execution logs
[2025-01-18T06:47:13.363+0000] {taskinstance.py:2076} INFO - Dependencies all met for dep_context=non-requeueable deps ti=<TaskInstance: first_dag.first_task scheduled__2024-07-27T00:00:00+00:00 [queued]>
[2025-01-18T06:47:13.373+0000] {taskinstance.py:2076} INFO - Dependencies all met for dep_context=requeueable deps ti=<TaskInstance: first_dag.first_task scheduled__2024-07-27T00:00:00+00:00 [queued]>
[2025-01-18T06:47:13.374+0000] {taskinstance.py:2306} INFO - Starting attempt 1 of 6
[2025-01-18T06:47:13.399+0000] {taskinstance.py:2330} INFO - Executing <Task(BashOperator): first_task> on 2024-07-27 00:00:00+00:00
[2025-01-18T06:47:13.513+0000] {standard_task_runner.py:90} INFO - Running: ['***', 'tasks', 'run', 'first_dag', 'first_task', 'scheduled__2024-07-27T00:00:00+00:00', '--job-id', '9', '--raw', '--subdir', 'DAGS_FOLDER/first_dag.py', '--cfg-path', '/tmp/tmp9p9fzc80']
[2025-01-18T06:47:13.529+0000] {standard_task_runner.py:91} INFO - Job 9: Subtask first_task
[2025-01-18T06:47:13.598+0000] {logging_mixin.py:188} WARNING - /home/***/.local/lib/python3.12/site-packages/***/task/task_runner/standard_task_runner.py:62 DeprecationWarning: This process (pid=1564) is multi-threaded, use of fork() may lead to deadlocks in the child.
[2025-01-18T06:47:13.610+0000] {standard_task_runner.py:64} INFO - Started process 1622 to run task
[2025-01-18T06:47:13.959+0000] {task_command.py:426} INFO - Running <TaskInstance: first_dag.first_task scheduled__2024-07-27T00:00:00+00:00 [running]> on host 026ae79d4a11
[2025-01-18T06:47:14.471+0000] {taskinstance.py:2648} INFO - Exporting env vars: AIRFLOW_CTX_DAG_OWNER='student' AIRFLOW_CTX_DAG_ID='first_dag' AIRFLOW_CTX_TASK_ID='first_task' AIRFLOW_CTX_EXECUTION_DATE='2024-07-27T00:00:00+00:00' AIRFLOW_CTX_TRY_NUMBER='1' AIRFLOW_CTX_DAG_RUN_ID='scheduled__2024-07-27T00:00:00+00:00'
[2025-01-18T06:47:14.475+0000] {taskinstance.py:430} INFO - ::endgroup::
[2025-01-18T06:47:14.478+0000] {subprocess.py:63} INFO - Tmp dir root location: /tmp
[2025-01-18T06:47:14.490+0000] {subprocess.py:75} INFO - Running command: ['/usr/bin/bash', '-c', 'echo hello world, this is 1st task']
[2025-01-18T06:47:14.580+0000] {subprocess.py:86} INFO - Output:
[2025-01-18T06:47:14.603+0000] {subprocess.py:93} INFO - hello world, this is 1st task
[2025-01-18T06:47:14.605+0000] {subprocess.py:97} INFO - Command exited with return code 0
[2025-01-18T06:47:14.609+0000] {taskinstance.py:441} INFO - ::group::Post task execution logs
[2025-01-18T06:47:14.883+0000] {taskinstance.py:1206} INFO - Marking task as SUCCESS. dag_id=first_dag, task_id=first_task, run_id=scheduled__2024-07-27T00:00:00+00:00, execution_date=20240727T000000, start_date=20250118T064713, end_date=20250118T064714
[2025-01-18T06:47:15.166+0000] {local_task_job_runner.py:243} INFO - Task exited with return code 0
[2025-01-18T06:47:15.558+0000] {taskinstance.py:3503} INFO - 1 downstream tasks scheduled from follow-on schedule check
[2025-01-18T06:47:15.609+0000] {local_task_job_runner.py:222} INFO - ::endgroup::
