[2025-01-18T06:48:19.679+0000] {local_task_job_runner.py:120} INFO - ::group::Pre task execution logs
[2025-01-18T06:48:19.729+0000] {taskinstance.py:2076} INFO - Dependencies all met for dep_context=non-requeueable deps ti=<TaskInstance: first_dag.first_task scheduled__2025-01-05T00:00:00+00:00 [queued]>
[2025-01-18T06:48:19.744+0000] {taskinstance.py:2076} INFO - Dependencies all met for dep_context=requeueable deps ti=<TaskInstance: first_dag.first_task scheduled__2025-01-05T00:00:00+00:00 [queued]>
[2025-01-18T06:48:19.748+0000] {taskinstance.py:2306} INFO - Starting attempt 1 of 6
[2025-01-18T06:48:19.801+0000] {taskinstance.py:2330} INFO - Executing <Task(BashOperator): first_task> on 2025-01-05 00:00:00+00:00
[2025-01-18T06:48:19.831+0000] {logging_mixin.py:188} WARNING - /home/***/.local/lib/python3.12/site-packages/***/task/task_runner/standard_task_runner.py:62 DeprecationWarning: This process (pid=3470) is multi-threaded, use of fork() may lead to deadlocks in the child.
[2025-01-18T06:48:19.837+0000] {standard_task_runner.py:64} INFO - Started process 3534 to run task
[2025-01-18T06:48:19.829+0000] {standard_task_runner.py:90} INFO - Running: ['***', 'tasks', 'run', 'first_dag', 'first_task', 'scheduled__2025-01-05T00:00:00+00:00', '--job-id', '333', '--raw', '--subdir', 'DAGS_FOLDER/first_dag.py', '--cfg-path', '/tmp/tmp_zh544rj']
[2025-01-18T06:48:19.845+0000] {standard_task_runner.py:91} INFO - Job 333: Subtask first_task
[2025-01-18T06:48:19.948+0000] {task_command.py:426} INFO - Running <TaskInstance: first_dag.first_task scheduled__2025-01-05T00:00:00+00:00 [running]> on host 026ae79d4a11
[2025-01-18T06:48:20.050+0000] {taskinstance.py:2648} INFO - Exporting env vars: AIRFLOW_CTX_DAG_OWNER='student' AIRFLOW_CTX_DAG_ID='first_dag' AIRFLOW_CTX_TASK_ID='first_task' AIRFLOW_CTX_EXECUTION_DATE='2025-01-05T00:00:00+00:00' AIRFLOW_CTX_TRY_NUMBER='1' AIRFLOW_CTX_DAG_RUN_ID='scheduled__2025-01-05T00:00:00+00:00'
[2025-01-18T06:48:20.052+0000] {taskinstance.py:430} INFO - ::endgroup::
[2025-01-18T06:48:20.053+0000] {subprocess.py:63} INFO - Tmp dir root location: /tmp
[2025-01-18T06:48:20.054+0000] {subprocess.py:75} INFO - Running command: ['/usr/bin/bash', '-c', 'echo hello world, this is 1st task']
[2025-01-18T06:48:20.083+0000] {subprocess.py:86} INFO - Output:
[2025-01-18T06:48:20.086+0000] {subprocess.py:93} INFO - hello world, this is 1st task
[2025-01-18T06:48:20.087+0000] {subprocess.py:97} INFO - Command exited with return code 0
[2025-01-18T06:48:20.088+0000] {taskinstance.py:441} INFO - ::group::Post task execution logs
[2025-01-18T06:48:20.116+0000] {taskinstance.py:1206} INFO - Marking task as SUCCESS. dag_id=first_dag, task_id=first_task, run_id=scheduled__2025-01-05T00:00:00+00:00, execution_date=20250105T000000, start_date=20250118T064819, end_date=20250118T064820
[2025-01-18T06:48:20.261+0000] {local_task_job_runner.py:243} INFO - Task exited with return code 0
[2025-01-18T06:48:20.297+0000] {taskinstance.py:3503} INFO - 1 downstream tasks scheduled from follow-on schedule check
[2025-01-18T06:48:20.304+0000] {local_task_job_runner.py:222} INFO - ::endgroup::
