[2025-01-18T06:47:58.919+0000] {local_task_job_runner.py:120} INFO - ::group::Pre task execution logs
[2025-01-18T06:47:58.936+0000] {taskinstance.py:2076} INFO - Dependencies all met for dep_context=non-requeueable deps ti=<TaskInstance: first_dag.second_task scheduled__2024-11-06T00:00:00+00:00 [queued]>
[2025-01-18T06:47:58.942+0000] {taskinstance.py:2076} INFO - Dependencies all met for dep_context=requeueable deps ti=<TaskInstance: first_dag.second_task scheduled__2024-11-06T00:00:00+00:00 [queued]>
[2025-01-18T06:47:58.943+0000] {taskinstance.py:2306} INFO - Starting attempt 1 of 6
[2025-01-18T06:47:58.952+0000] {taskinstance.py:2330} INFO - Executing <Task(BashOperator): second_task> on 2024-11-06 00:00:00+00:00
[2025-01-18T06:47:58.962+0000] {logging_mixin.py:188} WARNING - /home/***/.local/lib/python3.12/site-packages/***/task/task_runner/standard_task_runner.py:62 DeprecationWarning: This process (pid=2957) is multi-threaded, use of fork() may lead to deadlocks in the child.
[2025-01-18T06:47:58.963+0000] {standard_task_runner.py:64} INFO - Started process 2990 to run task
[2025-01-18T06:47:58.962+0000] {standard_task_runner.py:90} INFO - Running: ['***', 'tasks', 'run', 'first_dag', 'second_task', 'scheduled__2024-11-06T00:00:00+00:00', '--job-id', '225', '--raw', '--subdir', 'DAGS_FOLDER/first_dag.py', '--cfg-path', '/tmp/tmpu1cubawb']
[2025-01-18T06:47:58.964+0000] {standard_task_runner.py:91} INFO - Job 225: Subtask second_task
[2025-01-18T06:47:59.002+0000] {task_command.py:426} INFO - Running <TaskInstance: first_dag.second_task scheduled__2024-11-06T00:00:00+00:00 [running]> on host 026ae79d4a11
[2025-01-18T06:47:59.054+0000] {taskinstance.py:2648} INFO - Exporting env vars: AIRFLOW_CTX_DAG_OWNER='student' AIRFLOW_CTX_DAG_ID='first_dag' AIRFLOW_CTX_TASK_ID='second_task' AIRFLOW_CTX_EXECUTION_DATE='2024-11-06T00:00:00+00:00' AIRFLOW_CTX_TRY_NUMBER='1' AIRFLOW_CTX_DAG_RUN_ID='scheduled__2024-11-06T00:00:00+00:00'
[2025-01-18T06:47:59.055+0000] {taskinstance.py:430} INFO - ::endgroup::
[2025-01-18T06:47:59.056+0000] {subprocess.py:63} INFO - Tmp dir root location: /tmp
[2025-01-18T06:47:59.057+0000] {subprocess.py:75} INFO - Running command: ['/usr/bin/bash', '-c', 'echo hello world, this is 2nd task']
[2025-01-18T06:47:59.074+0000] {subprocess.py:86} INFO - Output:
[2025-01-18T06:47:59.077+0000] {subprocess.py:93} INFO - hello world, this is 2nd task
[2025-01-18T06:47:59.078+0000] {subprocess.py:97} INFO - Command exited with return code 0
[2025-01-18T06:47:59.078+0000] {taskinstance.py:441} INFO - ::group::Post task execution logs
[2025-01-18T06:47:59.096+0000] {taskinstance.py:1206} INFO - Marking task as SUCCESS. dag_id=first_dag, task_id=second_task, run_id=scheduled__2024-11-06T00:00:00+00:00, execution_date=20241106T000000, start_date=20250118T064758, end_date=20250118T064759
[2025-01-18T06:47:59.136+0000] {local_task_job_runner.py:243} INFO - Task exited with return code 0
[2025-01-18T06:47:59.145+0000] {local_task_job_runner.py:222} INFO - ::endgroup::
