[2025-01-18T06:44:32.724+0000] {processor.py:161} INFO - Started process (PID=176) to work on /opt/airflow/dags/first_dag_py.py
[2025-01-18T06:44:32.726+0000] {processor.py:830} INFO - Processing file /opt/airflow/dags/first_dag_py.py for tasks to queue
[2025-01-18T06:44:32.728+0000] {logging_mixin.py:188} INFO - [2025-01-18T06:44:32.728+0000] {dagbag.py:545} INFO - Filling up the DagBag from /opt/airflow/dags/first_dag_py.py
[2025-01-18T06:44:32.753+0000] {processor.py:840} INFO - DAG(s) 'first_dag_with_taskflow_api' retrieved from /opt/airflow/dags/first_dag_py.py
[2025-01-18T06:44:32.928+0000] {logging_mixin.py:188} INFO - [2025-01-18T06:44:32.928+0000] {dag.py:3089} INFO - Sync 1 DAGs
[2025-01-18T06:44:32.943+0000] {logging_mixin.py:188} INFO - [2025-01-18T06:44:32.942+0000] {dag.py:3947} INFO - Setting next_dagrun for first_dag_with_taskflow_api to 2024-07-26 00:00:00+00:00, run_after=2024-07-27 00:00:00+00:00
[2025-01-18T06:44:32.959+0000] {processor.py:183} INFO - Processing /opt/airflow/dags/first_dag_py.py took 0.243 seconds
[2025-01-18T06:45:03.657+0000] {processor.py:161} INFO - Started process (PID=453) to work on /opt/airflow/dags/first_dag_py.py
[2025-01-18T06:45:03.659+0000] {processor.py:830} INFO - Processing file /opt/airflow/dags/first_dag_py.py for tasks to queue
[2025-01-18T06:45:03.661+0000] {logging_mixin.py:188} INFO - [2025-01-18T06:45:03.661+0000] {dagbag.py:545} INFO - Filling up the DagBag from /opt/airflow/dags/first_dag_py.py
[2025-01-18T06:45:03.684+0000] {processor.py:840} INFO - DAG(s) 'first_dag_with_taskflow_api' retrieved from /opt/airflow/dags/first_dag_py.py
[2025-01-18T06:45:03.706+0000] {logging_mixin.py:188} INFO - [2025-01-18T06:45:03.706+0000] {dag.py:3089} INFO - Sync 1 DAGs
[2025-01-18T06:45:03.724+0000] {logging_mixin.py:188} INFO - [2025-01-18T06:45:03.724+0000] {dag.py:3947} INFO - Setting next_dagrun for first_dag_with_taskflow_api to 2024-07-26 00:00:00+00:00, run_after=2024-07-27 00:00:00+00:00
[2025-01-18T06:45:03.740+0000] {processor.py:183} INFO - Processing /opt/airflow/dags/first_dag_py.py took 0.090 seconds
[2025-01-18T06:45:34.600+0000] {processor.py:161} INFO - Started process (PID=729) to work on /opt/airflow/dags/first_dag_py.py
[2025-01-18T06:45:34.601+0000] {processor.py:830} INFO - Processing file /opt/airflow/dags/first_dag_py.py for tasks to queue
[2025-01-18T06:45:34.603+0000] {logging_mixin.py:188} INFO - [2025-01-18T06:45:34.602+0000] {dagbag.py:545} INFO - Filling up the DagBag from /opt/airflow/dags/first_dag_py.py
[2025-01-18T06:45:34.615+0000] {processor.py:840} INFO - DAG(s) 'first_dag_with_taskflow_api' retrieved from /opt/airflow/dags/first_dag_py.py
[2025-01-18T06:45:34.630+0000] {logging_mixin.py:188} INFO - [2025-01-18T06:45:34.629+0000] {dag.py:3089} INFO - Sync 1 DAGs
[2025-01-18T06:45:34.642+0000] {logging_mixin.py:188} INFO - [2025-01-18T06:45:34.642+0000] {dag.py:3947} INFO - Setting next_dagrun for first_dag_with_taskflow_api to 2024-07-26 00:00:00+00:00, run_after=2024-07-27 00:00:00+00:00
[2025-01-18T06:45:34.659+0000] {processor.py:183} INFO - Processing /opt/airflow/dags/first_dag_py.py took 0.063 seconds
[2025-01-18T06:46:04.886+0000] {processor.py:161} INFO - Started process (PID=1006) to work on /opt/airflow/dags/first_dag_py.py
[2025-01-18T06:46:04.888+0000] {processor.py:830} INFO - Processing file /opt/airflow/dags/first_dag_py.py for tasks to queue
[2025-01-18T06:46:04.891+0000] {logging_mixin.py:188} INFO - [2025-01-18T06:46:04.890+0000] {dagbag.py:545} INFO - Filling up the DagBag from /opt/airflow/dags/first_dag_py.py
[2025-01-18T06:46:04.907+0000] {processor.py:840} INFO - DAG(s) 'first_dag_with_taskflow_api' retrieved from /opt/airflow/dags/first_dag_py.py
[2025-01-18T06:46:04.928+0000] {logging_mixin.py:188} INFO - [2025-01-18T06:46:04.928+0000] {dag.py:3089} INFO - Sync 1 DAGs
[2025-01-18T06:46:04.948+0000] {logging_mixin.py:188} INFO - [2025-01-18T06:46:04.948+0000] {dag.py:3947} INFO - Setting next_dagrun for first_dag_with_taskflow_api to 2024-07-26 00:00:00+00:00, run_after=2024-07-27 00:00:00+00:00
[2025-01-18T06:46:04.961+0000] {processor.py:183} INFO - Processing /opt/airflow/dags/first_dag_py.py took 0.085 seconds
[2025-01-18T06:46:35.287+0000] {processor.py:161} INFO - Started process (PID=1283) to work on /opt/airflow/dags/first_dag_py.py
[2025-01-18T06:46:35.288+0000] {processor.py:830} INFO - Processing file /opt/airflow/dags/first_dag_py.py for tasks to queue
[2025-01-18T06:46:35.289+0000] {logging_mixin.py:188} INFO - [2025-01-18T06:46:35.289+0000] {dagbag.py:545} INFO - Filling up the DagBag from /opt/airflow/dags/first_dag_py.py
[2025-01-18T06:46:35.303+0000] {processor.py:840} INFO - DAG(s) 'first_dag_with_taskflow_api' retrieved from /opt/airflow/dags/first_dag_py.py
[2025-01-18T06:46:35.318+0000] {logging_mixin.py:188} INFO - [2025-01-18T06:46:35.318+0000] {dag.py:3089} INFO - Sync 1 DAGs
[2025-01-18T06:46:35.332+0000] {logging_mixin.py:188} INFO - [2025-01-18T06:46:35.332+0000] {dag.py:3947} INFO - Setting next_dagrun for first_dag_with_taskflow_api to 2024-07-26 00:00:00+00:00, run_after=2024-07-27 00:00:00+00:00
[2025-01-18T06:46:35.345+0000] {processor.py:183} INFO - Processing /opt/airflow/dags/first_dag_py.py took 0.063 seconds
[2025-01-18T06:47:07.626+0000] {processor.py:161} INFO - Started process (PID=1576) to work on /opt/airflow/dags/first_dag_py.py
[2025-01-18T06:47:07.666+0000] {processor.py:830} INFO - Processing file /opt/airflow/dags/first_dag_py.py for tasks to queue
[2025-01-18T06:47:07.827+0000] {logging_mixin.py:188} INFO - [2025-01-18T06:47:07.800+0000] {dagbag.py:545} INFO - Filling up the DagBag from /opt/airflow/dags/first_dag_py.py
[2025-01-18T06:47:08.110+0000] {processor.py:840} INFO - DAG(s) 'first_dag_with_taskflow_api' retrieved from /opt/airflow/dags/first_dag_py.py
[2025-01-18T06:47:08.682+0000] {logging_mixin.py:188} INFO - [2025-01-18T06:47:08.677+0000] {dag.py:3089} INFO - Sync 1 DAGs
[2025-01-18T06:47:08.882+0000] {logging_mixin.py:188} INFO - [2025-01-18T06:47:08.875+0000] {dag.py:3947} INFO - Setting next_dagrun for first_dag_with_taskflow_api to 2024-07-26 00:00:00+00:00, run_after=2024-07-27 00:00:00+00:00
[2025-01-18T06:47:09.235+0000] {processor.py:183} INFO - Processing /opt/airflow/dags/first_dag_py.py took 2.109 seconds
[2025-01-18T06:47:39.464+0000] {processor.py:161} INFO - Started process (PID=2288) to work on /opt/airflow/dags/first_dag_py.py
[2025-01-18T06:47:39.468+0000] {processor.py:830} INFO - Processing file /opt/airflow/dags/first_dag_py.py for tasks to queue
[2025-01-18T06:47:39.471+0000] {logging_mixin.py:188} INFO - [2025-01-18T06:47:39.471+0000] {dagbag.py:545} INFO - Filling up the DagBag from /opt/airflow/dags/first_dag_py.py
[2025-01-18T06:47:39.504+0000] {processor.py:840} INFO - DAG(s) 'first_dag_with_taskflow_api' retrieved from /opt/airflow/dags/first_dag_py.py
[2025-01-18T06:47:39.561+0000] {logging_mixin.py:188} INFO - [2025-01-18T06:47:39.561+0000] {dag.py:3089} INFO - Sync 1 DAGs
[2025-01-18T06:47:39.594+0000] {logging_mixin.py:188} INFO - [2025-01-18T06:47:39.593+0000] {dag.py:3947} INFO - Setting next_dagrun for first_dag_with_taskflow_api to 2024-07-26 00:00:00+00:00, run_after=2024-07-27 00:00:00+00:00
[2025-01-18T06:47:39.624+0000] {processor.py:183} INFO - Processing /opt/airflow/dags/first_dag_py.py took 0.168 seconds
[2025-01-18T06:48:10.074+0000] {processor.py:161} INFO - Started process (PID=3254) to work on /opt/airflow/dags/first_dag_py.py
[2025-01-18T06:48:10.081+0000] {processor.py:830} INFO - Processing file /opt/airflow/dags/first_dag_py.py for tasks to queue
[2025-01-18T06:48:10.089+0000] {logging_mixin.py:188} INFO - [2025-01-18T06:48:10.088+0000] {dagbag.py:545} INFO - Filling up the DagBag from /opt/airflow/dags/first_dag_py.py
[2025-01-18T06:48:10.109+0000] {processor.py:840} INFO - DAG(s) 'first_dag_with_taskflow_api' retrieved from /opt/airflow/dags/first_dag_py.py
[2025-01-18T06:48:10.130+0000] {logging_mixin.py:188} INFO - [2025-01-18T06:48:10.130+0000] {dag.py:3089} INFO - Sync 1 DAGs
[2025-01-18T06:48:10.148+0000] {logging_mixin.py:188} INFO - [2025-01-18T06:48:10.148+0000] {dag.py:3947} INFO - Setting next_dagrun for first_dag_with_taskflow_api to 2024-07-26 00:00:00+00:00, run_after=2024-07-27 00:00:00+00:00
[2025-01-18T06:48:10.181+0000] {processor.py:183} INFO - Processing /opt/airflow/dags/first_dag_py.py took 0.118 seconds
[2025-01-18T06:48:40.674+0000] {processor.py:161} INFO - Started process (PID=3825) to work on /opt/airflow/dags/first_dag_py.py
[2025-01-18T06:48:40.676+0000] {processor.py:830} INFO - Processing file /opt/airflow/dags/first_dag_py.py for tasks to queue
[2025-01-18T06:48:40.679+0000] {logging_mixin.py:188} INFO - [2025-01-18T06:48:40.679+0000] {dagbag.py:545} INFO - Filling up the DagBag from /opt/airflow/dags/first_dag_py.py
[2025-01-18T06:48:40.697+0000] {processor.py:840} INFO - DAG(s) 'first_dag_with_taskflow_api' retrieved from /opt/airflow/dags/first_dag_py.py
[2025-01-18T06:48:40.713+0000] {logging_mixin.py:188} INFO - [2025-01-18T06:48:40.713+0000] {dag.py:3089} INFO - Sync 1 DAGs
[2025-01-18T06:48:40.727+0000] {logging_mixin.py:188} INFO - [2025-01-18T06:48:40.726+0000] {dag.py:3947} INFO - Setting next_dagrun for first_dag_with_taskflow_api to 2024-07-26 00:00:00+00:00, run_after=2024-07-27 00:00:00+00:00
[2025-01-18T06:48:40.741+0000] {processor.py:183} INFO - Processing /opt/airflow/dags/first_dag_py.py took 0.074 seconds
[2025-01-18T06:49:11.197+0000] {processor.py:161} INFO - Started process (PID=4102) to work on /opt/airflow/dags/first_dag_py.py
[2025-01-18T06:49:11.198+0000] {processor.py:830} INFO - Processing file /opt/airflow/dags/first_dag_py.py for tasks to queue
[2025-01-18T06:49:11.199+0000] {logging_mixin.py:188} INFO - [2025-01-18T06:49:11.199+0000] {dagbag.py:545} INFO - Filling up the DagBag from /opt/airflow/dags/first_dag_py.py
[2025-01-18T06:49:11.211+0000] {processor.py:840} INFO - DAG(s) 'first_dag_with_taskflow_api' retrieved from /opt/airflow/dags/first_dag_py.py
[2025-01-18T06:49:11.226+0000] {logging_mixin.py:188} INFO - [2025-01-18T06:49:11.226+0000] {dag.py:3089} INFO - Sync 1 DAGs
[2025-01-18T06:49:11.238+0000] {logging_mixin.py:188} INFO - [2025-01-18T06:49:11.238+0000] {dag.py:3947} INFO - Setting next_dagrun for first_dag_with_taskflow_api to 2024-07-26 00:00:00+00:00, run_after=2024-07-27 00:00:00+00:00
[2025-01-18T06:49:11.249+0000] {processor.py:183} INFO - Processing /opt/airflow/dags/first_dag_py.py took 0.057 seconds
[2025-01-18T06:49:42.061+0000] {processor.py:161} INFO - Started process (PID=4379) to work on /opt/airflow/dags/first_dag_py.py
[2025-01-18T06:49:42.062+0000] {processor.py:830} INFO - Processing file /opt/airflow/dags/first_dag_py.py for tasks to queue
[2025-01-18T06:49:42.065+0000] {logging_mixin.py:188} INFO - [2025-01-18T06:49:42.064+0000] {dagbag.py:545} INFO - Filling up the DagBag from /opt/airflow/dags/first_dag_py.py
[2025-01-18T06:49:42.083+0000] {processor.py:840} INFO - DAG(s) 'first_dag_with_taskflow_api' retrieved from /opt/airflow/dags/first_dag_py.py
[2025-01-18T06:49:42.100+0000] {logging_mixin.py:188} INFO - [2025-01-18T06:49:42.100+0000] {dag.py:3089} INFO - Sync 1 DAGs
[2025-01-18T06:49:42.112+0000] {logging_mixin.py:188} INFO - [2025-01-18T06:49:42.112+0000] {dag.py:3947} INFO - Setting next_dagrun for first_dag_with_taskflow_api to 2024-07-26 00:00:00+00:00, run_after=2024-07-27 00:00:00+00:00
[2025-01-18T06:49:42.126+0000] {processor.py:183} INFO - Processing /opt/airflow/dags/first_dag_py.py took 0.077 seconds
[2025-01-18T06:50:12.802+0000] {processor.py:161} INFO - Started process (PID=4656) to work on /opt/airflow/dags/first_dag_py.py
[2025-01-18T06:50:12.803+0000] {processor.py:830} INFO - Processing file /opt/airflow/dags/first_dag_py.py for tasks to queue
[2025-01-18T06:50:12.804+0000] {logging_mixin.py:188} INFO - [2025-01-18T06:50:12.804+0000] {dagbag.py:545} INFO - Filling up the DagBag from /opt/airflow/dags/first_dag_py.py
[2025-01-18T06:50:12.820+0000] {processor.py:840} INFO - DAG(s) 'first_dag_with_taskflow_api' retrieved from /opt/airflow/dags/first_dag_py.py
[2025-01-18T06:50:12.837+0000] {logging_mixin.py:188} INFO - [2025-01-18T06:50:12.837+0000] {dag.py:3089} INFO - Sync 1 DAGs
[2025-01-18T06:50:12.852+0000] {logging_mixin.py:188} INFO - [2025-01-18T06:50:12.852+0000] {dag.py:3947} INFO - Setting next_dagrun for first_dag_with_taskflow_api to 2024-07-26 00:00:00+00:00, run_after=2024-07-27 00:00:00+00:00
[2025-01-18T06:50:12.872+0000] {processor.py:183} INFO - Processing /opt/airflow/dags/first_dag_py.py took 0.075 seconds
[2025-01-18T06:50:43.721+0000] {processor.py:161} INFO - Started process (PID=4933) to work on /opt/airflow/dags/first_dag_py.py
[2025-01-18T06:50:43.722+0000] {processor.py:830} INFO - Processing file /opt/airflow/dags/first_dag_py.py for tasks to queue
[2025-01-18T06:50:43.724+0000] {logging_mixin.py:188} INFO - [2025-01-18T06:50:43.724+0000] {dagbag.py:545} INFO - Filling up the DagBag from /opt/airflow/dags/first_dag_py.py
[2025-01-18T06:50:43.739+0000] {processor.py:840} INFO - DAG(s) 'first_dag_with_taskflow_api' retrieved from /opt/airflow/dags/first_dag_py.py
[2025-01-18T06:50:43.756+0000] {logging_mixin.py:188} INFO - [2025-01-18T06:50:43.756+0000] {dag.py:3089} INFO - Sync 1 DAGs
[2025-01-18T06:50:43.770+0000] {logging_mixin.py:188} INFO - [2025-01-18T06:50:43.770+0000] {dag.py:3947} INFO - Setting next_dagrun for first_dag_with_taskflow_api to 2024-07-26 00:00:00+00:00, run_after=2024-07-27 00:00:00+00:00
[2025-01-18T06:50:43.784+0000] {processor.py:183} INFO - Processing /opt/airflow/dags/first_dag_py.py took 0.068 seconds
[2025-01-18T06:51:14.695+0000] {processor.py:161} INFO - Started process (PID=5210) to work on /opt/airflow/dags/first_dag_py.py
[2025-01-18T06:51:14.696+0000] {processor.py:830} INFO - Processing file /opt/airflow/dags/first_dag_py.py for tasks to queue
[2025-01-18T06:51:14.697+0000] {logging_mixin.py:188} INFO - [2025-01-18T06:51:14.697+0000] {dagbag.py:545} INFO - Filling up the DagBag from /opt/airflow/dags/first_dag_py.py
[2025-01-18T06:51:14.711+0000] {processor.py:840} INFO - DAG(s) 'first_dag_with_taskflow_api' retrieved from /opt/airflow/dags/first_dag_py.py
[2025-01-18T06:51:14.728+0000] {logging_mixin.py:188} INFO - [2025-01-18T06:51:14.728+0000] {dag.py:3089} INFO - Sync 1 DAGs
[2025-01-18T06:51:14.743+0000] {logging_mixin.py:188} INFO - [2025-01-18T06:51:14.743+0000] {dag.py:3947} INFO - Setting next_dagrun for first_dag_with_taskflow_api to 2024-07-26 00:00:00+00:00, run_after=2024-07-27 00:00:00+00:00
[2025-01-18T06:51:14.758+0000] {processor.py:183} INFO - Processing /opt/airflow/dags/first_dag_py.py took 0.070 seconds
[2025-01-18T06:51:45.660+0000] {processor.py:161} INFO - Started process (PID=5487) to work on /opt/airflow/dags/first_dag_py.py
[2025-01-18T06:51:45.661+0000] {processor.py:830} INFO - Processing file /opt/airflow/dags/first_dag_py.py for tasks to queue
[2025-01-18T06:51:45.664+0000] {logging_mixin.py:188} INFO - [2025-01-18T06:51:45.663+0000] {dagbag.py:545} INFO - Filling up the DagBag from /opt/airflow/dags/first_dag_py.py
[2025-01-18T06:51:45.685+0000] {processor.py:840} INFO - DAG(s) 'first_dag_with_taskflow_api' retrieved from /opt/airflow/dags/first_dag_py.py
[2025-01-18T06:51:45.710+0000] {logging_mixin.py:188} INFO - [2025-01-18T06:51:45.710+0000] {dag.py:3089} INFO - Sync 1 DAGs
[2025-01-18T06:51:45.729+0000] {logging_mixin.py:188} INFO - [2025-01-18T06:51:45.729+0000] {dag.py:3947} INFO - Setting next_dagrun for first_dag_with_taskflow_api to 2024-07-26 00:00:00+00:00, run_after=2024-07-27 00:00:00+00:00
[2025-01-18T06:51:45.750+0000] {processor.py:183} INFO - Processing /opt/airflow/dags/first_dag_py.py took 0.099 seconds
[2025-01-18T06:52:15.910+0000] {processor.py:161} INFO - Started process (PID=5764) to work on /opt/airflow/dags/first_dag_py.py
[2025-01-18T06:52:15.912+0000] {processor.py:830} INFO - Processing file /opt/airflow/dags/first_dag_py.py for tasks to queue
[2025-01-18T06:52:15.914+0000] {logging_mixin.py:188} INFO - [2025-01-18T06:52:15.914+0000] {dagbag.py:545} INFO - Filling up the DagBag from /opt/airflow/dags/first_dag_py.py
[2025-01-18T06:52:15.933+0000] {processor.py:840} INFO - DAG(s) 'first_dag_with_taskflow_api' retrieved from /opt/airflow/dags/first_dag_py.py
[2025-01-18T06:52:15.954+0000] {logging_mixin.py:188} INFO - [2025-01-18T06:52:15.954+0000] {dag.py:3089} INFO - Sync 1 DAGs
[2025-01-18T06:52:15.967+0000] {logging_mixin.py:188} INFO - [2025-01-18T06:52:15.967+0000] {dag.py:3947} INFO - Setting next_dagrun for first_dag_with_taskflow_api to 2024-07-26 00:00:00+00:00, run_after=2024-07-27 00:00:00+00:00
[2025-01-18T06:52:15.981+0000] {processor.py:183} INFO - Processing /opt/airflow/dags/first_dag_py.py took 0.078 seconds
[2025-01-18T06:52:46.865+0000] {processor.py:161} INFO - Started process (PID=6041) to work on /opt/airflow/dags/first_dag_py.py
[2025-01-18T06:52:46.866+0000] {processor.py:830} INFO - Processing file /opt/airflow/dags/first_dag_py.py for tasks to queue
[2025-01-18T06:52:46.867+0000] {logging_mixin.py:188} INFO - [2025-01-18T06:52:46.867+0000] {dagbag.py:545} INFO - Filling up the DagBag from /opt/airflow/dags/first_dag_py.py
[2025-01-18T06:52:46.882+0000] {processor.py:840} INFO - DAG(s) 'first_dag_with_taskflow_api' retrieved from /opt/airflow/dags/first_dag_py.py
[2025-01-18T06:52:46.904+0000] {logging_mixin.py:188} INFO - [2025-01-18T06:52:46.904+0000] {dag.py:3089} INFO - Sync 1 DAGs
[2025-01-18T06:52:46.918+0000] {logging_mixin.py:188} INFO - [2025-01-18T06:52:46.918+0000] {dag.py:3947} INFO - Setting next_dagrun for first_dag_with_taskflow_api to 2024-07-26 00:00:00+00:00, run_after=2024-07-27 00:00:00+00:00
[2025-01-18T06:52:46.934+0000] {processor.py:183} INFO - Processing /opt/airflow/dags/first_dag_py.py took 0.073 seconds
[2025-01-18T06:53:17.772+0000] {processor.py:161} INFO - Started process (PID=6318) to work on /opt/airflow/dags/first_dag_py.py
[2025-01-18T06:53:17.774+0000] {processor.py:830} INFO - Processing file /opt/airflow/dags/first_dag_py.py for tasks to queue
[2025-01-18T06:53:17.775+0000] {logging_mixin.py:188} INFO - [2025-01-18T06:53:17.775+0000] {dagbag.py:545} INFO - Filling up the DagBag from /opt/airflow/dags/first_dag_py.py
[2025-01-18T06:53:17.788+0000] {processor.py:840} INFO - DAG(s) 'first_dag_with_taskflow_api' retrieved from /opt/airflow/dags/first_dag_py.py
[2025-01-18T06:53:17.802+0000] {logging_mixin.py:188} INFO - [2025-01-18T06:53:17.802+0000] {dag.py:3089} INFO - Sync 1 DAGs
[2025-01-18T06:53:17.814+0000] {logging_mixin.py:188} INFO - [2025-01-18T06:53:17.814+0000] {dag.py:3947} INFO - Setting next_dagrun for first_dag_with_taskflow_api to 2024-07-26 00:00:00+00:00, run_after=2024-07-27 00:00:00+00:00
[2025-01-18T06:53:17.826+0000] {processor.py:183} INFO - Processing /opt/airflow/dags/first_dag_py.py took 0.058 seconds
[2025-01-18T06:53:50.674+0000] {processor.py:161} INFO - Started process (PID=6595) to work on /opt/airflow/dags/first_dag_py.py
[2025-01-18T06:53:50.675+0000] {processor.py:830} INFO - Processing file /opt/airflow/dags/first_dag_py.py for tasks to queue
[2025-01-18T06:53:50.677+0000] {logging_mixin.py:188} INFO - [2025-01-18T06:53:50.677+0000] {dagbag.py:545} INFO - Filling up the DagBag from /opt/airflow/dags/first_dag_py.py
[2025-01-18T06:53:50.693+0000] {processor.py:840} INFO - DAG(s) 'first_dag_with_taskflow_api' retrieved from /opt/airflow/dags/first_dag_py.py
[2025-01-18T06:53:50.709+0000] {logging_mixin.py:188} INFO - [2025-01-18T06:53:50.709+0000] {dag.py:3089} INFO - Sync 1 DAGs
[2025-01-18T06:53:50.722+0000] {logging_mixin.py:188} INFO - [2025-01-18T06:53:50.722+0000] {dag.py:3947} INFO - Setting next_dagrun for first_dag_with_taskflow_api to 2024-07-26 00:00:00+00:00, run_after=2024-07-27 00:00:00+00:00
[2025-01-18T06:53:50.735+0000] {processor.py:183} INFO - Processing /opt/airflow/dags/first_dag_py.py took 0.069 seconds
[2025-01-18T06:54:21.258+0000] {processor.py:161} INFO - Started process (PID=6872) to work on /opt/airflow/dags/first_dag_py.py
[2025-01-18T06:54:21.259+0000] {processor.py:830} INFO - Processing file /opt/airflow/dags/first_dag_py.py for tasks to queue
[2025-01-18T06:54:21.262+0000] {logging_mixin.py:188} INFO - [2025-01-18T06:54:21.262+0000] {dagbag.py:545} INFO - Filling up the DagBag from /opt/airflow/dags/first_dag_py.py
[2025-01-18T06:54:21.276+0000] {processor.py:840} INFO - DAG(s) 'first_dag_with_taskflow_api' retrieved from /opt/airflow/dags/first_dag_py.py
[2025-01-18T06:54:21.294+0000] {logging_mixin.py:188} INFO - [2025-01-18T06:54:21.294+0000] {dag.py:3089} INFO - Sync 1 DAGs
[2025-01-18T06:54:21.308+0000] {logging_mixin.py:188} INFO - [2025-01-18T06:54:21.308+0000] {dag.py:3947} INFO - Setting next_dagrun for first_dag_with_taskflow_api to 2024-07-26 00:00:00+00:00, run_after=2024-07-27 00:00:00+00:00
[2025-01-18T06:54:21.327+0000] {processor.py:183} INFO - Processing /opt/airflow/dags/first_dag_py.py took 0.079 seconds
[2025-01-18T06:54:51.948+0000] {processor.py:161} INFO - Started process (PID=7149) to work on /opt/airflow/dags/first_dag_py.py
[2025-01-18T06:54:51.949+0000] {processor.py:830} INFO - Processing file /opt/airflow/dags/first_dag_py.py for tasks to queue
[2025-01-18T06:54:51.952+0000] {logging_mixin.py:188} INFO - [2025-01-18T06:54:51.951+0000] {dagbag.py:545} INFO - Filling up the DagBag from /opt/airflow/dags/first_dag_py.py
[2025-01-18T06:54:51.968+0000] {processor.py:840} INFO - DAG(s) 'first_dag_with_taskflow_api' retrieved from /opt/airflow/dags/first_dag_py.py
[2025-01-18T06:54:51.985+0000] {logging_mixin.py:188} INFO - [2025-01-18T06:54:51.984+0000] {dag.py:3089} INFO - Sync 1 DAGs
[2025-01-18T06:54:51.999+0000] {logging_mixin.py:188} INFO - [2025-01-18T06:54:51.998+0000] {dag.py:3947} INFO - Setting next_dagrun for first_dag_with_taskflow_api to 2024-07-26 00:00:00+00:00, run_after=2024-07-27 00:00:00+00:00
[2025-01-18T06:54:52.011+0000] {processor.py:183} INFO - Processing /opt/airflow/dags/first_dag_py.py took 0.074 seconds
[2025-01-18T06:55:23.035+0000] {processor.py:161} INFO - Started process (PID=7426) to work on /opt/airflow/dags/first_dag_py.py
[2025-01-18T06:55:23.036+0000] {processor.py:830} INFO - Processing file /opt/airflow/dags/first_dag_py.py for tasks to queue
[2025-01-18T06:55:23.037+0000] {logging_mixin.py:188} INFO - [2025-01-18T06:55:23.037+0000] {dagbag.py:545} INFO - Filling up the DagBag from /opt/airflow/dags/first_dag_py.py
[2025-01-18T06:55:23.056+0000] {processor.py:840} INFO - DAG(s) 'first_dag_with_taskflow_api' retrieved from /opt/airflow/dags/first_dag_py.py
[2025-01-18T06:55:23.072+0000] {logging_mixin.py:188} INFO - [2025-01-18T06:55:23.072+0000] {dag.py:3089} INFO - Sync 1 DAGs
[2025-01-18T06:55:23.087+0000] {logging_mixin.py:188} INFO - [2025-01-18T06:55:23.087+0000] {dag.py:3947} INFO - Setting next_dagrun for first_dag_with_taskflow_api to 2024-07-26 00:00:00+00:00, run_after=2024-07-27 00:00:00+00:00
[2025-01-18T06:55:23.099+0000] {processor.py:183} INFO - Processing /opt/airflow/dags/first_dag_py.py took 0.077 seconds
[2025-01-18T06:55:53.915+0000] {processor.py:161} INFO - Started process (PID=7703) to work on /opt/airflow/dags/first_dag_py.py
[2025-01-18T06:55:53.916+0000] {processor.py:830} INFO - Processing file /opt/airflow/dags/first_dag_py.py for tasks to queue
[2025-01-18T06:55:53.917+0000] {logging_mixin.py:188} INFO - [2025-01-18T06:55:53.917+0000] {dagbag.py:545} INFO - Filling up the DagBag from /opt/airflow/dags/first_dag_py.py
[2025-01-18T06:55:53.931+0000] {processor.py:840} INFO - DAG(s) 'first_dag_with_taskflow_api' retrieved from /opt/airflow/dags/first_dag_py.py
[2025-01-18T06:55:53.946+0000] {logging_mixin.py:188} INFO - [2025-01-18T06:55:53.946+0000] {dag.py:3089} INFO - Sync 1 DAGs
[2025-01-18T06:55:53.958+0000] {logging_mixin.py:188} INFO - [2025-01-18T06:55:53.958+0000] {dag.py:3947} INFO - Setting next_dagrun for first_dag_with_taskflow_api to 2024-07-26 00:00:00+00:00, run_after=2024-07-27 00:00:00+00:00
[2025-01-18T06:55:53.969+0000] {processor.py:183} INFO - Processing /opt/airflow/dags/first_dag_py.py took 0.061 seconds
[2025-01-18T06:56:26.245+0000] {processor.py:161} INFO - Started process (PID=7980) to work on /opt/airflow/dags/first_dag_py.py
[2025-01-18T06:56:26.246+0000] {processor.py:830} INFO - Processing file /opt/airflow/dags/first_dag_py.py for tasks to queue
[2025-01-18T06:56:26.247+0000] {logging_mixin.py:188} INFO - [2025-01-18T06:56:26.247+0000] {dagbag.py:545} INFO - Filling up the DagBag from /opt/airflow/dags/first_dag_py.py
[2025-01-18T06:56:26.260+0000] {processor.py:840} INFO - DAG(s) 'first_dag_with_taskflow_api' retrieved from /opt/airflow/dags/first_dag_py.py
[2025-01-18T06:56:26.274+0000] {logging_mixin.py:188} INFO - [2025-01-18T06:56:26.274+0000] {dag.py:3089} INFO - Sync 1 DAGs
[2025-01-18T06:56:26.287+0000] {logging_mixin.py:188} INFO - [2025-01-18T06:56:26.286+0000] {dag.py:3947} INFO - Setting next_dagrun for first_dag_with_taskflow_api to 2024-07-26 00:00:00+00:00, run_after=2024-07-27 00:00:00+00:00
[2025-01-18T06:56:26.299+0000] {processor.py:183} INFO - Processing /opt/airflow/dags/first_dag_py.py took 0.060 seconds
[2025-01-18T06:56:57.391+0000] {processor.py:161} INFO - Started process (PID=8257) to work on /opt/airflow/dags/first_dag_py.py
[2025-01-18T06:56:57.393+0000] {processor.py:830} INFO - Processing file /opt/airflow/dags/first_dag_py.py for tasks to queue
[2025-01-18T06:56:57.395+0000] {logging_mixin.py:188} INFO - [2025-01-18T06:56:57.395+0000] {dagbag.py:545} INFO - Filling up the DagBag from /opt/airflow/dags/first_dag_py.py
[2025-01-18T06:56:57.413+0000] {processor.py:840} INFO - DAG(s) 'first_dag_with_taskflow_api' retrieved from /opt/airflow/dags/first_dag_py.py
[2025-01-18T06:56:57.430+0000] {logging_mixin.py:188} INFO - [2025-01-18T06:56:57.430+0000] {dag.py:3089} INFO - Sync 1 DAGs
[2025-01-18T06:56:57.446+0000] {logging_mixin.py:188} INFO - [2025-01-18T06:56:57.446+0000] {dag.py:3947} INFO - Setting next_dagrun for first_dag_with_taskflow_api to 2024-07-26 00:00:00+00:00, run_after=2024-07-27 00:00:00+00:00
[2025-01-18T06:56:57.459+0000] {processor.py:183} INFO - Processing /opt/airflow/dags/first_dag_py.py took 0.077 seconds
[2025-01-18T06:57:28.354+0000] {processor.py:161} INFO - Started process (PID=8534) to work on /opt/airflow/dags/first_dag_py.py
[2025-01-18T06:57:28.355+0000] {processor.py:830} INFO - Processing file /opt/airflow/dags/first_dag_py.py for tasks to queue
[2025-01-18T06:57:28.357+0000] {logging_mixin.py:188} INFO - [2025-01-18T06:57:28.357+0000] {dagbag.py:545} INFO - Filling up the DagBag from /opt/airflow/dags/first_dag_py.py
[2025-01-18T06:57:28.380+0000] {processor.py:840} INFO - DAG(s) 'first_dag_with_taskflow_api' retrieved from /opt/airflow/dags/first_dag_py.py
[2025-01-18T06:57:28.402+0000] {logging_mixin.py:188} INFO - [2025-01-18T06:57:28.402+0000] {dag.py:3089} INFO - Sync 1 DAGs
[2025-01-18T06:57:28.419+0000] {logging_mixin.py:188} INFO - [2025-01-18T06:57:28.419+0000] {dag.py:3947} INFO - Setting next_dagrun for first_dag_with_taskflow_api to 2024-07-26 00:00:00+00:00, run_after=2024-07-27 00:00:00+00:00
[2025-01-18T06:57:28.434+0000] {processor.py:183} INFO - Processing /opt/airflow/dags/first_dag_py.py took 0.086 seconds
[2025-01-18T06:57:58.875+0000] {processor.py:161} INFO - Started process (PID=8811) to work on /opt/airflow/dags/first_dag_py.py
[2025-01-18T06:57:58.876+0000] {processor.py:830} INFO - Processing file /opt/airflow/dags/first_dag_py.py for tasks to queue
[2025-01-18T06:57:58.879+0000] {logging_mixin.py:188} INFO - [2025-01-18T06:57:58.878+0000] {dagbag.py:545} INFO - Filling up the DagBag from /opt/airflow/dags/first_dag_py.py
[2025-01-18T06:57:58.904+0000] {processor.py:840} INFO - DAG(s) 'first_dag_with_taskflow_api' retrieved from /opt/airflow/dags/first_dag_py.py
[2025-01-18T06:57:58.925+0000] {logging_mixin.py:188} INFO - [2025-01-18T06:57:58.925+0000] {dag.py:3089} INFO - Sync 1 DAGs
[2025-01-18T06:57:58.942+0000] {logging_mixin.py:188} INFO - [2025-01-18T06:57:58.942+0000] {dag.py:3947} INFO - Setting next_dagrun for first_dag_with_taskflow_api to 2024-07-26 00:00:00+00:00, run_after=2024-07-27 00:00:00+00:00
[2025-01-18T06:57:58.964+0000] {processor.py:183} INFO - Processing /opt/airflow/dags/first_dag_py.py took 0.100 seconds
[2025-01-18T06:58:29.344+0000] {processor.py:161} INFO - Started process (PID=9088) to work on /opt/airflow/dags/first_dag_py.py
[2025-01-18T06:58:29.344+0000] {processor.py:830} INFO - Processing file /opt/airflow/dags/first_dag_py.py for tasks to queue
[2025-01-18T06:58:29.346+0000] {logging_mixin.py:188} INFO - [2025-01-18T06:58:29.346+0000] {dagbag.py:545} INFO - Filling up the DagBag from /opt/airflow/dags/first_dag_py.py
[2025-01-18T06:58:29.360+0000] {processor.py:840} INFO - DAG(s) 'first_dag_with_taskflow_api' retrieved from /opt/airflow/dags/first_dag_py.py
[2025-01-18T06:58:29.377+0000] {logging_mixin.py:188} INFO - [2025-01-18T06:58:29.377+0000] {dag.py:3089} INFO - Sync 1 DAGs
[2025-01-18T06:58:29.391+0000] {logging_mixin.py:188} INFO - [2025-01-18T06:58:29.391+0000] {dag.py:3947} INFO - Setting next_dagrun for first_dag_with_taskflow_api to 2024-07-26 00:00:00+00:00, run_after=2024-07-27 00:00:00+00:00
[2025-01-18T06:58:29.411+0000] {processor.py:183} INFO - Processing /opt/airflow/dags/first_dag_py.py took 0.072 seconds
[2025-01-18T06:59:00.814+0000] {processor.py:161} INFO - Started process (PID=9365) to work on /opt/airflow/dags/first_dag_py.py
[2025-01-18T06:59:00.816+0000] {processor.py:830} INFO - Processing file /opt/airflow/dags/first_dag_py.py for tasks to queue
[2025-01-18T06:59:00.819+0000] {logging_mixin.py:188} INFO - [2025-01-18T06:59:00.818+0000] {dagbag.py:545} INFO - Filling up the DagBag from /opt/airflow/dags/first_dag_py.py
[2025-01-18T06:59:00.840+0000] {processor.py:840} INFO - DAG(s) 'first_dag_with_taskflow_api' retrieved from /opt/airflow/dags/first_dag_py.py
[2025-01-18T06:59:00.866+0000] {logging_mixin.py:188} INFO - [2025-01-18T06:59:00.866+0000] {dag.py:3089} INFO - Sync 1 DAGs
[2025-01-18T06:59:00.879+0000] {logging_mixin.py:188} INFO - [2025-01-18T06:59:00.879+0000] {dag.py:3947} INFO - Setting next_dagrun for first_dag_with_taskflow_api to 2024-07-26 00:00:00+00:00, run_after=2024-07-27 00:00:00+00:00
[2025-01-18T06:59:00.893+0000] {processor.py:183} INFO - Processing /opt/airflow/dags/first_dag_py.py took 0.090 seconds
[2025-01-18T06:59:46.432+0000] {processor.py:161} INFO - Started process (PID=9647) to work on /opt/airflow/dags/first_dag_py.py
[2025-01-18T06:59:46.433+0000] {processor.py:830} INFO - Processing file /opt/airflow/dags/first_dag_py.py for tasks to queue
[2025-01-18T06:59:46.439+0000] {logging_mixin.py:188} INFO - [2025-01-18T06:59:46.438+0000] {dagbag.py:545} INFO - Filling up the DagBag from /opt/airflow/dags/first_dag_py.py
[2025-01-18T06:59:46.453+0000] {processor.py:840} INFO - DAG(s) 'first_dag_with_taskflow_api' retrieved from /opt/airflow/dags/first_dag_py.py
[2025-01-18T06:59:46.470+0000] {logging_mixin.py:188} INFO - [2025-01-18T06:59:46.470+0000] {dag.py:3089} INFO - Sync 1 DAGs
[2025-01-18T06:59:46.483+0000] {logging_mixin.py:188} INFO - [2025-01-18T06:59:46.482+0000] {dag.py:3947} INFO - Setting next_dagrun for first_dag_with_taskflow_api to 2024-07-26 00:00:00+00:00, run_after=2024-07-27 00:00:00+00:00
[2025-01-18T06:59:46.495+0000] {processor.py:183} INFO - Processing /opt/airflow/dags/first_dag_py.py took 0.068 seconds
[2025-01-18T07:00:16.839+0000] {processor.py:161} INFO - Started process (PID=9924) to work on /opt/airflow/dags/first_dag_py.py
[2025-01-18T07:00:16.841+0000] {processor.py:830} INFO - Processing file /opt/airflow/dags/first_dag_py.py for tasks to queue
[2025-01-18T07:00:16.843+0000] {logging_mixin.py:188} INFO - [2025-01-18T07:00:16.843+0000] {dagbag.py:545} INFO - Filling up the DagBag from /opt/airflow/dags/first_dag_py.py
[2025-01-18T07:00:16.861+0000] {processor.py:840} INFO - DAG(s) 'first_dag_with_taskflow_api' retrieved from /opt/airflow/dags/first_dag_py.py
[2025-01-18T07:00:16.876+0000] {logging_mixin.py:188} INFO - [2025-01-18T07:00:16.876+0000] {dag.py:3089} INFO - Sync 1 DAGs
[2025-01-18T07:00:16.892+0000] {logging_mixin.py:188} INFO - [2025-01-18T07:00:16.892+0000] {dag.py:3947} INFO - Setting next_dagrun for first_dag_with_taskflow_api to 2024-07-26 00:00:00+00:00, run_after=2024-07-27 00:00:00+00:00
[2025-01-18T07:00:16.912+0000] {processor.py:183} INFO - Processing /opt/airflow/dags/first_dag_py.py took 0.084 seconds
[2025-01-18T07:00:47.005+0000] {processor.py:161} INFO - Started process (PID=10201) to work on /opt/airflow/dags/first_dag_py.py
[2025-01-18T07:00:47.006+0000] {processor.py:830} INFO - Processing file /opt/airflow/dags/first_dag_py.py for tasks to queue
[2025-01-18T07:00:47.014+0000] {logging_mixin.py:188} INFO - [2025-01-18T07:00:47.014+0000] {dagbag.py:545} INFO - Filling up the DagBag from /opt/airflow/dags/first_dag_py.py
[2025-01-18T07:00:47.027+0000] {processor.py:840} INFO - DAG(s) 'first_dag_with_taskflow_api' retrieved from /opt/airflow/dags/first_dag_py.py
[2025-01-18T07:00:47.048+0000] {logging_mixin.py:188} INFO - [2025-01-18T07:00:47.048+0000] {dag.py:3089} INFO - Sync 1 DAGs
[2025-01-18T07:00:47.065+0000] {logging_mixin.py:188} INFO - [2025-01-18T07:00:47.065+0000] {dag.py:3947} INFO - Setting next_dagrun for first_dag_with_taskflow_api to 2024-07-26 00:00:00+00:00, run_after=2024-07-27 00:00:00+00:00
[2025-01-18T07:00:47.078+0000] {processor.py:183} INFO - Processing /opt/airflow/dags/first_dag_py.py took 0.079 seconds
[2025-01-18T07:01:17.448+0000] {processor.py:161} INFO - Started process (PID=10478) to work on /opt/airflow/dags/first_dag_py.py
[2025-01-18T07:01:17.450+0000] {processor.py:830} INFO - Processing file /opt/airflow/dags/first_dag_py.py for tasks to queue
[2025-01-18T07:01:17.454+0000] {logging_mixin.py:188} INFO - [2025-01-18T07:01:17.453+0000] {dagbag.py:545} INFO - Filling up the DagBag from /opt/airflow/dags/first_dag_py.py
[2025-01-18T07:01:17.480+0000] {processor.py:840} INFO - DAG(s) 'first_dag_with_taskflow_api' retrieved from /opt/airflow/dags/first_dag_py.py
[2025-01-18T07:01:17.500+0000] {logging_mixin.py:188} INFO - [2025-01-18T07:01:17.500+0000] {dag.py:3089} INFO - Sync 1 DAGs
[2025-01-18T07:01:17.514+0000] {logging_mixin.py:188} INFO - [2025-01-18T07:01:17.514+0000] {dag.py:3947} INFO - Setting next_dagrun for first_dag_with_taskflow_api to 2024-07-26 00:00:00+00:00, run_after=2024-07-27 00:00:00+00:00
[2025-01-18T07:01:17.527+0000] {processor.py:183} INFO - Processing /opt/airflow/dags/first_dag_py.py took 0.089 seconds
[2025-01-18T07:01:47.746+0000] {processor.py:161} INFO - Started process (PID=10755) to work on /opt/airflow/dags/first_dag_py.py
[2025-01-18T07:01:47.747+0000] {processor.py:830} INFO - Processing file /opt/airflow/dags/first_dag_py.py for tasks to queue
[2025-01-18T07:01:47.749+0000] {logging_mixin.py:188} INFO - [2025-01-18T07:01:47.749+0000] {dagbag.py:545} INFO - Filling up the DagBag from /opt/airflow/dags/first_dag_py.py
[2025-01-18T07:01:47.768+0000] {processor.py:840} INFO - DAG(s) 'first_dag_with_taskflow_api' retrieved from /opt/airflow/dags/first_dag_py.py
[2025-01-18T07:01:47.782+0000] {logging_mixin.py:188} INFO - [2025-01-18T07:01:47.782+0000] {dag.py:3089} INFO - Sync 1 DAGs
[2025-01-18T07:01:47.794+0000] {logging_mixin.py:188} INFO - [2025-01-18T07:01:47.794+0000] {dag.py:3947} INFO - Setting next_dagrun for first_dag_with_taskflow_api to 2024-07-26 00:00:00+00:00, run_after=2024-07-27 00:00:00+00:00
[2025-01-18T07:01:47.807+0000] {processor.py:183} INFO - Processing /opt/airflow/dags/first_dag_py.py took 0.067 seconds
[2025-01-18T07:02:18.148+0000] {processor.py:161} INFO - Started process (PID=11037) to work on /opt/airflow/dags/first_dag_py.py
[2025-01-18T07:02:18.149+0000] {processor.py:830} INFO - Processing file /opt/airflow/dags/first_dag_py.py for tasks to queue
[2025-01-18T07:02:18.150+0000] {logging_mixin.py:188} INFO - [2025-01-18T07:02:18.150+0000] {dagbag.py:545} INFO - Filling up the DagBag from /opt/airflow/dags/first_dag_py.py
[2025-01-18T07:02:18.162+0000] {processor.py:840} INFO - DAG(s) 'first_dag_with_taskflow_api' retrieved from /opt/airflow/dags/first_dag_py.py
[2025-01-18T07:02:18.176+0000] {logging_mixin.py:188} INFO - [2025-01-18T07:02:18.176+0000] {dag.py:3089} INFO - Sync 1 DAGs
[2025-01-18T07:02:18.189+0000] {logging_mixin.py:188} INFO - [2025-01-18T07:02:18.189+0000] {dag.py:3947} INFO - Setting next_dagrun for first_dag_with_taskflow_api to 2024-07-26 00:00:00+00:00, run_after=2024-07-27 00:00:00+00:00
[2025-01-18T07:02:18.201+0000] {processor.py:183} INFO - Processing /opt/airflow/dags/first_dag_py.py took 0.057 seconds
[2025-01-18T07:02:48.275+0000] {processor.py:161} INFO - Started process (PID=11309) to work on /opt/airflow/dags/first_dag_py.py
[2025-01-18T07:02:48.276+0000] {processor.py:830} INFO - Processing file /opt/airflow/dags/first_dag_py.py for tasks to queue
[2025-01-18T07:02:48.279+0000] {logging_mixin.py:188} INFO - [2025-01-18T07:02:48.279+0000] {dagbag.py:545} INFO - Filling up the DagBag from /opt/airflow/dags/first_dag_py.py
[2025-01-18T07:02:48.294+0000] {processor.py:840} INFO - DAG(s) 'first_dag_with_taskflow_api' retrieved from /opt/airflow/dags/first_dag_py.py
[2025-01-18T07:02:48.310+0000] {logging_mixin.py:188} INFO - [2025-01-18T07:02:48.310+0000] {dag.py:3089} INFO - Sync 1 DAGs
[2025-01-18T07:02:48.324+0000] {logging_mixin.py:188} INFO - [2025-01-18T07:02:48.323+0000] {dag.py:3947} INFO - Setting next_dagrun for first_dag_with_taskflow_api to 2024-07-26 00:00:00+00:00, run_after=2024-07-27 00:00:00+00:00
[2025-01-18T07:02:48.335+0000] {processor.py:183} INFO - Processing /opt/airflow/dags/first_dag_py.py took 0.068 seconds
[2025-01-18T07:03:18.493+0000] {processor.py:161} INFO - Started process (PID=11587) to work on /opt/airflow/dags/first_dag_py.py
[2025-01-18T07:03:18.494+0000] {processor.py:830} INFO - Processing file /opt/airflow/dags/first_dag_py.py for tasks to queue
[2025-01-18T07:03:18.495+0000] {logging_mixin.py:188} INFO - [2025-01-18T07:03:18.495+0000] {dagbag.py:545} INFO - Filling up the DagBag from /opt/airflow/dags/first_dag_py.py
[2025-01-18T07:03:18.508+0000] {processor.py:840} INFO - DAG(s) 'first_dag_with_taskflow_api' retrieved from /opt/airflow/dags/first_dag_py.py
[2025-01-18T07:03:18.523+0000] {logging_mixin.py:188} INFO - [2025-01-18T07:03:18.523+0000] {dag.py:3089} INFO - Sync 1 DAGs
[2025-01-18T07:03:18.536+0000] {logging_mixin.py:188} INFO - [2025-01-18T07:03:18.536+0000] {dag.py:3947} INFO - Setting next_dagrun for first_dag_with_taskflow_api to 2024-07-26 00:00:00+00:00, run_after=2024-07-27 00:00:00+00:00
[2025-01-18T07:03:18.555+0000] {processor.py:183} INFO - Processing /opt/airflow/dags/first_dag_py.py took 0.066 seconds
[2025-01-18T07:03:48.693+0000] {processor.py:161} INFO - Started process (PID=11858) to work on /opt/airflow/dags/first_dag_py.py
[2025-01-18T07:03:48.694+0000] {processor.py:830} INFO - Processing file /opt/airflow/dags/first_dag_py.py for tasks to queue
[2025-01-18T07:03:48.696+0000] {logging_mixin.py:188} INFO - [2025-01-18T07:03:48.696+0000] {dagbag.py:545} INFO - Filling up the DagBag from /opt/airflow/dags/first_dag_py.py
[2025-01-18T07:03:48.717+0000] {processor.py:840} INFO - DAG(s) 'first_dag_with_taskflow_api' retrieved from /opt/airflow/dags/first_dag_py.py
[2025-01-18T07:03:48.738+0000] {logging_mixin.py:188} INFO - [2025-01-18T07:03:48.738+0000] {dag.py:3089} INFO - Sync 1 DAGs
[2025-01-18T07:03:48.754+0000] {logging_mixin.py:188} INFO - [2025-01-18T07:03:48.754+0000] {dag.py:3947} INFO - Setting next_dagrun for first_dag_with_taskflow_api to 2024-07-26 00:00:00+00:00, run_after=2024-07-27 00:00:00+00:00
[2025-01-18T07:03:48.769+0000] {processor.py:183} INFO - Processing /opt/airflow/dags/first_dag_py.py took 0.083 seconds
[2025-01-18T07:04:19.225+0000] {processor.py:161} INFO - Started process (PID=12136) to work on /opt/airflow/dags/first_dag_py.py
[2025-01-18T07:04:19.227+0000] {processor.py:830} INFO - Processing file /opt/airflow/dags/first_dag_py.py for tasks to queue
[2025-01-18T07:04:19.228+0000] {logging_mixin.py:188} INFO - [2025-01-18T07:04:19.228+0000] {dagbag.py:545} INFO - Filling up the DagBag from /opt/airflow/dags/first_dag_py.py
[2025-01-18T07:04:19.241+0000] {processor.py:840} INFO - DAG(s) 'first_dag_with_taskflow_api' retrieved from /opt/airflow/dags/first_dag_py.py
[2025-01-18T07:04:19.257+0000] {logging_mixin.py:188} INFO - [2025-01-18T07:04:19.256+0000] {dag.py:3089} INFO - Sync 1 DAGs
[2025-01-18T07:04:19.269+0000] {logging_mixin.py:188} INFO - [2025-01-18T07:04:19.269+0000] {dag.py:3947} INFO - Setting next_dagrun for first_dag_with_taskflow_api to 2024-07-26 00:00:00+00:00, run_after=2024-07-27 00:00:00+00:00
[2025-01-18T07:04:19.283+0000] {processor.py:183} INFO - Processing /opt/airflow/dags/first_dag_py.py took 0.063 seconds
[2025-01-18T07:04:49.362+0000] {processor.py:161} INFO - Started process (PID=12413) to work on /opt/airflow/dags/first_dag_py.py
[2025-01-18T07:04:49.363+0000] {processor.py:830} INFO - Processing file /opt/airflow/dags/first_dag_py.py for tasks to queue
[2025-01-18T07:04:49.364+0000] {logging_mixin.py:188} INFO - [2025-01-18T07:04:49.364+0000] {dagbag.py:545} INFO - Filling up the DagBag from /opt/airflow/dags/first_dag_py.py
[2025-01-18T07:04:49.380+0000] {processor.py:840} INFO - DAG(s) 'first_dag_with_taskflow_api' retrieved from /opt/airflow/dags/first_dag_py.py
[2025-01-18T07:04:49.395+0000] {logging_mixin.py:188} INFO - [2025-01-18T07:04:49.395+0000] {dag.py:3089} INFO - Sync 1 DAGs
[2025-01-18T07:04:49.409+0000] {logging_mixin.py:188} INFO - [2025-01-18T07:04:49.409+0000] {dag.py:3947} INFO - Setting next_dagrun for first_dag_with_taskflow_api to 2024-07-26 00:00:00+00:00, run_after=2024-07-27 00:00:00+00:00
[2025-01-18T07:04:49.453+0000] {processor.py:183} INFO - Processing /opt/airflow/dags/first_dag_py.py took 0.096 seconds
[2025-01-18T07:05:19.641+0000] {processor.py:161} INFO - Started process (PID=12690) to work on /opt/airflow/dags/first_dag_py.py
[2025-01-18T07:05:19.642+0000] {processor.py:830} INFO - Processing file /opt/airflow/dags/first_dag_py.py for tasks to queue
[2025-01-18T07:05:19.643+0000] {logging_mixin.py:188} INFO - [2025-01-18T07:05:19.643+0000] {dagbag.py:545} INFO - Filling up the DagBag from /opt/airflow/dags/first_dag_py.py
[2025-01-18T07:05:19.659+0000] {processor.py:840} INFO - DAG(s) 'first_dag_with_taskflow_api' retrieved from /opt/airflow/dags/first_dag_py.py
[2025-01-18T07:05:19.673+0000] {logging_mixin.py:188} INFO - [2025-01-18T07:05:19.673+0000] {dag.py:3089} INFO - Sync 1 DAGs
[2025-01-18T07:05:19.685+0000] {logging_mixin.py:188} INFO - [2025-01-18T07:05:19.685+0000] {dag.py:3947} INFO - Setting next_dagrun for first_dag_with_taskflow_api to 2024-07-26 00:00:00+00:00, run_after=2024-07-27 00:00:00+00:00
[2025-01-18T07:05:19.704+0000] {processor.py:183} INFO - Processing /opt/airflow/dags/first_dag_py.py took 0.067 seconds
[2025-01-18T07:05:49.938+0000] {processor.py:161} INFO - Started process (PID=12967) to work on /opt/airflow/dags/first_dag_py.py
[2025-01-18T07:05:49.940+0000] {processor.py:830} INFO - Processing file /opt/airflow/dags/first_dag_py.py for tasks to queue
[2025-01-18T07:05:49.942+0000] {logging_mixin.py:188} INFO - [2025-01-18T07:05:49.942+0000] {dagbag.py:545} INFO - Filling up the DagBag from /opt/airflow/dags/first_dag_py.py
[2025-01-18T07:05:49.958+0000] {processor.py:840} INFO - DAG(s) 'first_dag_with_taskflow_api' retrieved from /opt/airflow/dags/first_dag_py.py
[2025-01-18T07:05:49.981+0000] {logging_mixin.py:188} INFO - [2025-01-18T07:05:49.980+0000] {dag.py:3089} INFO - Sync 1 DAGs
[2025-01-18T07:05:50.006+0000] {logging_mixin.py:188} INFO - [2025-01-18T07:05:50.006+0000] {dag.py:3947} INFO - Setting next_dagrun for first_dag_with_taskflow_api to 2024-07-26 00:00:00+00:00, run_after=2024-07-27 00:00:00+00:00
[2025-01-18T07:05:50.025+0000] {processor.py:183} INFO - Processing /opt/airflow/dags/first_dag_py.py took 0.099 seconds
[2025-01-18T07:06:20.245+0000] {processor.py:161} INFO - Started process (PID=13244) to work on /opt/airflow/dags/first_dag_py.py
[2025-01-18T07:06:20.246+0000] {processor.py:830} INFO - Processing file /opt/airflow/dags/first_dag_py.py for tasks to queue
[2025-01-18T07:06:20.247+0000] {logging_mixin.py:188} INFO - [2025-01-18T07:06:20.247+0000] {dagbag.py:545} INFO - Filling up the DagBag from /opt/airflow/dags/first_dag_py.py
[2025-01-18T07:06:20.262+0000] {processor.py:840} INFO - DAG(s) 'first_dag_with_taskflow_api' retrieved from /opt/airflow/dags/first_dag_py.py
[2025-01-18T07:06:20.278+0000] {logging_mixin.py:188} INFO - [2025-01-18T07:06:20.278+0000] {dag.py:3089} INFO - Sync 1 DAGs
[2025-01-18T07:06:20.299+0000] {logging_mixin.py:188} INFO - [2025-01-18T07:06:20.299+0000] {dag.py:3947} INFO - Setting next_dagrun for first_dag_with_taskflow_api to 2024-07-26 00:00:00+00:00, run_after=2024-07-27 00:00:00+00:00
[2025-01-18T07:06:20.315+0000] {processor.py:183} INFO - Processing /opt/airflow/dags/first_dag_py.py took 0.074 seconds
[2025-01-18T07:06:50.487+0000] {processor.py:161} INFO - Started process (PID=13521) to work on /opt/airflow/dags/first_dag_py.py
[2025-01-18T07:06:50.488+0000] {processor.py:830} INFO - Processing file /opt/airflow/dags/first_dag_py.py for tasks to queue
[2025-01-18T07:06:50.490+0000] {logging_mixin.py:188} INFO - [2025-01-18T07:06:50.490+0000] {dagbag.py:545} INFO - Filling up the DagBag from /opt/airflow/dags/first_dag_py.py
[2025-01-18T07:06:50.504+0000] {processor.py:840} INFO - DAG(s) 'first_dag_with_taskflow_api' retrieved from /opt/airflow/dags/first_dag_py.py
[2025-01-18T07:06:50.520+0000] {logging_mixin.py:188} INFO - [2025-01-18T07:06:50.520+0000] {dag.py:3089} INFO - Sync 1 DAGs
[2025-01-18T07:06:50.537+0000] {logging_mixin.py:188} INFO - [2025-01-18T07:06:50.537+0000] {dag.py:3947} INFO - Setting next_dagrun for first_dag_with_taskflow_api to 2024-07-26 00:00:00+00:00, run_after=2024-07-27 00:00:00+00:00
[2025-01-18T07:06:50.707+0000] {processor.py:183} INFO - Processing /opt/airflow/dags/first_dag_py.py took 0.225 seconds
[2025-01-18T07:07:20.873+0000] {processor.py:161} INFO - Started process (PID=13798) to work on /opt/airflow/dags/first_dag_py.py
[2025-01-18T07:07:20.874+0000] {processor.py:830} INFO - Processing file /opt/airflow/dags/first_dag_py.py for tasks to queue
[2025-01-18T07:07:20.877+0000] {logging_mixin.py:188} INFO - [2025-01-18T07:07:20.877+0000] {dagbag.py:545} INFO - Filling up the DagBag from /opt/airflow/dags/first_dag_py.py
[2025-01-18T07:07:20.900+0000] {processor.py:840} INFO - DAG(s) 'first_dag_with_taskflow_api' retrieved from /opt/airflow/dags/first_dag_py.py
[2025-01-18T07:07:20.919+0000] {logging_mixin.py:188} INFO - [2025-01-18T07:07:20.919+0000] {dag.py:3089} INFO - Sync 1 DAGs
[2025-01-18T07:07:20.933+0000] {logging_mixin.py:188} INFO - [2025-01-18T07:07:20.933+0000] {dag.py:3947} INFO - Setting next_dagrun for first_dag_with_taskflow_api to 2024-07-26 00:00:00+00:00, run_after=2024-07-27 00:00:00+00:00
[2025-01-18T07:07:20.953+0000] {processor.py:183} INFO - Processing /opt/airflow/dags/first_dag_py.py took 0.093 seconds
[2025-01-18T07:07:51.130+0000] {processor.py:161} INFO - Started process (PID=14075) to work on /opt/airflow/dags/first_dag_py.py
[2025-01-18T07:07:51.131+0000] {processor.py:830} INFO - Processing file /opt/airflow/dags/first_dag_py.py for tasks to queue
[2025-01-18T07:07:51.133+0000] {logging_mixin.py:188} INFO - [2025-01-18T07:07:51.133+0000] {dagbag.py:545} INFO - Filling up the DagBag from /opt/airflow/dags/first_dag_py.py
[2025-01-18T07:07:51.150+0000] {processor.py:840} INFO - DAG(s) 'first_dag_with_taskflow_api' retrieved from /opt/airflow/dags/first_dag_py.py
[2025-01-18T07:07:51.168+0000] {logging_mixin.py:188} INFO - [2025-01-18T07:07:51.168+0000] {dag.py:3089} INFO - Sync 1 DAGs
[2025-01-18T07:07:51.183+0000] {logging_mixin.py:188} INFO - [2025-01-18T07:07:51.182+0000] {dag.py:3947} INFO - Setting next_dagrun for first_dag_with_taskflow_api to 2024-07-26 00:00:00+00:00, run_after=2024-07-27 00:00:00+00:00
[2025-01-18T07:07:51.195+0000] {processor.py:183} INFO - Processing /opt/airflow/dags/first_dag_py.py took 0.079 seconds
[2025-01-18T07:08:21.358+0000] {processor.py:161} INFO - Started process (PID=14353) to work on /opt/airflow/dags/first_dag_py.py
[2025-01-18T07:08:21.359+0000] {processor.py:830} INFO - Processing file /opt/airflow/dags/first_dag_py.py for tasks to queue
[2025-01-18T07:08:21.361+0000] {logging_mixin.py:188} INFO - [2025-01-18T07:08:21.361+0000] {dagbag.py:545} INFO - Filling up the DagBag from /opt/airflow/dags/first_dag_py.py
[2025-01-18T07:08:21.382+0000] {processor.py:840} INFO - DAG(s) 'first_dag_with_taskflow_api' retrieved from /opt/airflow/dags/first_dag_py.py
[2025-01-18T07:08:21.531+0000] {logging_mixin.py:188} INFO - [2025-01-18T07:08:21.531+0000] {dag.py:3089} INFO - Sync 1 DAGs
[2025-01-18T07:08:21.542+0000] {logging_mixin.py:188} INFO - [2025-01-18T07:08:21.542+0000] {dag.py:3947} INFO - Setting next_dagrun for first_dag_with_taskflow_api to 2024-07-26 00:00:00+00:00, run_after=2024-07-27 00:00:00+00:00
[2025-01-18T07:08:21.561+0000] {processor.py:183} INFO - Processing /opt/airflow/dags/first_dag_py.py took 0.209 seconds
[2025-01-18T07:08:51.747+0000] {processor.py:161} INFO - Started process (PID=14630) to work on /opt/airflow/dags/first_dag_py.py
[2025-01-18T07:08:51.748+0000] {processor.py:830} INFO - Processing file /opt/airflow/dags/first_dag_py.py for tasks to queue
[2025-01-18T07:08:51.750+0000] {logging_mixin.py:188} INFO - [2025-01-18T07:08:51.750+0000] {dagbag.py:545} INFO - Filling up the DagBag from /opt/airflow/dags/first_dag_py.py
[2025-01-18T07:08:51.767+0000] {processor.py:840} INFO - DAG(s) 'first_dag_with_taskflow_api' retrieved from /opt/airflow/dags/first_dag_py.py
[2025-01-18T07:08:51.786+0000] {logging_mixin.py:188} INFO - [2025-01-18T07:08:51.786+0000] {dag.py:3089} INFO - Sync 1 DAGs
[2025-01-18T07:08:51.799+0000] {logging_mixin.py:188} INFO - [2025-01-18T07:08:51.799+0000] {dag.py:3947} INFO - Setting next_dagrun for first_dag_with_taskflow_api to 2024-07-26 00:00:00+00:00, run_after=2024-07-27 00:00:00+00:00
[2025-01-18T07:08:51.817+0000] {processor.py:183} INFO - Processing /opt/airflow/dags/first_dag_py.py took 0.079 seconds
[2025-01-18T07:09:22.617+0000] {processor.py:161} INFO - Started process (PID=14907) to work on /opt/airflow/dags/first_dag_py.py
[2025-01-18T07:09:22.618+0000] {processor.py:830} INFO - Processing file /opt/airflow/dags/first_dag_py.py for tasks to queue
[2025-01-18T07:09:22.620+0000] {logging_mixin.py:188} INFO - [2025-01-18T07:09:22.619+0000] {dagbag.py:545} INFO - Filling up the DagBag from /opt/airflow/dags/first_dag_py.py
[2025-01-18T07:09:22.633+0000] {processor.py:840} INFO - DAG(s) 'first_dag_with_taskflow_api' retrieved from /opt/airflow/dags/first_dag_py.py
[2025-01-18T07:09:22.646+0000] {logging_mixin.py:188} INFO - [2025-01-18T07:09:22.646+0000] {dag.py:3089} INFO - Sync 1 DAGs
[2025-01-18T07:09:22.660+0000] {logging_mixin.py:188} INFO - [2025-01-18T07:09:22.660+0000] {dag.py:3947} INFO - Setting next_dagrun for first_dag_with_taskflow_api to 2024-07-26 00:00:00+00:00, run_after=2024-07-27 00:00:00+00:00
[2025-01-18T07:09:22.679+0000] {processor.py:183} INFO - Processing /opt/airflow/dags/first_dag_py.py took 0.068 seconds
[2025-01-18T07:09:53.445+0000] {processor.py:161} INFO - Started process (PID=15190) to work on /opt/airflow/dags/first_dag_py.py
[2025-01-18T07:09:53.446+0000] {processor.py:830} INFO - Processing file /opt/airflow/dags/first_dag_py.py for tasks to queue
[2025-01-18T07:09:53.448+0000] {logging_mixin.py:188} INFO - [2025-01-18T07:09:53.448+0000] {dagbag.py:545} INFO - Filling up the DagBag from /opt/airflow/dags/first_dag_py.py
[2025-01-18T07:09:53.463+0000] {processor.py:840} INFO - DAG(s) 'first_dag_with_taskflow_api' retrieved from /opt/airflow/dags/first_dag_py.py
[2025-01-18T07:09:53.475+0000] {logging_mixin.py:188} INFO - [2025-01-18T07:09:53.475+0000] {dag.py:3089} INFO - Sync 1 DAGs
[2025-01-18T07:09:53.489+0000] {logging_mixin.py:188} INFO - [2025-01-18T07:09:53.489+0000] {dag.py:3947} INFO - Setting next_dagrun for first_dag_with_taskflow_api to 2024-07-26 00:00:00+00:00, run_after=2024-07-27 00:00:00+00:00
[2025-01-18T07:09:53.501+0000] {processor.py:183} INFO - Processing /opt/airflow/dags/first_dag_py.py took 0.064 seconds
[2025-01-18T07:10:23.760+0000] {processor.py:161} INFO - Started process (PID=15472) to work on /opt/airflow/dags/first_dag_py.py
[2025-01-18T07:10:23.760+0000] {processor.py:830} INFO - Processing file /opt/airflow/dags/first_dag_py.py for tasks to queue
[2025-01-18T07:10:23.762+0000] {logging_mixin.py:188} INFO - [2025-01-18T07:10:23.762+0000] {dagbag.py:545} INFO - Filling up the DagBag from /opt/airflow/dags/first_dag_py.py
[2025-01-18T07:10:23.773+0000] {processor.py:840} INFO - DAG(s) 'first_dag_with_taskflow_api' retrieved from /opt/airflow/dags/first_dag_py.py
[2025-01-18T07:10:23.829+0000] {logging_mixin.py:188} INFO - [2025-01-18T07:10:23.828+0000] {dag.py:3089} INFO - Sync 1 DAGs
[2025-01-18T07:10:23.839+0000] {logging_mixin.py:188} INFO - [2025-01-18T07:10:23.839+0000] {dag.py:3947} INFO - Setting next_dagrun for first_dag_with_taskflow_api to 2024-07-26 00:00:00+00:00, run_after=2024-07-27 00:00:00+00:00
[2025-01-18T07:10:23.850+0000] {processor.py:183} INFO - Processing /opt/airflow/dags/first_dag_py.py took 0.095 seconds
[2025-01-18T07:10:53.969+0000] {processor.py:161} INFO - Started process (PID=15754) to work on /opt/airflow/dags/first_dag_py.py
[2025-01-18T07:10:53.970+0000] {processor.py:830} INFO - Processing file /opt/airflow/dags/first_dag_py.py for tasks to queue
[2025-01-18T07:10:53.971+0000] {logging_mixin.py:188} INFO - [2025-01-18T07:10:53.971+0000] {dagbag.py:545} INFO - Filling up the DagBag from /opt/airflow/dags/first_dag_py.py
[2025-01-18T07:10:53.986+0000] {processor.py:840} INFO - DAG(s) 'first_dag_with_taskflow_api' retrieved from /opt/airflow/dags/first_dag_py.py
[2025-01-18T07:10:54.004+0000] {logging_mixin.py:188} INFO - [2025-01-18T07:10:54.004+0000] {dag.py:3089} INFO - Sync 1 DAGs
[2025-01-18T07:10:54.018+0000] {logging_mixin.py:188} INFO - [2025-01-18T07:10:54.018+0000] {dag.py:3947} INFO - Setting next_dagrun for first_dag_with_taskflow_api to 2024-07-26 00:00:00+00:00, run_after=2024-07-27 00:00:00+00:00
[2025-01-18T07:10:54.038+0000] {processor.py:183} INFO - Processing /opt/airflow/dags/first_dag_py.py took 0.074 seconds
[2025-01-18T07:11:24.911+0000] {processor.py:161} INFO - Started process (PID=16037) to work on /opt/airflow/dags/first_dag_py.py
[2025-01-18T07:11:24.913+0000] {processor.py:830} INFO - Processing file /opt/airflow/dags/first_dag_py.py for tasks to queue
[2025-01-18T07:11:24.916+0000] {logging_mixin.py:188} INFO - [2025-01-18T07:11:24.915+0000] {dagbag.py:545} INFO - Filling up the DagBag from /opt/airflow/dags/first_dag_py.py
[2025-01-18T07:11:24.958+0000] {processor.py:840} INFO - DAG(s) 'first_dag_with_taskflow_api' retrieved from /opt/airflow/dags/first_dag_py.py
[2025-01-18T07:11:24.973+0000] {logging_mixin.py:188} INFO - [2025-01-18T07:11:24.973+0000] {dag.py:3089} INFO - Sync 1 DAGs
[2025-01-18T07:11:24.999+0000] {logging_mixin.py:188} INFO - [2025-01-18T07:11:24.998+0000] {dag.py:3947} INFO - Setting next_dagrun for first_dag_with_taskflow_api to 2024-07-26 00:00:00+00:00, run_after=2024-07-27 00:00:00+00:00
[2025-01-18T07:11:25.013+0000] {processor.py:183} INFO - Processing /opt/airflow/dags/first_dag_py.py took 0.108 seconds
[2025-01-18T07:12:31.369+0000] {processor.py:161} INFO - Started process (PID=16172) to work on /opt/airflow/dags/first_dag_py.py
[2025-01-18T07:12:31.370+0000] {processor.py:830} INFO - Processing file /opt/airflow/dags/first_dag_py.py for tasks to queue
[2025-01-18T07:12:31.373+0000] {logging_mixin.py:188} INFO - [2025-01-18T07:12:31.372+0000] {dagbag.py:545} INFO - Filling up the DagBag from /opt/airflow/dags/first_dag_py.py
[2025-01-18T07:12:31.395+0000] {processor.py:840} INFO - DAG(s) 'first_dag_with_taskflow_api' retrieved from /opt/airflow/dags/first_dag_py.py
[2025-01-18T07:12:31.514+0000] {logging_mixin.py:188} INFO - [2025-01-18T07:12:31.514+0000] {dag.py:3089} INFO - Sync 1 DAGs
[2025-01-18T07:12:31.533+0000] {logging_mixin.py:188} INFO - [2025-01-18T07:12:31.532+0000] {dag.py:3947} INFO - Setting next_dagrun for first_dag_with_taskflow_api to 2024-07-26 00:00:00+00:00, run_after=2024-07-27 00:00:00+00:00
[2025-01-18T07:12:31.558+0000] {processor.py:183} INFO - Processing /opt/airflow/dags/first_dag_py.py took 0.198 seconds
[2025-01-18T07:13:01.695+0000] {processor.py:161} INFO - Started process (PID=16454) to work on /opt/airflow/dags/first_dag_py.py
[2025-01-18T07:13:01.696+0000] {processor.py:830} INFO - Processing file /opt/airflow/dags/first_dag_py.py for tasks to queue
[2025-01-18T07:13:01.697+0000] {logging_mixin.py:188} INFO - [2025-01-18T07:13:01.696+0000] {dagbag.py:545} INFO - Filling up the DagBag from /opt/airflow/dags/first_dag_py.py
[2025-01-18T07:13:01.709+0000] {processor.py:840} INFO - DAG(s) 'first_dag_with_taskflow_api' retrieved from /opt/airflow/dags/first_dag_py.py
[2025-01-18T07:13:01.723+0000] {logging_mixin.py:188} INFO - [2025-01-18T07:13:01.723+0000] {dag.py:3089} INFO - Sync 1 DAGs
[2025-01-18T07:13:01.736+0000] {logging_mixin.py:188} INFO - [2025-01-18T07:13:01.736+0000] {dag.py:3947} INFO - Setting next_dagrun for first_dag_with_taskflow_api to 2024-07-26 00:00:00+00:00, run_after=2024-07-27 00:00:00+00:00
[2025-01-18T07:13:01.746+0000] {processor.py:183} INFO - Processing /opt/airflow/dags/first_dag_py.py took 0.056 seconds
[2025-01-18T07:13:31.922+0000] {processor.py:161} INFO - Started process (PID=16706) to work on /opt/airflow/dags/first_dag_py.py
[2025-01-18T07:13:31.923+0000] {processor.py:830} INFO - Processing file /opt/airflow/dags/first_dag_py.py for tasks to queue
[2025-01-18T07:13:31.925+0000] {logging_mixin.py:188} INFO - [2025-01-18T07:13:31.925+0000] {dagbag.py:545} INFO - Filling up the DagBag from /opt/airflow/dags/first_dag_py.py
[2025-01-18T07:13:31.940+0000] {processor.py:840} INFO - DAG(s) 'first_dag_with_taskflow_api' retrieved from /opt/airflow/dags/first_dag_py.py
[2025-01-18T07:13:32.014+0000] {logging_mixin.py:188} INFO - [2025-01-18T07:13:32.014+0000] {dag.py:3089} INFO - Sync 1 DAGs
[2025-01-18T07:13:32.028+0000] {logging_mixin.py:188} INFO - [2025-01-18T07:13:32.028+0000] {dag.py:3947} INFO - Setting next_dagrun for first_dag_with_taskflow_api to 2024-07-26 00:00:00+00:00, run_after=2024-07-27 00:00:00+00:00
[2025-01-18T07:13:32.041+0000] {processor.py:183} INFO - Processing /opt/airflow/dags/first_dag_py.py took 0.124 seconds
[2025-01-18T07:14:02.364+0000] {processor.py:161} INFO - Started process (PID=16988) to work on /opt/airflow/dags/first_dag_py.py
[2025-01-18T07:14:02.364+0000] {processor.py:830} INFO - Processing file /opt/airflow/dags/first_dag_py.py for tasks to queue
[2025-01-18T07:14:02.366+0000] {logging_mixin.py:188} INFO - [2025-01-18T07:14:02.366+0000] {dagbag.py:545} INFO - Filling up the DagBag from /opt/airflow/dags/first_dag_py.py
[2025-01-18T07:14:02.382+0000] {processor.py:840} INFO - DAG(s) 'first_dag_with_taskflow_api' retrieved from /opt/airflow/dags/first_dag_py.py
[2025-01-18T07:14:02.398+0000] {logging_mixin.py:188} INFO - [2025-01-18T07:14:02.398+0000] {dag.py:3089} INFO - Sync 1 DAGs
[2025-01-18T07:14:02.412+0000] {logging_mixin.py:188} INFO - [2025-01-18T07:14:02.412+0000] {dag.py:3947} INFO - Setting next_dagrun for first_dag_with_taskflow_api to 2024-07-26 00:00:00+00:00, run_after=2024-07-27 00:00:00+00:00
[2025-01-18T07:14:02.428+0000] {processor.py:183} INFO - Processing /opt/airflow/dags/first_dag_py.py took 0.071 seconds
[2025-01-18T07:14:32.773+0000] {processor.py:161} INFO - Started process (PID=17271) to work on /opt/airflow/dags/first_dag_py.py
[2025-01-18T07:14:32.774+0000] {processor.py:830} INFO - Processing file /opt/airflow/dags/first_dag_py.py for tasks to queue
[2025-01-18T07:14:32.776+0000] {logging_mixin.py:188} INFO - [2025-01-18T07:14:32.776+0000] {dagbag.py:545} INFO - Filling up the DagBag from /opt/airflow/dags/first_dag_py.py
[2025-01-18T07:14:32.789+0000] {processor.py:840} INFO - DAG(s) 'first_dag_with_taskflow_api' retrieved from /opt/airflow/dags/first_dag_py.py
[2025-01-18T07:14:32.848+0000] {logging_mixin.py:188} INFO - [2025-01-18T07:14:32.847+0000] {dag.py:3089} INFO - Sync 1 DAGs
[2025-01-18T07:14:32.858+0000] {logging_mixin.py:188} INFO - [2025-01-18T07:14:32.858+0000] {dag.py:3947} INFO - Setting next_dagrun for first_dag_with_taskflow_api to 2024-07-26 00:00:00+00:00, run_after=2024-07-27 00:00:00+00:00
[2025-01-18T07:14:32.872+0000] {processor.py:183} INFO - Processing /opt/airflow/dags/first_dag_py.py took 0.104 seconds
[2025-01-18T07:15:03.529+0000] {processor.py:161} INFO - Started process (PID=17554) to work on /opt/airflow/dags/first_dag_py.py
[2025-01-18T07:15:03.530+0000] {processor.py:830} INFO - Processing file /opt/airflow/dags/first_dag_py.py for tasks to queue
[2025-01-18T07:15:03.532+0000] {logging_mixin.py:188} INFO - [2025-01-18T07:15:03.532+0000] {dagbag.py:545} INFO - Filling up the DagBag from /opt/airflow/dags/first_dag_py.py
[2025-01-18T07:15:03.549+0000] {processor.py:840} INFO - DAG(s) 'first_dag_with_taskflow_api' retrieved from /opt/airflow/dags/first_dag_py.py
[2025-01-18T07:15:03.564+0000] {logging_mixin.py:188} INFO - [2025-01-18T07:15:03.564+0000] {dag.py:3089} INFO - Sync 1 DAGs
[2025-01-18T07:15:03.578+0000] {logging_mixin.py:188} INFO - [2025-01-18T07:15:03.578+0000] {dag.py:3947} INFO - Setting next_dagrun for first_dag_with_taskflow_api to 2024-07-26 00:00:00+00:00, run_after=2024-07-27 00:00:00+00:00
[2025-01-18T07:15:03.598+0000] {processor.py:183} INFO - Processing /opt/airflow/dags/first_dag_py.py took 0.077 seconds
[2025-01-18T07:15:34.377+0000] {processor.py:161} INFO - Started process (PID=17836) to work on /opt/airflow/dags/first_dag_py.py
[2025-01-18T07:15:34.378+0000] {processor.py:830} INFO - Processing file /opt/airflow/dags/first_dag_py.py for tasks to queue
[2025-01-18T07:15:34.380+0000] {logging_mixin.py:188} INFO - [2025-01-18T07:15:34.379+0000] {dagbag.py:545} INFO - Filling up the DagBag from /opt/airflow/dags/first_dag_py.py
[2025-01-18T07:15:34.394+0000] {processor.py:840} INFO - DAG(s) 'first_dag_with_taskflow_api' retrieved from /opt/airflow/dags/first_dag_py.py
[2025-01-18T07:15:34.448+0000] {logging_mixin.py:188} INFO - [2025-01-18T07:15:34.448+0000] {dag.py:3089} INFO - Sync 1 DAGs
[2025-01-18T07:15:34.460+0000] {logging_mixin.py:188} INFO - [2025-01-18T07:15:34.460+0000] {dag.py:3947} INFO - Setting next_dagrun for first_dag_with_taskflow_api to 2024-07-26 00:00:00+00:00, run_after=2024-07-27 00:00:00+00:00
[2025-01-18T07:15:34.473+0000] {processor.py:183} INFO - Processing /opt/airflow/dags/first_dag_py.py took 0.104 seconds
[2025-01-18T07:16:04.944+0000] {processor.py:161} INFO - Started process (PID=18118) to work on /opt/airflow/dags/first_dag_py.py
[2025-01-18T07:16:04.946+0000] {processor.py:830} INFO - Processing file /opt/airflow/dags/first_dag_py.py for tasks to queue
[2025-01-18T07:16:04.950+0000] {logging_mixin.py:188} INFO - [2025-01-18T07:16:04.950+0000] {dagbag.py:545} INFO - Filling up the DagBag from /opt/airflow/dags/first_dag_py.py
[2025-01-18T07:16:04.966+0000] {processor.py:840} INFO - DAG(s) 'first_dag_with_taskflow_api' retrieved from /opt/airflow/dags/first_dag_py.py
[2025-01-18T07:16:04.982+0000] {logging_mixin.py:188} INFO - [2025-01-18T07:16:04.982+0000] {dag.py:3089} INFO - Sync 1 DAGs
[2025-01-18T07:16:04.997+0000] {logging_mixin.py:188} INFO - [2025-01-18T07:16:04.997+0000] {dag.py:3947} INFO - Setting next_dagrun for first_dag_with_taskflow_api to 2024-07-26 00:00:00+00:00, run_after=2024-07-27 00:00:00+00:00
[2025-01-18T07:16:05.011+0000] {processor.py:183} INFO - Processing /opt/airflow/dags/first_dag_py.py took 0.075 seconds
[2025-01-18T07:16:35.839+0000] {processor.py:161} INFO - Started process (PID=18400) to work on /opt/airflow/dags/first_dag_py.py
[2025-01-18T07:16:35.841+0000] {processor.py:830} INFO - Processing file /opt/airflow/dags/first_dag_py.py for tasks to queue
[2025-01-18T07:16:35.843+0000] {logging_mixin.py:188} INFO - [2025-01-18T07:16:35.843+0000] {dagbag.py:545} INFO - Filling up the DagBag from /opt/airflow/dags/first_dag_py.py
[2025-01-18T07:16:35.865+0000] {processor.py:840} INFO - DAG(s) 'first_dag_with_taskflow_api' retrieved from /opt/airflow/dags/first_dag_py.py
[2025-01-18T07:16:35.924+0000] {logging_mixin.py:188} INFO - [2025-01-18T07:16:35.924+0000] {dag.py:3089} INFO - Sync 1 DAGs
[2025-01-18T07:16:35.938+0000] {logging_mixin.py:188} INFO - [2025-01-18T07:16:35.938+0000] {dag.py:3947} INFO - Setting next_dagrun for first_dag_with_taskflow_api to 2024-07-26 00:00:00+00:00, run_after=2024-07-27 00:00:00+00:00
[2025-01-18T07:16:35.954+0000] {processor.py:183} INFO - Processing /opt/airflow/dags/first_dag_py.py took 0.123 seconds
[2025-01-18T07:17:06.651+0000] {processor.py:161} INFO - Started process (PID=18682) to work on /opt/airflow/dags/first_dag_py.py
[2025-01-18T07:17:06.654+0000] {processor.py:830} INFO - Processing file /opt/airflow/dags/first_dag_py.py for tasks to queue
[2025-01-18T07:17:06.660+0000] {logging_mixin.py:188} INFO - [2025-01-18T07:17:06.660+0000] {dagbag.py:545} INFO - Filling up the DagBag from /opt/airflow/dags/first_dag_py.py
[2025-01-18T07:17:06.694+0000] {processor.py:840} INFO - DAG(s) 'first_dag_with_taskflow_api' retrieved from /opt/airflow/dags/first_dag_py.py
[2025-01-18T07:17:06.709+0000] {logging_mixin.py:188} INFO - [2025-01-18T07:17:06.709+0000] {dag.py:3089} INFO - Sync 1 DAGs
[2025-01-18T07:17:06.721+0000] {logging_mixin.py:188} INFO - [2025-01-18T07:17:06.721+0000] {dag.py:3947} INFO - Setting next_dagrun for first_dag_with_taskflow_api to 2024-07-26 00:00:00+00:00, run_after=2024-07-27 00:00:00+00:00
[2025-01-18T07:17:06.732+0000] {processor.py:183} INFO - Processing /opt/airflow/dags/first_dag_py.py took 0.092 seconds
[2025-01-18T07:17:37.368+0000] {processor.py:161} INFO - Started process (PID=18965) to work on /opt/airflow/dags/first_dag_py.py
[2025-01-18T07:17:37.370+0000] {processor.py:830} INFO - Processing file /opt/airflow/dags/first_dag_py.py for tasks to queue
[2025-01-18T07:17:37.371+0000] {logging_mixin.py:188} INFO - [2025-01-18T07:17:37.371+0000] {dagbag.py:545} INFO - Filling up the DagBag from /opt/airflow/dags/first_dag_py.py
[2025-01-18T07:17:37.388+0000] {processor.py:840} INFO - DAG(s) 'first_dag_with_taskflow_api' retrieved from /opt/airflow/dags/first_dag_py.py
[2025-01-18T07:17:37.447+0000] {logging_mixin.py:188} INFO - [2025-01-18T07:17:37.447+0000] {dag.py:3089} INFO - Sync 1 DAGs
[2025-01-18T07:17:37.457+0000] {logging_mixin.py:188} INFO - [2025-01-18T07:17:37.457+0000] {dag.py:3947} INFO - Setting next_dagrun for first_dag_with_taskflow_api to 2024-07-26 00:00:00+00:00, run_after=2024-07-27 00:00:00+00:00
[2025-01-18T07:17:37.470+0000] {processor.py:183} INFO - Processing /opt/airflow/dags/first_dag_py.py took 0.108 seconds
[2025-01-18T07:18:07.626+0000] {processor.py:161} INFO - Started process (PID=19247) to work on /opt/airflow/dags/first_dag_py.py
[2025-01-18T07:18:07.627+0000] {processor.py:830} INFO - Processing file /opt/airflow/dags/first_dag_py.py for tasks to queue
[2025-01-18T07:18:07.629+0000] {logging_mixin.py:188} INFO - [2025-01-18T07:18:07.629+0000] {dagbag.py:545} INFO - Filling up the DagBag from /opt/airflow/dags/first_dag_py.py
[2025-01-18T07:18:07.643+0000] {processor.py:840} INFO - DAG(s) 'first_dag_with_taskflow_api' retrieved from /opt/airflow/dags/first_dag_py.py
[2025-01-18T07:18:07.660+0000] {logging_mixin.py:188} INFO - [2025-01-18T07:18:07.660+0000] {dag.py:3089} INFO - Sync 1 DAGs
[2025-01-18T07:18:07.673+0000] {logging_mixin.py:188} INFO - [2025-01-18T07:18:07.672+0000] {dag.py:3947} INFO - Setting next_dagrun for first_dag_with_taskflow_api to 2024-07-26 00:00:00+00:00, run_after=2024-07-27 00:00:00+00:00
[2025-01-18T07:18:07.685+0000] {processor.py:183} INFO - Processing /opt/airflow/dags/first_dag_py.py took 0.064 seconds
[2025-01-18T07:18:37.885+0000] {processor.py:161} INFO - Started process (PID=19529) to work on /opt/airflow/dags/first_dag_py.py
[2025-01-18T07:18:37.888+0000] {processor.py:830} INFO - Processing file /opt/airflow/dags/first_dag_py.py for tasks to queue
[2025-01-18T07:18:37.890+0000] {logging_mixin.py:188} INFO - [2025-01-18T07:18:37.890+0000] {dagbag.py:545} INFO - Filling up the DagBag from /opt/airflow/dags/first_dag_py.py
[2025-01-18T07:18:37.904+0000] {processor.py:840} INFO - DAG(s) 'first_dag_with_taskflow_api' retrieved from /opt/airflow/dags/first_dag_py.py
[2025-01-18T07:18:37.962+0000] {logging_mixin.py:188} INFO - [2025-01-18T07:18:37.962+0000] {dag.py:3089} INFO - Sync 1 DAGs
[2025-01-18T07:18:37.973+0000] {logging_mixin.py:188} INFO - [2025-01-18T07:18:37.973+0000] {dag.py:3947} INFO - Setting next_dagrun for first_dag_with_taskflow_api to 2024-07-26 00:00:00+00:00, run_after=2024-07-27 00:00:00+00:00
[2025-01-18T07:18:37.985+0000] {processor.py:183} INFO - Processing /opt/airflow/dags/first_dag_py.py took 0.105 seconds
[2025-01-18T07:19:08.564+0000] {processor.py:161} INFO - Started process (PID=19811) to work on /opt/airflow/dags/first_dag_py.py
[2025-01-18T07:19:08.566+0000] {processor.py:830} INFO - Processing file /opt/airflow/dags/first_dag_py.py for tasks to queue
[2025-01-18T07:19:08.569+0000] {logging_mixin.py:188} INFO - [2025-01-18T07:19:08.569+0000] {dagbag.py:545} INFO - Filling up the DagBag from /opt/airflow/dags/first_dag_py.py
[2025-01-18T07:19:08.597+0000] {processor.py:840} INFO - DAG(s) 'first_dag_with_taskflow_api' retrieved from /opt/airflow/dags/first_dag_py.py
[2025-01-18T07:19:08.619+0000] {logging_mixin.py:188} INFO - [2025-01-18T07:19:08.618+0000] {dag.py:3089} INFO - Sync 1 DAGs
[2025-01-18T07:19:08.632+0000] {logging_mixin.py:188} INFO - [2025-01-18T07:19:08.632+0000] {dag.py:3947} INFO - Setting next_dagrun for first_dag_with_taskflow_api to 2024-07-26 00:00:00+00:00, run_after=2024-07-27 00:00:00+00:00
[2025-01-18T07:19:08.646+0000] {processor.py:183} INFO - Processing /opt/airflow/dags/first_dag_py.py took 0.092 seconds
[2025-01-18T07:19:39.097+0000] {processor.py:161} INFO - Started process (PID=20094) to work on /opt/airflow/dags/first_dag_py.py
[2025-01-18T07:19:39.098+0000] {processor.py:830} INFO - Processing file /opt/airflow/dags/first_dag_py.py for tasks to queue
[2025-01-18T07:19:39.100+0000] {logging_mixin.py:188} INFO - [2025-01-18T07:19:39.099+0000] {dagbag.py:545} INFO - Filling up the DagBag from /opt/airflow/dags/first_dag_py.py
[2025-01-18T07:19:39.115+0000] {processor.py:840} INFO - DAG(s) 'first_dag_with_taskflow_api' retrieved from /opt/airflow/dags/first_dag_py.py
[2025-01-18T07:19:39.175+0000] {logging_mixin.py:188} INFO - [2025-01-18T07:19:39.175+0000] {dag.py:3089} INFO - Sync 1 DAGs
[2025-01-18T07:19:39.187+0000] {logging_mixin.py:188} INFO - [2025-01-18T07:19:39.186+0000] {dag.py:3947} INFO - Setting next_dagrun for first_dag_with_taskflow_api to 2024-07-26 00:00:00+00:00, run_after=2024-07-27 00:00:00+00:00
[2025-01-18T07:19:39.198+0000] {processor.py:183} INFO - Processing /opt/airflow/dags/first_dag_py.py took 0.110 seconds
[2025-01-18T07:20:10.307+0000] {processor.py:161} INFO - Started process (PID=20376) to work on /opt/airflow/dags/first_dag_py.py
[2025-01-18T07:20:10.309+0000] {processor.py:830} INFO - Processing file /opt/airflow/dags/first_dag_py.py for tasks to queue
[2025-01-18T07:20:10.311+0000] {logging_mixin.py:188} INFO - [2025-01-18T07:20:10.310+0000] {dagbag.py:545} INFO - Filling up the DagBag from /opt/airflow/dags/first_dag_py.py
[2025-01-18T07:20:10.324+0000] {processor.py:840} INFO - DAG(s) 'first_dag_with_taskflow_api' retrieved from /opt/airflow/dags/first_dag_py.py
[2025-01-18T07:20:10.337+0000] {logging_mixin.py:188} INFO - [2025-01-18T07:20:10.337+0000] {dag.py:3089} INFO - Sync 1 DAGs
[2025-01-18T07:20:10.351+0000] {logging_mixin.py:188} INFO - [2025-01-18T07:20:10.351+0000] {dag.py:3947} INFO - Setting next_dagrun for first_dag_with_taskflow_api to 2024-07-26 00:00:00+00:00, run_after=2024-07-27 00:00:00+00:00
[2025-01-18T07:20:10.364+0000] {processor.py:183} INFO - Processing /opt/airflow/dags/first_dag_py.py took 0.064 seconds
[2025-01-18T07:20:40.789+0000] {processor.py:161} INFO - Started process (PID=20658) to work on /opt/airflow/dags/first_dag_py.py
[2025-01-18T07:20:40.790+0000] {processor.py:830} INFO - Processing file /opt/airflow/dags/first_dag_py.py for tasks to queue
[2025-01-18T07:20:40.792+0000] {logging_mixin.py:188} INFO - [2025-01-18T07:20:40.792+0000] {dagbag.py:545} INFO - Filling up the DagBag from /opt/airflow/dags/first_dag_py.py
[2025-01-18T07:20:40.807+0000] {processor.py:840} INFO - DAG(s) 'first_dag_with_taskflow_api' retrieved from /opt/airflow/dags/first_dag_py.py
[2025-01-18T07:20:40.858+0000] {logging_mixin.py:188} INFO - [2025-01-18T07:20:40.858+0000] {dag.py:3089} INFO - Sync 1 DAGs
[2025-01-18T07:20:40.867+0000] {logging_mixin.py:188} INFO - [2025-01-18T07:20:40.866+0000] {dag.py:3947} INFO - Setting next_dagrun for first_dag_with_taskflow_api to 2024-07-26 00:00:00+00:00, run_after=2024-07-27 00:00:00+00:00
[2025-01-18T07:20:40.878+0000] {processor.py:183} INFO - Processing /opt/airflow/dags/first_dag_py.py took 0.096 seconds
[2025-01-18T07:21:13.489+0000] {processor.py:161} INFO - Started process (PID=20940) to work on /opt/airflow/dags/first_dag_py.py
[2025-01-18T07:21:13.490+0000] {processor.py:830} INFO - Processing file /opt/airflow/dags/first_dag_py.py for tasks to queue
[2025-01-18T07:21:13.492+0000] {logging_mixin.py:188} INFO - [2025-01-18T07:21:13.492+0000] {dagbag.py:545} INFO - Filling up the DagBag from /opt/airflow/dags/first_dag_py.py
[2025-01-18T07:21:13.509+0000] {processor.py:840} INFO - DAG(s) 'first_dag_with_taskflow_api' retrieved from /opt/airflow/dags/first_dag_py.py
[2025-01-18T07:21:13.526+0000] {logging_mixin.py:188} INFO - [2025-01-18T07:21:13.526+0000] {dag.py:3089} INFO - Sync 1 DAGs
[2025-01-18T07:21:13.539+0000] {logging_mixin.py:188} INFO - [2025-01-18T07:21:13.539+0000] {dag.py:3947} INFO - Setting next_dagrun for first_dag_with_taskflow_api to 2024-07-26 00:00:00+00:00, run_after=2024-07-27 00:00:00+00:00
[2025-01-18T07:21:13.562+0000] {processor.py:183} INFO - Processing /opt/airflow/dags/first_dag_py.py took 0.082 seconds
[2025-01-18T07:21:46.250+0000] {processor.py:161} INFO - Started process (PID=21222) to work on /opt/airflow/dags/first_dag_py.py
[2025-01-18T07:21:46.251+0000] {processor.py:830} INFO - Processing file /opt/airflow/dags/first_dag_py.py for tasks to queue
[2025-01-18T07:21:46.253+0000] {logging_mixin.py:188} INFO - [2025-01-18T07:21:46.252+0000] {dagbag.py:545} INFO - Filling up the DagBag from /opt/airflow/dags/first_dag_py.py
[2025-01-18T07:21:46.267+0000] {processor.py:840} INFO - DAG(s) 'first_dag_with_taskflow_api' retrieved from /opt/airflow/dags/first_dag_py.py
[2025-01-18T07:21:46.324+0000] {logging_mixin.py:188} INFO - [2025-01-18T07:21:46.324+0000] {dag.py:3089} INFO - Sync 1 DAGs
[2025-01-18T07:21:46.334+0000] {logging_mixin.py:188} INFO - [2025-01-18T07:21:46.334+0000] {dag.py:3947} INFO - Setting next_dagrun for first_dag_with_taskflow_api to 2024-07-26 00:00:00+00:00, run_after=2024-07-27 00:00:00+00:00
[2025-01-18T07:21:46.344+0000] {processor.py:183} INFO - Processing /opt/airflow/dags/first_dag_py.py took 0.100 seconds
