[2025-01-18T06:44:32.729+0000] {processor.py:161} INFO - Started process (PID=179) to work on /opt/airflow/dags/first_dag_dec.py
[2025-01-18T06:44:32.731+0000] {processor.py:830} INFO - Processing file /opt/airflow/dags/first_dag_dec.py for tasks to queue
[2025-01-18T06:44:32.733+0000] {logging_mixin.py:188} INFO - [2025-01-18T06:44:32.733+0000] {dagbag.py:545} INFO - Filling up the DagBag from /opt/airflow/dags/first_dag_dec.py
[2025-01-18T06:44:32.753+0000] {processor.py:840} INFO - DAG(s) 'first_dag' retrieved from /opt/airflow/dags/first_dag_dec.py
[2025-01-18T06:44:32.926+0000] {logging_mixin.py:188} INFO - [2025-01-18T06:44:32.926+0000] {dag.py:3089} INFO - Sync 1 DAGs
[2025-01-18T06:44:32.943+0000] {logging_mixin.py:188} INFO - [2025-01-18T06:44:32.943+0000] {dag.py:3947} INFO - Setting next_dagrun for first_dag to 2024-07-23 00:00:00+00:00, run_after=2024-07-24 00:00:00+00:00
[2025-01-18T06:44:32.959+0000] {processor.py:183} INFO - Processing /opt/airflow/dags/first_dag_dec.py took 0.236 seconds
[2025-01-18T06:45:03.667+0000] {processor.py:161} INFO - Started process (PID=456) to work on /opt/airflow/dags/first_dag_dec.py
[2025-01-18T06:45:03.668+0000] {processor.py:830} INFO - Processing file /opt/airflow/dags/first_dag_dec.py for tasks to queue
[2025-01-18T06:45:03.670+0000] {logging_mixin.py:188} INFO - [2025-01-18T06:45:03.669+0000] {dagbag.py:545} INFO - Filling up the DagBag from /opt/airflow/dags/first_dag_dec.py
[2025-01-18T06:45:03.693+0000] {processor.py:840} INFO - DAG(s) 'first_dag' retrieved from /opt/airflow/dags/first_dag_dec.py
[2025-01-18T06:45:03.710+0000] {logging_mixin.py:188} INFO - [2025-01-18T06:45:03.710+0000] {dag.py:3089} INFO - Sync 1 DAGs
[2025-01-18T06:45:03.726+0000] {logging_mixin.py:188} INFO - [2025-01-18T06:45:03.725+0000] {dag.py:3947} INFO - Setting next_dagrun for first_dag to 2024-07-23 00:00:00+00:00, run_after=2024-07-24 00:00:00+00:00
[2025-01-18T06:45:03.740+0000] {processor.py:183} INFO - Processing /opt/airflow/dags/first_dag_dec.py took 0.080 seconds
[2025-01-18T06:45:34.605+0000] {processor.py:161} INFO - Started process (PID=732) to work on /opt/airflow/dags/first_dag_dec.py
[2025-01-18T06:45:34.606+0000] {processor.py:830} INFO - Processing file /opt/airflow/dags/first_dag_dec.py for tasks to queue
[2025-01-18T06:45:34.607+0000] {logging_mixin.py:188} INFO - [2025-01-18T06:45:34.607+0000] {dagbag.py:545} INFO - Filling up the DagBag from /opt/airflow/dags/first_dag_dec.py
[2025-01-18T06:45:34.619+0000] {processor.py:840} INFO - DAG(s) 'first_dag' retrieved from /opt/airflow/dags/first_dag_dec.py
[2025-01-18T06:45:34.682+0000] {logging_mixin.py:188} INFO - [2025-01-18T06:45:34.681+0000] {dag.py:3089} INFO - Sync 1 DAGs
[2025-01-18T06:45:34.694+0000] {logging_mixin.py:188} INFO - [2025-01-18T06:45:34.693+0000] {dag.py:3947} INFO - Setting next_dagrun for first_dag to 2024-07-23 00:00:00+00:00, run_after=2024-07-24 00:00:00+00:00
[2025-01-18T06:45:34.712+0000] {processor.py:183} INFO - Processing /opt/airflow/dags/first_dag_dec.py took 0.110 seconds
[2025-01-18T06:46:04.893+0000] {processor.py:161} INFO - Started process (PID=1009) to work on /opt/airflow/dags/first_dag_dec.py
[2025-01-18T06:46:04.894+0000] {processor.py:830} INFO - Processing file /opt/airflow/dags/first_dag_dec.py for tasks to queue
[2025-01-18T06:46:04.898+0000] {logging_mixin.py:188} INFO - [2025-01-18T06:46:04.897+0000] {dagbag.py:545} INFO - Filling up the DagBag from /opt/airflow/dags/first_dag_dec.py
[2025-01-18T06:46:04.911+0000] {processor.py:840} INFO - DAG(s) 'first_dag' retrieved from /opt/airflow/dags/first_dag_dec.py
[2025-01-18T06:46:04.928+0000] {logging_mixin.py:188} INFO - [2025-01-18T06:46:04.928+0000] {dag.py:3089} INFO - Sync 1 DAGs
[2025-01-18T06:46:04.947+0000] {logging_mixin.py:188} INFO - [2025-01-18T06:46:04.947+0000] {dag.py:3947} INFO - Setting next_dagrun for first_dag to 2024-07-23 00:00:00+00:00, run_after=2024-07-24 00:00:00+00:00
[2025-01-18T06:46:04.962+0000] {processor.py:183} INFO - Processing /opt/airflow/dags/first_dag_dec.py took 0.076 seconds
[2025-01-18T06:46:35.290+0000] {processor.py:161} INFO - Started process (PID=1286) to work on /opt/airflow/dags/first_dag_dec.py
[2025-01-18T06:46:35.290+0000] {processor.py:830} INFO - Processing file /opt/airflow/dags/first_dag_dec.py for tasks to queue
[2025-01-18T06:46:35.292+0000] {logging_mixin.py:188} INFO - [2025-01-18T06:46:35.292+0000] {dagbag.py:545} INFO - Filling up the DagBag from /opt/airflow/dags/first_dag_dec.py
[2025-01-18T06:46:35.305+0000] {processor.py:840} INFO - DAG(s) 'first_dag' retrieved from /opt/airflow/dags/first_dag_dec.py
[2025-01-18T06:46:35.367+0000] {logging_mixin.py:188} INFO - [2025-01-18T06:46:35.367+0000] {dag.py:3089} INFO - Sync 1 DAGs
[2025-01-18T06:46:35.378+0000] {logging_mixin.py:188} INFO - [2025-01-18T06:46:35.378+0000] {dag.py:3947} INFO - Setting next_dagrun for first_dag to 2024-07-23 00:00:00+00:00, run_after=2024-07-24 00:00:00+00:00
[2025-01-18T06:46:35.393+0000] {processor.py:183} INFO - Processing /opt/airflow/dags/first_dag_dec.py took 0.107 seconds
[2025-01-18T06:47:07.105+0000] {processor.py:161} INFO - Started process (PID=1578) to work on /opt/airflow/dags/first_dag_dec.py
[2025-01-18T06:47:07.131+0000] {processor.py:830} INFO - Processing file /opt/airflow/dags/first_dag_dec.py for tasks to queue
[2025-01-18T06:47:07.271+0000] {logging_mixin.py:188} INFO - [2025-01-18T06:47:07.230+0000] {dagbag.py:545} INFO - Filling up the DagBag from /opt/airflow/dags/first_dag_dec.py
[2025-01-18T06:47:07.511+0000] {processor.py:840} INFO - DAG(s) 'first_dag' retrieved from /opt/airflow/dags/first_dag_dec.py
[2025-01-18T06:47:07.819+0000] {logging_mixin.py:188} INFO - [2025-01-18T06:47:07.818+0000] {dag.py:3089} INFO - Sync 1 DAGs
[2025-01-18T06:47:08.626+0000] {processor.py:183} INFO - Processing /opt/airflow/dags/first_dag_dec.py took 1.681 seconds
[2025-01-18T06:47:39.479+0000] {processor.py:161} INFO - Started process (PID=2292) to work on /opt/airflow/dags/first_dag_dec.py
[2025-01-18T06:47:39.483+0000] {processor.py:830} INFO - Processing file /opt/airflow/dags/first_dag_dec.py for tasks to queue
[2025-01-18T06:47:39.485+0000] {logging_mixin.py:188} INFO - [2025-01-18T06:47:39.485+0000] {dagbag.py:545} INFO - Filling up the DagBag from /opt/airflow/dags/first_dag_dec.py
[2025-01-18T06:47:39.544+0000] {processor.py:840} INFO - DAG(s) 'first_dag' retrieved from /opt/airflow/dags/first_dag_dec.py
[2025-01-18T06:47:39.571+0000] {logging_mixin.py:188} INFO - [2025-01-18T06:47:39.571+0000] {dag.py:3089} INFO - Sync 1 DAGs
[2025-01-18T06:47:39.625+0000] {processor.py:183} INFO - Processing /opt/airflow/dags/first_dag_dec.py took 0.151 seconds
[2025-01-18T06:48:10.088+0000] {processor.py:161} INFO - Started process (PID=3257) to work on /opt/airflow/dags/first_dag_dec.py
[2025-01-18T06:48:10.089+0000] {processor.py:830} INFO - Processing file /opt/airflow/dags/first_dag_dec.py for tasks to queue
[2025-01-18T06:48:10.091+0000] {logging_mixin.py:188} INFO - [2025-01-18T06:48:10.090+0000] {dagbag.py:545} INFO - Filling up the DagBag from /opt/airflow/dags/first_dag_dec.py
[2025-01-18T06:48:10.113+0000] {processor.py:840} INFO - DAG(s) 'first_dag' retrieved from /opt/airflow/dags/first_dag_dec.py
[2025-01-18T06:48:10.189+0000] {logging_mixin.py:188} INFO - [2025-01-18T06:48:10.188+0000] {dag.py:3089} INFO - Sync 1 DAGs
[2025-01-18T06:48:10.208+0000] {logging_mixin.py:188} INFO - [2025-01-18T06:48:10.208+0000] {dag.py:3947} INFO - Setting next_dagrun for first_dag to 2024-12-14 00:00:00+00:00, run_after=2024-12-15 00:00:00+00:00
[2025-01-18T06:48:10.223+0000] {processor.py:183} INFO - Processing /opt/airflow/dags/first_dag_dec.py took 0.144 seconds
[2025-01-18T06:48:40.681+0000] {processor.py:161} INFO - Started process (PID=3828) to work on /opt/airflow/dags/first_dag_dec.py
[2025-01-18T06:48:40.682+0000] {processor.py:830} INFO - Processing file /opt/airflow/dags/first_dag_dec.py for tasks to queue
[2025-01-18T06:48:40.683+0000] {logging_mixin.py:188} INFO - [2025-01-18T06:48:40.683+0000] {dagbag.py:545} INFO - Filling up the DagBag from /opt/airflow/dags/first_dag_dec.py
[2025-01-18T06:48:40.699+0000] {processor.py:840} INFO - DAG(s) 'first_dag' retrieved from /opt/airflow/dags/first_dag_dec.py
[2025-01-18T06:48:40.713+0000] {logging_mixin.py:188} INFO - [2025-01-18T06:48:40.713+0000] {dag.py:3089} INFO - Sync 1 DAGs
[2025-01-18T06:48:40.726+0000] {logging_mixin.py:188} INFO - [2025-01-18T06:48:40.726+0000] {dag.py:3947} INFO - Setting next_dagrun for first_dag to 2025-01-18 00:00:00+00:00, run_after=2025-01-19 00:00:00+00:00
[2025-01-18T06:48:40.741+0000] {processor.py:183} INFO - Processing /opt/airflow/dags/first_dag_dec.py took 0.067 seconds
[2025-01-18T06:49:11.203+0000] {processor.py:161} INFO - Started process (PID=4105) to work on /opt/airflow/dags/first_dag_dec.py
[2025-01-18T06:49:11.204+0000] {processor.py:830} INFO - Processing file /opt/airflow/dags/first_dag_dec.py for tasks to queue
[2025-01-18T06:49:11.205+0000] {logging_mixin.py:188} INFO - [2025-01-18T06:49:11.205+0000] {dagbag.py:545} INFO - Filling up the DagBag from /opt/airflow/dags/first_dag_dec.py
[2025-01-18T06:49:11.215+0000] {processor.py:840} INFO - DAG(s) 'first_dag' retrieved from /opt/airflow/dags/first_dag_dec.py
[2025-01-18T06:49:11.225+0000] {logging_mixin.py:188} INFO - [2025-01-18T06:49:11.225+0000] {dag.py:3089} INFO - Sync 1 DAGs
[2025-01-18T06:49:11.239+0000] {logging_mixin.py:188} INFO - [2025-01-18T06:49:11.239+0000] {dag.py:3947} INFO - Setting next_dagrun for first_dag to 2025-01-18 00:00:00+00:00, run_after=2025-01-19 00:00:00+00:00
[2025-01-18T06:49:11.249+0000] {processor.py:183} INFO - Processing /opt/airflow/dags/first_dag_dec.py took 0.050 seconds
[2025-01-18T06:49:42.069+0000] {processor.py:161} INFO - Started process (PID=4382) to work on /opt/airflow/dags/first_dag_dec.py
[2025-01-18T06:49:42.070+0000] {processor.py:830} INFO - Processing file /opt/airflow/dags/first_dag_dec.py for tasks to queue
[2025-01-18T06:49:42.072+0000] {logging_mixin.py:188} INFO - [2025-01-18T06:49:42.071+0000] {dagbag.py:545} INFO - Filling up the DagBag from /opt/airflow/dags/first_dag_dec.py
[2025-01-18T06:49:42.088+0000] {processor.py:840} INFO - DAG(s) 'first_dag' retrieved from /opt/airflow/dags/first_dag_dec.py
[2025-01-18T06:49:42.152+0000] {logging_mixin.py:188} INFO - [2025-01-18T06:49:42.152+0000] {dag.py:3089} INFO - Sync 1 DAGs
[2025-01-18T06:49:42.162+0000] {logging_mixin.py:188} INFO - [2025-01-18T06:49:42.162+0000] {dag.py:3947} INFO - Setting next_dagrun for first_dag to 2025-01-18 00:00:00+00:00, run_after=2025-01-19 00:00:00+00:00
[2025-01-18T06:49:42.174+0000] {processor.py:183} INFO - Processing /opt/airflow/dags/first_dag_dec.py took 0.111 seconds
[2025-01-18T06:50:12.805+0000] {processor.py:161} INFO - Started process (PID=4659) to work on /opt/airflow/dags/first_dag_dec.py
[2025-01-18T06:50:12.807+0000] {processor.py:830} INFO - Processing file /opt/airflow/dags/first_dag_dec.py for tasks to queue
[2025-01-18T06:50:12.808+0000] {logging_mixin.py:188} INFO - [2025-01-18T06:50:12.808+0000] {dagbag.py:545} INFO - Filling up the DagBag from /opt/airflow/dags/first_dag_dec.py
[2025-01-18T06:50:12.823+0000] {processor.py:840} INFO - DAG(s) 'first_dag' retrieved from /opt/airflow/dags/first_dag_dec.py
[2025-01-18T06:50:12.838+0000] {logging_mixin.py:188} INFO - [2025-01-18T06:50:12.838+0000] {dag.py:3089} INFO - Sync 1 DAGs
[2025-01-18T06:50:12.853+0000] {logging_mixin.py:188} INFO - [2025-01-18T06:50:12.853+0000] {dag.py:3947} INFO - Setting next_dagrun for first_dag to 2025-01-18 00:00:00+00:00, run_after=2025-01-19 00:00:00+00:00
[2025-01-18T06:50:12.873+0000] {processor.py:183} INFO - Processing /opt/airflow/dags/first_dag_dec.py took 0.072 seconds
[2025-01-18T06:50:43.726+0000] {processor.py:161} INFO - Started process (PID=4936) to work on /opt/airflow/dags/first_dag_dec.py
[2025-01-18T06:50:43.727+0000] {processor.py:830} INFO - Processing file /opt/airflow/dags/first_dag_dec.py for tasks to queue
[2025-01-18T06:50:43.728+0000] {logging_mixin.py:188} INFO - [2025-01-18T06:50:43.728+0000] {dagbag.py:545} INFO - Filling up the DagBag from /opt/airflow/dags/first_dag_dec.py
[2025-01-18T06:50:43.742+0000] {processor.py:840} INFO - DAG(s) 'first_dag' retrieved from /opt/airflow/dags/first_dag_dec.py
[2025-01-18T06:50:43.752+0000] {logging_mixin.py:188} INFO - [2025-01-18T06:50:43.752+0000] {dag.py:3089} INFO - Sync 1 DAGs
[2025-01-18T06:50:43.769+0000] {logging_mixin.py:188} INFO - [2025-01-18T06:50:43.768+0000] {dag.py:3947} INFO - Setting next_dagrun for first_dag to 2025-01-18 00:00:00+00:00, run_after=2025-01-19 00:00:00+00:00
[2025-01-18T06:50:43.783+0000] {processor.py:183} INFO - Processing /opt/airflow/dags/first_dag_dec.py took 0.061 seconds
[2025-01-18T06:51:14.701+0000] {processor.py:161} INFO - Started process (PID=5213) to work on /opt/airflow/dags/first_dag_dec.py
[2025-01-18T06:51:14.702+0000] {processor.py:830} INFO - Processing file /opt/airflow/dags/first_dag_dec.py for tasks to queue
[2025-01-18T06:51:14.703+0000] {logging_mixin.py:188} INFO - [2025-01-18T06:51:14.703+0000] {dagbag.py:545} INFO - Filling up the DagBag from /opt/airflow/dags/first_dag_dec.py
[2025-01-18T06:51:14.715+0000] {processor.py:840} INFO - DAG(s) 'first_dag' retrieved from /opt/airflow/dags/first_dag_dec.py
[2025-01-18T06:51:14.776+0000] {logging_mixin.py:188} INFO - [2025-01-18T06:51:14.776+0000] {dag.py:3089} INFO - Sync 1 DAGs
[2025-01-18T06:51:14.787+0000] {logging_mixin.py:188} INFO - [2025-01-18T06:51:14.787+0000] {dag.py:3947} INFO - Setting next_dagrun for first_dag to 2025-01-18 00:00:00+00:00, run_after=2025-01-19 00:00:00+00:00
[2025-01-18T06:51:14.799+0000] {processor.py:183} INFO - Processing /opt/airflow/dags/first_dag_dec.py took 0.102 seconds
[2025-01-18T06:51:45.668+0000] {processor.py:161} INFO - Started process (PID=5490) to work on /opt/airflow/dags/first_dag_dec.py
[2025-01-18T06:51:45.669+0000] {processor.py:830} INFO - Processing file /opt/airflow/dags/first_dag_dec.py for tasks to queue
[2025-01-18T06:51:45.673+0000] {logging_mixin.py:188} INFO - [2025-01-18T06:51:45.672+0000] {dagbag.py:545} INFO - Filling up the DagBag from /opt/airflow/dags/first_dag_dec.py
[2025-01-18T06:51:45.692+0000] {processor.py:840} INFO - DAG(s) 'first_dag' retrieved from /opt/airflow/dags/first_dag_dec.py
[2025-01-18T06:51:45.712+0000] {logging_mixin.py:188} INFO - [2025-01-18T06:51:45.712+0000] {dag.py:3089} INFO - Sync 1 DAGs
[2025-01-18T06:51:45.731+0000] {logging_mixin.py:188} INFO - [2025-01-18T06:51:45.730+0000] {dag.py:3947} INFO - Setting next_dagrun for first_dag to 2025-01-18 00:00:00+00:00, run_after=2025-01-19 00:00:00+00:00
[2025-01-18T06:51:45.752+0000] {processor.py:183} INFO - Processing /opt/airflow/dags/first_dag_dec.py took 0.090 seconds
[2025-01-18T06:52:15.916+0000] {processor.py:161} INFO - Started process (PID=5767) to work on /opt/airflow/dags/first_dag_dec.py
[2025-01-18T06:52:15.917+0000] {processor.py:830} INFO - Processing file /opt/airflow/dags/first_dag_dec.py for tasks to queue
[2025-01-18T06:52:15.919+0000] {logging_mixin.py:188} INFO - [2025-01-18T06:52:15.919+0000] {dagbag.py:545} INFO - Filling up the DagBag from /opt/airflow/dags/first_dag_dec.py
[2025-01-18T06:52:15.937+0000] {processor.py:840} INFO - DAG(s) 'first_dag' retrieved from /opt/airflow/dags/first_dag_dec.py
[2025-01-18T06:52:15.948+0000] {logging_mixin.py:188} INFO - [2025-01-18T06:52:15.948+0000] {dag.py:3089} INFO - Sync 1 DAGs
[2025-01-18T06:52:15.964+0000] {logging_mixin.py:188} INFO - [2025-01-18T06:52:15.964+0000] {dag.py:3947} INFO - Setting next_dagrun for first_dag to 2025-01-18 00:00:00+00:00, run_after=2025-01-19 00:00:00+00:00
[2025-01-18T06:52:15.978+0000] {processor.py:183} INFO - Processing /opt/airflow/dags/first_dag_dec.py took 0.070 seconds
[2025-01-18T06:52:46.870+0000] {processor.py:161} INFO - Started process (PID=6044) to work on /opt/airflow/dags/first_dag_dec.py
[2025-01-18T06:52:46.871+0000] {processor.py:830} INFO - Processing file /opt/airflow/dags/first_dag_dec.py for tasks to queue
[2025-01-18T06:52:46.873+0000] {logging_mixin.py:188} INFO - [2025-01-18T06:52:46.872+0000] {dagbag.py:545} INFO - Filling up the DagBag from /opt/airflow/dags/first_dag_dec.py
[2025-01-18T06:52:46.885+0000] {processor.py:840} INFO - DAG(s) 'first_dag' retrieved from /opt/airflow/dags/first_dag_dec.py
[2025-01-18T06:52:46.948+0000] {logging_mixin.py:188} INFO - [2025-01-18T06:52:46.948+0000] {dag.py:3089} INFO - Sync 1 DAGs
[2025-01-18T06:52:46.959+0000] {logging_mixin.py:188} INFO - [2025-01-18T06:52:46.959+0000] {dag.py:3947} INFO - Setting next_dagrun for first_dag to 2025-01-18 00:00:00+00:00, run_after=2025-01-19 00:00:00+00:00
[2025-01-18T06:52:46.971+0000] {processor.py:183} INFO - Processing /opt/airflow/dags/first_dag_dec.py took 0.105 seconds
[2025-01-18T06:53:17.773+0000] {processor.py:161} INFO - Started process (PID=6321) to work on /opt/airflow/dags/first_dag_dec.py
[2025-01-18T06:53:17.774+0000] {processor.py:830} INFO - Processing file /opt/airflow/dags/first_dag_dec.py for tasks to queue
[2025-01-18T06:53:17.776+0000] {logging_mixin.py:188} INFO - [2025-01-18T06:53:17.776+0000] {dagbag.py:545} INFO - Filling up the DagBag from /opt/airflow/dags/first_dag_dec.py
[2025-01-18T06:53:17.788+0000] {processor.py:840} INFO - DAG(s) 'first_dag' retrieved from /opt/airflow/dags/first_dag_dec.py
[2025-01-18T06:53:17.802+0000] {logging_mixin.py:188} INFO - [2025-01-18T06:53:17.802+0000] {dag.py:3089} INFO - Sync 1 DAGs
[2025-01-18T06:53:17.814+0000] {logging_mixin.py:188} INFO - [2025-01-18T06:53:17.814+0000] {dag.py:3947} INFO - Setting next_dagrun for first_dag to 2025-01-18 00:00:00+00:00, run_after=2025-01-19 00:00:00+00:00
[2025-01-18T06:53:17.826+0000] {processor.py:183} INFO - Processing /opt/airflow/dags/first_dag_dec.py took 0.057 seconds
[2025-01-18T06:53:50.684+0000] {processor.py:161} INFO - Started process (PID=6598) to work on /opt/airflow/dags/first_dag_dec.py
[2025-01-18T06:53:50.685+0000] {processor.py:830} INFO - Processing file /opt/airflow/dags/first_dag_dec.py for tasks to queue
[2025-01-18T06:53:50.688+0000] {logging_mixin.py:188} INFO - [2025-01-18T06:53:50.687+0000] {dagbag.py:545} INFO - Filling up the DagBag from /opt/airflow/dags/first_dag_dec.py
[2025-01-18T06:53:50.700+0000] {processor.py:840} INFO - DAG(s) 'first_dag' retrieved from /opt/airflow/dags/first_dag_dec.py
[2025-01-18T06:53:50.757+0000] {logging_mixin.py:188} INFO - [2025-01-18T06:53:50.757+0000] {dag.py:3089} INFO - Sync 1 DAGs
[2025-01-18T06:53:50.768+0000] {logging_mixin.py:188} INFO - [2025-01-18T06:53:50.768+0000] {dag.py:3947} INFO - Setting next_dagrun for first_dag to 2025-01-18 00:00:00+00:00, run_after=2025-01-19 00:00:00+00:00
[2025-01-18T06:53:50.778+0000] {processor.py:183} INFO - Processing /opt/airflow/dags/first_dag_dec.py took 0.100 seconds
[2025-01-18T06:54:21.268+0000] {processor.py:161} INFO - Started process (PID=6875) to work on /opt/airflow/dags/first_dag_dec.py
[2025-01-18T06:54:21.269+0000] {processor.py:830} INFO - Processing file /opt/airflow/dags/first_dag_dec.py for tasks to queue
[2025-01-18T06:54:21.271+0000] {logging_mixin.py:188} INFO - [2025-01-18T06:54:21.271+0000] {dagbag.py:545} INFO - Filling up the DagBag from /opt/airflow/dags/first_dag_dec.py
[2025-01-18T06:54:21.284+0000] {processor.py:840} INFO - DAG(s) 'first_dag' retrieved from /opt/airflow/dags/first_dag_dec.py
[2025-01-18T06:54:21.300+0000] {logging_mixin.py:188} INFO - [2025-01-18T06:54:21.300+0000] {dag.py:3089} INFO - Sync 1 DAGs
[2025-01-18T06:54:21.313+0000] {logging_mixin.py:188} INFO - [2025-01-18T06:54:21.313+0000] {dag.py:3947} INFO - Setting next_dagrun for first_dag to 2025-01-18 00:00:00+00:00, run_after=2025-01-19 00:00:00+00:00
[2025-01-18T06:54:21.327+0000] {processor.py:183} INFO - Processing /opt/airflow/dags/first_dag_dec.py took 0.065 seconds
[2025-01-18T06:54:51.953+0000] {processor.py:161} INFO - Started process (PID=7152) to work on /opt/airflow/dags/first_dag_dec.py
[2025-01-18T06:54:51.954+0000] {processor.py:830} INFO - Processing file /opt/airflow/dags/first_dag_dec.py for tasks to queue
[2025-01-18T06:54:51.955+0000] {logging_mixin.py:188} INFO - [2025-01-18T06:54:51.955+0000] {dagbag.py:545} INFO - Filling up the DagBag from /opt/airflow/dags/first_dag_dec.py
[2025-01-18T06:54:51.970+0000] {processor.py:840} INFO - DAG(s) 'first_dag' retrieved from /opt/airflow/dags/first_dag_dec.py
[2025-01-18T06:54:52.030+0000] {logging_mixin.py:188} INFO - [2025-01-18T06:54:52.030+0000] {dag.py:3089} INFO - Sync 1 DAGs
[2025-01-18T06:54:52.043+0000] {logging_mixin.py:188} INFO - [2025-01-18T06:54:52.043+0000] {dag.py:3947} INFO - Setting next_dagrun for first_dag to 2025-01-18 00:00:00+00:00, run_after=2025-01-19 00:00:00+00:00
[2025-01-18T06:54:52.057+0000] {processor.py:183} INFO - Processing /opt/airflow/dags/first_dag_dec.py took 0.109 seconds
[2025-01-18T06:55:23.040+0000] {processor.py:161} INFO - Started process (PID=7429) to work on /opt/airflow/dags/first_dag_dec.py
[2025-01-18T06:55:23.041+0000] {processor.py:830} INFO - Processing file /opt/airflow/dags/first_dag_dec.py for tasks to queue
[2025-01-18T06:55:23.043+0000] {logging_mixin.py:188} INFO - [2025-01-18T06:55:23.043+0000] {dagbag.py:545} INFO - Filling up the DagBag from /opt/airflow/dags/first_dag_dec.py
[2025-01-18T06:55:23.058+0000] {processor.py:840} INFO - DAG(s) 'first_dag' retrieved from /opt/airflow/dags/first_dag_dec.py
[2025-01-18T06:55:23.073+0000] {logging_mixin.py:188} INFO - [2025-01-18T06:55:23.073+0000] {dag.py:3089} INFO - Sync 1 DAGs
[2025-01-18T06:55:23.087+0000] {logging_mixin.py:188} INFO - [2025-01-18T06:55:23.086+0000] {dag.py:3947} INFO - Setting next_dagrun for first_dag to 2025-01-18 00:00:00+00:00, run_after=2025-01-19 00:00:00+00:00
[2025-01-18T06:55:23.099+0000] {processor.py:183} INFO - Processing /opt/airflow/dags/first_dag_dec.py took 0.064 seconds
[2025-01-18T06:55:53.923+0000] {processor.py:161} INFO - Started process (PID=7706) to work on /opt/airflow/dags/first_dag_dec.py
[2025-01-18T06:55:53.925+0000] {processor.py:830} INFO - Processing file /opt/airflow/dags/first_dag_dec.py for tasks to queue
[2025-01-18T06:55:53.926+0000] {logging_mixin.py:188} INFO - [2025-01-18T06:55:53.926+0000] {dagbag.py:545} INFO - Filling up the DagBag from /opt/airflow/dags/first_dag_dec.py
[2025-01-18T06:55:53.937+0000] {processor.py:840} INFO - DAG(s) 'first_dag' retrieved from /opt/airflow/dags/first_dag_dec.py
[2025-01-18T06:55:53.995+0000] {logging_mixin.py:188} INFO - [2025-01-18T06:55:53.995+0000] {dag.py:3089} INFO - Sync 1 DAGs
[2025-01-18T06:55:54.006+0000] {logging_mixin.py:188} INFO - [2025-01-18T06:55:54.006+0000] {dag.py:3947} INFO - Setting next_dagrun for first_dag to 2025-01-18 00:00:00+00:00, run_after=2025-01-19 00:00:00+00:00
[2025-01-18T06:55:54.018+0000] {processor.py:183} INFO - Processing /opt/airflow/dags/first_dag_dec.py took 0.099 seconds
[2025-01-18T06:56:26.256+0000] {processor.py:161} INFO - Started process (PID=7983) to work on /opt/airflow/dags/first_dag_dec.py
[2025-01-18T06:56:26.257+0000] {processor.py:830} INFO - Processing file /opt/airflow/dags/first_dag_dec.py for tasks to queue
[2025-01-18T06:56:26.258+0000] {logging_mixin.py:188} INFO - [2025-01-18T06:56:26.258+0000] {dagbag.py:545} INFO - Filling up the DagBag from /opt/airflow/dags/first_dag_dec.py
[2025-01-18T06:56:26.270+0000] {processor.py:840} INFO - DAG(s) 'first_dag' retrieved from /opt/airflow/dags/first_dag_dec.py
[2025-01-18T06:56:26.284+0000] {logging_mixin.py:188} INFO - [2025-01-18T06:56:26.284+0000] {dag.py:3089} INFO - Sync 1 DAGs
[2025-01-18T06:56:26.296+0000] {logging_mixin.py:188} INFO - [2025-01-18T06:56:26.296+0000] {dag.py:3947} INFO - Setting next_dagrun for first_dag to 2025-01-18 00:00:00+00:00, run_after=2025-01-19 00:00:00+00:00
[2025-01-18T06:56:26.310+0000] {processor.py:183} INFO - Processing /opt/airflow/dags/first_dag_dec.py took 0.058 seconds
[2025-01-18T06:56:57.399+0000] {processor.py:161} INFO - Started process (PID=8260) to work on /opt/airflow/dags/first_dag_dec.py
[2025-01-18T06:56:57.400+0000] {processor.py:830} INFO - Processing file /opt/airflow/dags/first_dag_dec.py for tasks to queue
[2025-01-18T06:56:57.402+0000] {logging_mixin.py:188} INFO - [2025-01-18T06:56:57.402+0000] {dagbag.py:545} INFO - Filling up the DagBag from /opt/airflow/dags/first_dag_dec.py
[2025-01-18T06:56:57.418+0000] {processor.py:840} INFO - DAG(s) 'first_dag' retrieved from /opt/airflow/dags/first_dag_dec.py
[2025-01-18T06:56:57.476+0000] {logging_mixin.py:188} INFO - [2025-01-18T06:56:57.476+0000] {dag.py:3089} INFO - Sync 1 DAGs
[2025-01-18T06:56:57.487+0000] {logging_mixin.py:188} INFO - [2025-01-18T06:56:57.487+0000] {dag.py:3947} INFO - Setting next_dagrun for first_dag to 2025-01-18 00:00:00+00:00, run_after=2025-01-19 00:00:00+00:00
[2025-01-18T06:56:57.498+0000] {processor.py:183} INFO - Processing /opt/airflow/dags/first_dag_dec.py took 0.105 seconds
[2025-01-18T06:57:28.371+0000] {processor.py:161} INFO - Started process (PID=8537) to work on /opt/airflow/dags/first_dag_dec.py
[2025-01-18T06:57:28.372+0000] {processor.py:830} INFO - Processing file /opt/airflow/dags/first_dag_dec.py for tasks to queue
[2025-01-18T06:57:28.373+0000] {logging_mixin.py:188} INFO - [2025-01-18T06:57:28.373+0000] {dagbag.py:545} INFO - Filling up the DagBag from /opt/airflow/dags/first_dag_dec.py
[2025-01-18T06:57:28.390+0000] {processor.py:840} INFO - DAG(s) 'first_dag' retrieved from /opt/airflow/dags/first_dag_dec.py
[2025-01-18T06:57:28.411+0000] {logging_mixin.py:188} INFO - [2025-01-18T06:57:28.411+0000] {dag.py:3089} INFO - Sync 1 DAGs
[2025-01-18T06:57:28.429+0000] {logging_mixin.py:188} INFO - [2025-01-18T06:57:28.428+0000] {dag.py:3947} INFO - Setting next_dagrun for first_dag to 2025-01-18 00:00:00+00:00, run_after=2025-01-19 00:00:00+00:00
[2025-01-18T06:57:28.449+0000] {processor.py:183} INFO - Processing /opt/airflow/dags/first_dag_dec.py took 0.083 seconds
[2025-01-18T06:57:58.887+0000] {processor.py:161} INFO - Started process (PID=8814) to work on /opt/airflow/dags/first_dag_dec.py
[2025-01-18T06:57:58.889+0000] {processor.py:830} INFO - Processing file /opt/airflow/dags/first_dag_dec.py for tasks to queue
[2025-01-18T06:57:58.892+0000] {logging_mixin.py:188} INFO - [2025-01-18T06:57:58.891+0000] {dagbag.py:545} INFO - Filling up the DagBag from /opt/airflow/dags/first_dag_dec.py
[2025-01-18T06:57:58.910+0000] {processor.py:840} INFO - DAG(s) 'first_dag' retrieved from /opt/airflow/dags/first_dag_dec.py
[2025-01-18T06:57:58.981+0000] {logging_mixin.py:188} INFO - [2025-01-18T06:57:58.981+0000] {dag.py:3089} INFO - Sync 1 DAGs
[2025-01-18T06:57:58.992+0000] {logging_mixin.py:188} INFO - [2025-01-18T06:57:58.992+0000] {dag.py:3947} INFO - Setting next_dagrun for first_dag to 2025-01-18 00:00:00+00:00, run_after=2025-01-19 00:00:00+00:00
[2025-01-18T06:57:59.004+0000] {processor.py:183} INFO - Processing /opt/airflow/dags/first_dag_dec.py took 0.126 seconds
[2025-01-18T06:58:29.353+0000] {processor.py:161} INFO - Started process (PID=9091) to work on /opt/airflow/dags/first_dag_dec.py
[2025-01-18T06:58:29.353+0000] {processor.py:830} INFO - Processing file /opt/airflow/dags/first_dag_dec.py for tasks to queue
[2025-01-18T06:58:29.355+0000] {logging_mixin.py:188} INFO - [2025-01-18T06:58:29.354+0000] {dagbag.py:545} INFO - Filling up the DagBag from /opt/airflow/dags/first_dag_dec.py
[2025-01-18T06:58:29.368+0000] {processor.py:840} INFO - DAG(s) 'first_dag' retrieved from /opt/airflow/dags/first_dag_dec.py
[2025-01-18T06:58:29.383+0000] {logging_mixin.py:188} INFO - [2025-01-18T06:58:29.383+0000] {dag.py:3089} INFO - Sync 1 DAGs
[2025-01-18T06:58:29.396+0000] {logging_mixin.py:188} INFO - [2025-01-18T06:58:29.396+0000] {dag.py:3947} INFO - Setting next_dagrun for first_dag to 2025-01-18 00:00:00+00:00, run_after=2025-01-19 00:00:00+00:00
[2025-01-18T06:58:29.411+0000] {processor.py:183} INFO - Processing /opt/airflow/dags/first_dag_dec.py took 0.063 seconds
[2025-01-18T06:59:00.818+0000] {processor.py:161} INFO - Started process (PID=9368) to work on /opt/airflow/dags/first_dag_dec.py
[2025-01-18T06:59:00.819+0000] {processor.py:830} INFO - Processing file /opt/airflow/dags/first_dag_dec.py for tasks to queue
[2025-01-18T06:59:00.822+0000] {logging_mixin.py:188} INFO - [2025-01-18T06:59:00.821+0000] {dagbag.py:545} INFO - Filling up the DagBag from /opt/airflow/dags/first_dag_dec.py
[2025-01-18T06:59:00.837+0000] {processor.py:840} INFO - DAG(s) 'first_dag' retrieved from /opt/airflow/dags/first_dag_dec.py
[2025-01-18T06:59:00.905+0000] {logging_mixin.py:188} INFO - [2025-01-18T06:59:00.905+0000] {dag.py:3089} INFO - Sync 1 DAGs
[2025-01-18T06:59:00.917+0000] {logging_mixin.py:188} INFO - [2025-01-18T06:59:00.917+0000] {dag.py:3947} INFO - Setting next_dagrun for first_dag to 2025-01-18 00:00:00+00:00, run_after=2025-01-19 00:00:00+00:00
[2025-01-18T06:59:00.931+0000] {processor.py:183} INFO - Processing /opt/airflow/dags/first_dag_dec.py took 0.122 seconds
[2025-01-18T06:59:46.440+0000] {processor.py:161} INFO - Started process (PID=9650) to work on /opt/airflow/dags/first_dag_dec.py
[2025-01-18T06:59:46.441+0000] {processor.py:830} INFO - Processing file /opt/airflow/dags/first_dag_dec.py for tasks to queue
[2025-01-18T06:59:46.443+0000] {logging_mixin.py:188} INFO - [2025-01-18T06:59:46.442+0000] {dagbag.py:545} INFO - Filling up the DagBag from /opt/airflow/dags/first_dag_dec.py
[2025-01-18T06:59:46.456+0000] {processor.py:840} INFO - DAG(s) 'first_dag' retrieved from /opt/airflow/dags/first_dag_dec.py
[2025-01-18T06:59:46.470+0000] {logging_mixin.py:188} INFO - [2025-01-18T06:59:46.469+0000] {dag.py:3089} INFO - Sync 1 DAGs
[2025-01-18T06:59:46.483+0000] {logging_mixin.py:188} INFO - [2025-01-18T06:59:46.483+0000] {dag.py:3947} INFO - Setting next_dagrun for first_dag to 2025-01-18 00:00:00+00:00, run_after=2025-01-19 00:00:00+00:00
[2025-01-18T06:59:46.496+0000] {processor.py:183} INFO - Processing /opt/airflow/dags/first_dag_dec.py took 0.064 seconds
[2025-01-18T07:00:16.841+0000] {processor.py:161} INFO - Started process (PID=9927) to work on /opt/airflow/dags/first_dag_dec.py
[2025-01-18T07:00:16.842+0000] {processor.py:830} INFO - Processing file /opt/airflow/dags/first_dag_dec.py for tasks to queue
[2025-01-18T07:00:16.844+0000] {logging_mixin.py:188} INFO - [2025-01-18T07:00:16.844+0000] {dagbag.py:545} INFO - Filling up the DagBag from /opt/airflow/dags/first_dag_dec.py
[2025-01-18T07:00:16.861+0000] {processor.py:840} INFO - DAG(s) 'first_dag' retrieved from /opt/airflow/dags/first_dag_dec.py
[2025-01-18T07:00:16.919+0000] {logging_mixin.py:188} INFO - [2025-01-18T07:00:16.919+0000] {dag.py:3089} INFO - Sync 1 DAGs
[2025-01-18T07:00:16.930+0000] {logging_mixin.py:188} INFO - [2025-01-18T07:00:16.930+0000] {dag.py:3947} INFO - Setting next_dagrun for first_dag to 2025-01-18 00:00:00+00:00, run_after=2025-01-19 00:00:00+00:00
[2025-01-18T07:00:16.942+0000] {processor.py:183} INFO - Processing /opt/airflow/dags/first_dag_dec.py took 0.108 seconds
[2025-01-18T07:00:47.005+0000] {processor.py:161} INFO - Started process (PID=10203) to work on /opt/airflow/dags/first_dag_dec.py
[2025-01-18T07:00:47.006+0000] {processor.py:830} INFO - Processing file /opt/airflow/dags/first_dag_dec.py for tasks to queue
[2025-01-18T07:00:47.012+0000] {logging_mixin.py:188} INFO - [2025-01-18T07:00:47.011+0000] {dagbag.py:545} INFO - Filling up the DagBag from /opt/airflow/dags/first_dag_dec.py
[2025-01-18T07:00:47.025+0000] {processor.py:840} INFO - DAG(s) 'first_dag' retrieved from /opt/airflow/dags/first_dag_dec.py
[2025-01-18T07:00:47.046+0000] {logging_mixin.py:188} INFO - [2025-01-18T07:00:47.046+0000] {dag.py:3089} INFO - Sync 1 DAGs
[2025-01-18T07:00:47.065+0000] {logging_mixin.py:188} INFO - [2025-01-18T07:00:47.065+0000] {dag.py:3947} INFO - Setting next_dagrun for first_dag to 2025-01-18 00:00:00+00:00, run_after=2025-01-19 00:00:00+00:00
[2025-01-18T07:00:47.078+0000] {processor.py:183} INFO - Processing /opt/airflow/dags/first_dag_dec.py took 0.078 seconds
[2025-01-18T07:01:17.459+0000] {processor.py:161} INFO - Started process (PID=10481) to work on /opt/airflow/dags/first_dag_dec.py
[2025-01-18T07:01:17.460+0000] {processor.py:830} INFO - Processing file /opt/airflow/dags/first_dag_dec.py for tasks to queue
[2025-01-18T07:01:17.465+0000] {logging_mixin.py:188} INFO - [2025-01-18T07:01:17.464+0000] {dagbag.py:545} INFO - Filling up the DagBag from /opt/airflow/dags/first_dag_dec.py
[2025-01-18T07:01:17.487+0000] {processor.py:840} INFO - DAG(s) 'first_dag' retrieved from /opt/airflow/dags/first_dag_dec.py
[2025-01-18T07:01:17.548+0000] {logging_mixin.py:188} INFO - [2025-01-18T07:01:17.548+0000] {dag.py:3089} INFO - Sync 1 DAGs
[2025-01-18T07:01:17.559+0000] {logging_mixin.py:188} INFO - [2025-01-18T07:01:17.559+0000] {dag.py:3947} INFO - Setting next_dagrun for first_dag to 2025-01-18 00:00:00+00:00, run_after=2025-01-19 00:00:00+00:00
[2025-01-18T07:01:17.572+0000] {processor.py:183} INFO - Processing /opt/airflow/dags/first_dag_dec.py took 0.122 seconds
[2025-01-18T07:01:47.754+0000] {processor.py:161} INFO - Started process (PID=10758) to work on /opt/airflow/dags/first_dag_dec.py
[2025-01-18T07:01:47.755+0000] {processor.py:830} INFO - Processing file /opt/airflow/dags/first_dag_dec.py for tasks to queue
[2025-01-18T07:01:47.757+0000] {logging_mixin.py:188} INFO - [2025-01-18T07:01:47.757+0000] {dagbag.py:545} INFO - Filling up the DagBag from /opt/airflow/dags/first_dag_dec.py
[2025-01-18T07:01:47.769+0000] {processor.py:840} INFO - DAG(s) 'first_dag' retrieved from /opt/airflow/dags/first_dag_dec.py
[2025-01-18T07:01:47.783+0000] {logging_mixin.py:188} INFO - [2025-01-18T07:01:47.783+0000] {dag.py:3089} INFO - Sync 1 DAGs
[2025-01-18T07:01:47.796+0000] {logging_mixin.py:188} INFO - [2025-01-18T07:01:47.795+0000] {dag.py:3947} INFO - Setting next_dagrun for first_dag to 2025-01-18 00:00:00+00:00, run_after=2025-01-19 00:00:00+00:00
[2025-01-18T07:01:47.807+0000] {processor.py:183} INFO - Processing /opt/airflow/dags/first_dag_dec.py took 0.057 seconds
[2025-01-18T07:02:17.898+0000] {processor.py:161} INFO - Started process (PID=11032) to work on /opt/airflow/dags/first_dag_dec.py
[2025-01-18T07:02:17.900+0000] {processor.py:830} INFO - Processing file /opt/airflow/dags/first_dag_dec.py for tasks to queue
[2025-01-18T07:02:17.903+0000] {logging_mixin.py:188} INFO - [2025-01-18T07:02:17.903+0000] {dagbag.py:545} INFO - Filling up the DagBag from /opt/airflow/dags/first_dag_dec.py
[2025-01-18T07:02:17.920+0000] {processor.py:840} INFO - DAG(s) 'first_dag' retrieved from /opt/airflow/dags/first_dag_dec.py
[2025-01-18T07:02:18.084+0000] {logging_mixin.py:188} INFO - [2025-01-18T07:02:18.084+0000] {dag.py:3089} INFO - Sync 1 DAGs
[2025-01-18T07:02:18.093+0000] {logging_mixin.py:188} INFO - [2025-01-18T07:02:18.093+0000] {dag.py:3947} INFO - Setting next_dagrun for first_dag to 2025-01-18 00:00:00+00:00, run_after=2025-01-19 00:00:00+00:00
[2025-01-18T07:02:18.111+0000] {processor.py:183} INFO - Processing /opt/airflow/dags/first_dag_dec.py took 0.224 seconds
[2025-01-18T07:02:48.283+0000] {processor.py:161} INFO - Started process (PID=11312) to work on /opt/airflow/dags/first_dag_dec.py
[2025-01-18T07:02:48.283+0000] {processor.py:830} INFO - Processing file /opt/airflow/dags/first_dag_dec.py for tasks to queue
[2025-01-18T07:02:48.285+0000] {logging_mixin.py:188} INFO - [2025-01-18T07:02:48.284+0000] {dagbag.py:545} INFO - Filling up the DagBag from /opt/airflow/dags/first_dag_dec.py
[2025-01-18T07:02:48.298+0000] {processor.py:840} INFO - DAG(s) 'first_dag' retrieved from /opt/airflow/dags/first_dag_dec.py
[2025-01-18T07:02:48.310+0000] {logging_mixin.py:188} INFO - [2025-01-18T07:02:48.310+0000] {dag.py:3089} INFO - Sync 1 DAGs
[2025-01-18T07:02:48.324+0000] {logging_mixin.py:188} INFO - [2025-01-18T07:02:48.324+0000] {dag.py:3947} INFO - Setting next_dagrun for first_dag to 2025-01-18 00:00:00+00:00, run_after=2025-01-19 00:00:00+00:00
[2025-01-18T07:02:48.335+0000] {processor.py:183} INFO - Processing /opt/airflow/dags/first_dag_dec.py took 0.060 seconds
[2025-01-18T07:03:18.499+0000] {processor.py:161} INFO - Started process (PID=11590) to work on /opt/airflow/dags/first_dag_dec.py
[2025-01-18T07:03:18.500+0000] {processor.py:830} INFO - Processing file /opt/airflow/dags/first_dag_dec.py for tasks to queue
[2025-01-18T07:03:18.501+0000] {logging_mixin.py:188} INFO - [2025-01-18T07:03:18.501+0000] {dagbag.py:545} INFO - Filling up the DagBag from /opt/airflow/dags/first_dag_dec.py
[2025-01-18T07:03:18.512+0000] {processor.py:840} INFO - DAG(s) 'first_dag' retrieved from /opt/airflow/dags/first_dag_dec.py
[2025-01-18T07:03:18.568+0000] {logging_mixin.py:188} INFO - [2025-01-18T07:03:18.568+0000] {dag.py:3089} INFO - Sync 1 DAGs
[2025-01-18T07:03:18.681+0000] {logging_mixin.py:188} INFO - [2025-01-18T07:03:18.681+0000] {dag.py:3947} INFO - Setting next_dagrun for first_dag to 2025-01-18 00:00:00+00:00, run_after=2025-01-19 00:00:00+00:00
[2025-01-18T07:03:18.694+0000] {processor.py:183} INFO - Processing /opt/airflow/dags/first_dag_dec.py took 0.199 seconds
[2025-01-18T07:03:48.805+0000] {processor.py:161} INFO - Started process (PID=11863) to work on /opt/airflow/dags/first_dag_dec.py
[2025-01-18T07:03:48.806+0000] {processor.py:830} INFO - Processing file /opt/airflow/dags/first_dag_dec.py for tasks to queue
[2025-01-18T07:03:48.808+0000] {logging_mixin.py:188} INFO - [2025-01-18T07:03:48.808+0000] {dagbag.py:545} INFO - Filling up the DagBag from /opt/airflow/dags/first_dag_dec.py
[2025-01-18T07:03:48.821+0000] {processor.py:840} INFO - DAG(s) 'first_dag' retrieved from /opt/airflow/dags/first_dag_dec.py
[2025-01-18T07:03:48.835+0000] {logging_mixin.py:188} INFO - [2025-01-18T07:03:48.835+0000] {dag.py:3089} INFO - Sync 1 DAGs
[2025-01-18T07:03:48.847+0000] {logging_mixin.py:188} INFO - [2025-01-18T07:03:48.847+0000] {dag.py:3947} INFO - Setting next_dagrun for first_dag to 2025-01-18 00:00:00+00:00, run_after=2025-01-19 00:00:00+00:00
[2025-01-18T07:03:48.860+0000] {processor.py:183} INFO - Processing /opt/airflow/dags/first_dag_dec.py took 0.058 seconds
[2025-01-18T07:04:19.234+0000] {processor.py:161} INFO - Started process (PID=12139) to work on /opt/airflow/dags/first_dag_dec.py
[2025-01-18T07:04:19.235+0000] {processor.py:830} INFO - Processing file /opt/airflow/dags/first_dag_dec.py for tasks to queue
[2025-01-18T07:04:19.236+0000] {logging_mixin.py:188} INFO - [2025-01-18T07:04:19.236+0000] {dagbag.py:545} INFO - Filling up the DagBag from /opt/airflow/dags/first_dag_dec.py
[2025-01-18T07:04:19.248+0000] {processor.py:840} INFO - DAG(s) 'first_dag' retrieved from /opt/airflow/dags/first_dag_dec.py
[2025-01-18T07:04:19.305+0000] {logging_mixin.py:188} INFO - [2025-01-18T07:04:19.305+0000] {dag.py:3089} INFO - Sync 1 DAGs
[2025-01-18T07:04:19.315+0000] {logging_mixin.py:188} INFO - [2025-01-18T07:04:19.315+0000] {dag.py:3947} INFO - Setting next_dagrun for first_dag to 2025-01-18 00:00:00+00:00, run_after=2025-01-19 00:00:00+00:00
[2025-01-18T07:04:19.326+0000] {processor.py:183} INFO - Processing /opt/airflow/dags/first_dag_dec.py took 0.095 seconds
[2025-01-18T07:04:49.496+0000] {processor.py:161} INFO - Started process (PID=12418) to work on /opt/airflow/dags/first_dag_dec.py
[2025-01-18T07:04:49.497+0000] {processor.py:830} INFO - Processing file /opt/airflow/dags/first_dag_dec.py for tasks to queue
[2025-01-18T07:04:49.498+0000] {logging_mixin.py:188} INFO - [2025-01-18T07:04:49.498+0000] {dagbag.py:545} INFO - Filling up the DagBag from /opt/airflow/dags/first_dag_dec.py
[2025-01-18T07:04:49.510+0000] {processor.py:840} INFO - DAG(s) 'first_dag' retrieved from /opt/airflow/dags/first_dag_dec.py
[2025-01-18T07:04:49.526+0000] {logging_mixin.py:188} INFO - [2025-01-18T07:04:49.526+0000] {dag.py:3089} INFO - Sync 1 DAGs
[2025-01-18T07:04:49.541+0000] {logging_mixin.py:188} INFO - [2025-01-18T07:04:49.540+0000] {dag.py:3947} INFO - Setting next_dagrun for first_dag to 2025-01-18 00:00:00+00:00, run_after=2025-01-19 00:00:00+00:00
[2025-01-18T07:04:49.557+0000] {processor.py:183} INFO - Processing /opt/airflow/dags/first_dag_dec.py took 0.067 seconds
[2025-01-18T07:05:19.648+0000] {processor.py:161} INFO - Started process (PID=12693) to work on /opt/airflow/dags/first_dag_dec.py
[2025-01-18T07:05:19.649+0000] {processor.py:830} INFO - Processing file /opt/airflow/dags/first_dag_dec.py for tasks to queue
[2025-01-18T07:05:19.650+0000] {logging_mixin.py:188} INFO - [2025-01-18T07:05:19.650+0000] {dagbag.py:545} INFO - Filling up the DagBag from /opt/airflow/dags/first_dag_dec.py
[2025-01-18T07:05:19.664+0000] {processor.py:840} INFO - DAG(s) 'first_dag' retrieved from /opt/airflow/dags/first_dag_dec.py
[2025-01-18T07:05:19.844+0000] {logging_mixin.py:188} INFO - [2025-01-18T07:05:19.843+0000] {dag.py:3089} INFO - Sync 1 DAGs
[2025-01-18T07:05:19.853+0000] {logging_mixin.py:188} INFO - [2025-01-18T07:05:19.853+0000] {dag.py:3947} INFO - Setting next_dagrun for first_dag to 2025-01-18 00:00:00+00:00, run_after=2025-01-19 00:00:00+00:00
[2025-01-18T07:05:19.864+0000] {processor.py:183} INFO - Processing /opt/airflow/dags/first_dag_dec.py took 0.221 seconds
[2025-01-18T07:05:50.065+0000] {processor.py:161} INFO - Started process (PID=12977) to work on /opt/airflow/dags/first_dag_dec.py
[2025-01-18T07:05:50.066+0000] {processor.py:830} INFO - Processing file /opt/airflow/dags/first_dag_dec.py for tasks to queue
[2025-01-18T07:05:50.068+0000] {logging_mixin.py:188} INFO - [2025-01-18T07:05:50.068+0000] {dagbag.py:545} INFO - Filling up the DagBag from /opt/airflow/dags/first_dag_dec.py
[2025-01-18T07:05:50.082+0000] {processor.py:840} INFO - DAG(s) 'first_dag' retrieved from /opt/airflow/dags/first_dag_dec.py
[2025-01-18T07:05:50.096+0000] {logging_mixin.py:188} INFO - [2025-01-18T07:05:50.096+0000] {dag.py:3089} INFO - Sync 1 DAGs
[2025-01-18T07:05:50.111+0000] {logging_mixin.py:188} INFO - [2025-01-18T07:05:50.111+0000] {dag.py:3947} INFO - Setting next_dagrun for first_dag to 2025-01-18 00:00:00+00:00, run_after=2025-01-19 00:00:00+00:00
[2025-01-18T07:05:50.123+0000] {processor.py:183} INFO - Processing /opt/airflow/dags/first_dag_dec.py took 0.063 seconds
[2025-01-18T07:06:20.253+0000] {processor.py:161} INFO - Started process (PID=13247) to work on /opt/airflow/dags/first_dag_dec.py
[2025-01-18T07:06:20.253+0000] {processor.py:830} INFO - Processing file /opt/airflow/dags/first_dag_dec.py for tasks to queue
[2025-01-18T07:06:20.254+0000] {logging_mixin.py:188} INFO - [2025-01-18T07:06:20.254+0000] {dagbag.py:545} INFO - Filling up the DagBag from /opt/airflow/dags/first_dag_dec.py
[2025-01-18T07:06:20.269+0000] {processor.py:840} INFO - DAG(s) 'first_dag' retrieved from /opt/airflow/dags/first_dag_dec.py
[2025-01-18T07:06:20.333+0000] {logging_mixin.py:188} INFO - [2025-01-18T07:06:20.333+0000] {dag.py:3089} INFO - Sync 1 DAGs
[2025-01-18T07:06:20.457+0000] {logging_mixin.py:188} INFO - [2025-01-18T07:06:20.457+0000] {dag.py:3947} INFO - Setting next_dagrun for first_dag to 2025-01-18 00:00:00+00:00, run_after=2025-01-19 00:00:00+00:00
[2025-01-18T07:06:20.477+0000] {processor.py:183} INFO - Processing /opt/airflow/dags/first_dag_dec.py took 0.228 seconds
[2025-01-18T07:06:50.745+0000] {processor.py:161} INFO - Started process (PID=13531) to work on /opt/airflow/dags/first_dag_dec.py
[2025-01-18T07:06:50.746+0000] {processor.py:830} INFO - Processing file /opt/airflow/dags/first_dag_dec.py for tasks to queue
[2025-01-18T07:06:50.747+0000] {logging_mixin.py:188} INFO - [2025-01-18T07:06:50.747+0000] {dagbag.py:545} INFO - Filling up the DagBag from /opt/airflow/dags/first_dag_dec.py
[2025-01-18T07:06:50.767+0000] {processor.py:840} INFO - DAG(s) 'first_dag' retrieved from /opt/airflow/dags/first_dag_dec.py
[2025-01-18T07:06:50.919+0000] {logging_mixin.py:188} INFO - [2025-01-18T07:06:50.919+0000] {dag.py:3089} INFO - Sync 1 DAGs
[2025-01-18T07:06:50.928+0000] {logging_mixin.py:188} INFO - [2025-01-18T07:06:50.928+0000] {dag.py:3947} INFO - Setting next_dagrun for first_dag to 2025-01-18 00:00:00+00:00, run_after=2025-01-19 00:00:00+00:00
[2025-01-18T07:06:50.941+0000] {processor.py:183} INFO - Processing /opt/airflow/dags/first_dag_dec.py took 0.200 seconds
[2025-01-18T07:07:20.992+0000] {processor.py:161} INFO - Started process (PID=13808) to work on /opt/airflow/dags/first_dag_dec.py
[2025-01-18T07:07:20.993+0000] {processor.py:830} INFO - Processing file /opt/airflow/dags/first_dag_dec.py for tasks to queue
[2025-01-18T07:07:20.994+0000] {logging_mixin.py:188} INFO - [2025-01-18T07:07:20.994+0000] {dagbag.py:545} INFO - Filling up the DagBag from /opt/airflow/dags/first_dag_dec.py
[2025-01-18T07:07:21.008+0000] {processor.py:840} INFO - DAG(s) 'first_dag' retrieved from /opt/airflow/dags/first_dag_dec.py
[2025-01-18T07:07:21.022+0000] {logging_mixin.py:188} INFO - [2025-01-18T07:07:21.022+0000] {dag.py:3089} INFO - Sync 1 DAGs
[2025-01-18T07:07:21.034+0000] {logging_mixin.py:188} INFO - [2025-01-18T07:07:21.034+0000] {dag.py:3947} INFO - Setting next_dagrun for first_dag to 2025-01-18 00:00:00+00:00, run_after=2025-01-19 00:00:00+00:00
[2025-01-18T07:07:21.046+0000] {processor.py:183} INFO - Processing /opt/airflow/dags/first_dag_dec.py took 0.058 seconds
[2025-01-18T07:07:51.136+0000] {processor.py:161} INFO - Started process (PID=14078) to work on /opt/airflow/dags/first_dag_dec.py
[2025-01-18T07:07:51.137+0000] {processor.py:830} INFO - Processing file /opt/airflow/dags/first_dag_dec.py for tasks to queue
[2025-01-18T07:07:51.139+0000] {logging_mixin.py:188} INFO - [2025-01-18T07:07:51.139+0000] {dagbag.py:545} INFO - Filling up the DagBag from /opt/airflow/dags/first_dag_dec.py
[2025-01-18T07:07:51.160+0000] {processor.py:840} INFO - DAG(s) 'first_dag' retrieved from /opt/airflow/dags/first_dag_dec.py
[2025-01-18T07:07:51.375+0000] {logging_mixin.py:188} INFO - [2025-01-18T07:07:51.375+0000] {dag.py:3089} INFO - Sync 1 DAGs
[2025-01-18T07:07:51.385+0000] {logging_mixin.py:188} INFO - [2025-01-18T07:07:51.385+0000] {dag.py:3947} INFO - Setting next_dagrun for first_dag to 2025-01-18 00:00:00+00:00, run_after=2025-01-19 00:00:00+00:00
[2025-01-18T07:07:51.398+0000] {processor.py:183} INFO - Processing /opt/airflow/dags/first_dag_dec.py took 0.268 seconds
[2025-01-18T07:08:21.600+0000] {processor.py:161} INFO - Started process (PID=14358) to work on /opt/airflow/dags/first_dag_dec.py
[2025-01-18T07:08:21.600+0000] {processor.py:830} INFO - Processing file /opt/airflow/dags/first_dag_dec.py for tasks to queue
[2025-01-18T07:08:21.602+0000] {logging_mixin.py:188} INFO - [2025-01-18T07:08:21.601+0000] {dagbag.py:545} INFO - Filling up the DagBag from /opt/airflow/dags/first_dag_dec.py
[2025-01-18T07:08:21.615+0000] {processor.py:840} INFO - DAG(s) 'first_dag' retrieved from /opt/airflow/dags/first_dag_dec.py
[2025-01-18T07:08:21.780+0000] {logging_mixin.py:188} INFO - [2025-01-18T07:08:21.780+0000] {dag.py:3089} INFO - Sync 1 DAGs
[2025-01-18T07:08:21.797+0000] {logging_mixin.py:188} INFO - [2025-01-18T07:08:21.797+0000] {dag.py:3947} INFO - Setting next_dagrun for first_dag to 2025-01-18 00:00:00+00:00, run_after=2025-01-19 00:00:00+00:00
[2025-01-18T07:08:21.807+0000] {processor.py:183} INFO - Processing /opt/airflow/dags/first_dag_dec.py took 0.213 seconds
[2025-01-18T07:08:51.859+0000] {processor.py:161} INFO - Started process (PID=14635) to work on /opt/airflow/dags/first_dag_dec.py
[2025-01-18T07:08:51.860+0000] {processor.py:830} INFO - Processing file /opt/airflow/dags/first_dag_dec.py for tasks to queue
[2025-01-18T07:08:51.861+0000] {logging_mixin.py:188} INFO - [2025-01-18T07:08:51.861+0000] {dagbag.py:545} INFO - Filling up the DagBag from /opt/airflow/dags/first_dag_dec.py
[2025-01-18T07:08:51.875+0000] {processor.py:840} INFO - DAG(s) 'first_dag' retrieved from /opt/airflow/dags/first_dag_dec.py
[2025-01-18T07:08:51.928+0000] {logging_mixin.py:188} INFO - [2025-01-18T07:08:51.928+0000] {dag.py:3089} INFO - Sync 1 DAGs
[2025-01-18T07:08:51.938+0000] {logging_mixin.py:188} INFO - [2025-01-18T07:08:51.938+0000] {dag.py:3947} INFO - Setting next_dagrun for first_dag to 2025-01-18 00:00:00+00:00, run_after=2025-01-19 00:00:00+00:00
[2025-01-18T07:08:51.950+0000] {processor.py:183} INFO - Processing /opt/airflow/dags/first_dag_dec.py took 0.095 seconds
[2025-01-18T07:09:22.627+0000] {processor.py:161} INFO - Started process (PID=14910) to work on /opt/airflow/dags/first_dag_dec.py
[2025-01-18T07:09:22.627+0000] {processor.py:830} INFO - Processing file /opt/airflow/dags/first_dag_dec.py for tasks to queue
[2025-01-18T07:09:22.629+0000] {logging_mixin.py:188} INFO - [2025-01-18T07:09:22.628+0000] {dagbag.py:545} INFO - Filling up the DagBag from /opt/airflow/dags/first_dag_dec.py
[2025-01-18T07:09:22.639+0000] {processor.py:840} INFO - DAG(s) 'first_dag' retrieved from /opt/airflow/dags/first_dag_dec.py
[2025-01-18T07:09:22.652+0000] {logging_mixin.py:188} INFO - [2025-01-18T07:09:22.652+0000] {dag.py:3089} INFO - Sync 1 DAGs
[2025-01-18T07:09:22.665+0000] {logging_mixin.py:188} INFO - [2025-01-18T07:09:22.665+0000] {dag.py:3947} INFO - Setting next_dagrun for first_dag to 2025-01-18 00:00:00+00:00, run_after=2025-01-19 00:00:00+00:00
[2025-01-18T07:09:22.679+0000] {processor.py:183} INFO - Processing /opt/airflow/dags/first_dag_dec.py took 0.056 seconds
[2025-01-18T07:09:53.451+0000] {processor.py:161} INFO - Started process (PID=15193) to work on /opt/airflow/dags/first_dag_dec.py
[2025-01-18T07:09:53.452+0000] {processor.py:830} INFO - Processing file /opt/airflow/dags/first_dag_dec.py for tasks to queue
[2025-01-18T07:09:53.453+0000] {logging_mixin.py:188} INFO - [2025-01-18T07:09:53.453+0000] {dagbag.py:545} INFO - Filling up the DagBag from /opt/airflow/dags/first_dag_dec.py
[2025-01-18T07:09:53.471+0000] {processor.py:840} INFO - DAG(s) 'first_dag' retrieved from /opt/airflow/dags/first_dag_dec.py
[2025-01-18T07:09:53.526+0000] {logging_mixin.py:188} INFO - [2025-01-18T07:09:53.526+0000] {dag.py:3089} INFO - Sync 1 DAGs
[2025-01-18T07:09:53.537+0000] {logging_mixin.py:188} INFO - [2025-01-18T07:09:53.537+0000] {dag.py:3947} INFO - Setting next_dagrun for first_dag to 2025-01-18 00:00:00+00:00, run_after=2025-01-19 00:00:00+00:00
[2025-01-18T07:09:53.548+0000] {processor.py:183} INFO - Processing /opt/airflow/dags/first_dag_dec.py took 0.103 seconds
[2025-01-18T07:10:23.765+0000] {processor.py:161} INFO - Started process (PID=15475) to work on /opt/airflow/dags/first_dag_dec.py
[2025-01-18T07:10:23.766+0000] {processor.py:830} INFO - Processing file /opt/airflow/dags/first_dag_dec.py for tasks to queue
[2025-01-18T07:10:23.767+0000] {logging_mixin.py:188} INFO - [2025-01-18T07:10:23.767+0000] {dagbag.py:545} INFO - Filling up the DagBag from /opt/airflow/dags/first_dag_dec.py
[2025-01-18T07:10:23.778+0000] {processor.py:840} INFO - DAG(s) 'first_dag' retrieved from /opt/airflow/dags/first_dag_dec.py
[2025-01-18T07:10:23.790+0000] {logging_mixin.py:188} INFO - [2025-01-18T07:10:23.790+0000] {dag.py:3089} INFO - Sync 1 DAGs
[2025-01-18T07:10:23.803+0000] {logging_mixin.py:188} INFO - [2025-01-18T07:10:23.802+0000] {dag.py:3947} INFO - Setting next_dagrun for first_dag to 2025-01-18 00:00:00+00:00, run_after=2025-01-19 00:00:00+00:00
[2025-01-18T07:10:23.817+0000] {processor.py:183} INFO - Processing /opt/airflow/dags/first_dag_dec.py took 0.055 seconds
[2025-01-18T07:10:53.979+0000] {processor.py:161} INFO - Started process (PID=15757) to work on /opt/airflow/dags/first_dag_dec.py
[2025-01-18T07:10:53.979+0000] {processor.py:830} INFO - Processing file /opt/airflow/dags/first_dag_dec.py for tasks to queue
[2025-01-18T07:10:53.981+0000] {logging_mixin.py:188} INFO - [2025-01-18T07:10:53.980+0000] {dagbag.py:545} INFO - Filling up the DagBag from /opt/airflow/dags/first_dag_dec.py
[2025-01-18T07:10:53.995+0000] {processor.py:840} INFO - DAG(s) 'first_dag' retrieved from /opt/airflow/dags/first_dag_dec.py
[2025-01-18T07:10:54.053+0000] {logging_mixin.py:188} INFO - [2025-01-18T07:10:54.053+0000] {dag.py:3089} INFO - Sync 1 DAGs
[2025-01-18T07:10:54.064+0000] {logging_mixin.py:188} INFO - [2025-01-18T07:10:54.064+0000] {dag.py:3947} INFO - Setting next_dagrun for first_dag to 2025-01-18 00:00:00+00:00, run_after=2025-01-19 00:00:00+00:00
[2025-01-18T07:10:54.077+0000] {processor.py:183} INFO - Processing /opt/airflow/dags/first_dag_dec.py took 0.102 seconds
[2025-01-18T07:11:24.925+0000] {processor.py:161} INFO - Started process (PID=16040) to work on /opt/airflow/dags/first_dag_dec.py
[2025-01-18T07:11:24.926+0000] {processor.py:830} INFO - Processing file /opt/airflow/dags/first_dag_dec.py for tasks to queue
[2025-01-18T07:11:24.929+0000] {logging_mixin.py:188} INFO - [2025-01-18T07:11:24.929+0000] {dagbag.py:545} INFO - Filling up the DagBag from /opt/airflow/dags/first_dag_dec.py
[2025-01-18T07:11:24.965+0000] {processor.py:840} INFO - DAG(s) 'first_dag' retrieved from /opt/airflow/dags/first_dag_dec.py
[2025-01-18T07:11:24.995+0000] {logging_mixin.py:188} INFO - [2025-01-18T07:11:24.994+0000] {dag.py:3089} INFO - Sync 1 DAGs
[2025-01-18T07:11:25.012+0000] {logging_mixin.py:188} INFO - [2025-01-18T07:11:25.012+0000] {dag.py:3947} INFO - Setting next_dagrun for first_dag to 2025-01-18 00:00:00+00:00, run_after=2025-01-19 00:00:00+00:00
[2025-01-18T07:11:25.031+0000] {processor.py:183} INFO - Processing /opt/airflow/dags/first_dag_dec.py took 0.111 seconds
[2025-01-18T07:12:31.596+0000] {processor.py:161} INFO - Started process (PID=16182) to work on /opt/airflow/dags/first_dag_dec.py
[2025-01-18T07:12:31.598+0000] {processor.py:830} INFO - Processing file /opt/airflow/dags/first_dag_dec.py for tasks to queue
[2025-01-18T07:12:31.600+0000] {logging_mixin.py:188} INFO - [2025-01-18T07:12:31.600+0000] {dagbag.py:545} INFO - Filling up the DagBag from /opt/airflow/dags/first_dag_dec.py
[2025-01-18T07:12:31.616+0000] {processor.py:840} INFO - DAG(s) 'first_dag' retrieved from /opt/airflow/dags/first_dag_dec.py
[2025-01-18T07:12:31.687+0000] {logging_mixin.py:188} INFO - [2025-01-18T07:12:31.687+0000] {dag.py:3089} INFO - Sync 1 DAGs
[2025-01-18T07:12:31.701+0000] {logging_mixin.py:188} INFO - [2025-01-18T07:12:31.700+0000] {dag.py:3947} INFO - Setting next_dagrun for first_dag to 2025-01-18 00:00:00+00:00, run_after=2025-01-19 00:00:00+00:00
[2025-01-18T07:12:31.717+0000] {processor.py:183} INFO - Processing /opt/airflow/dags/first_dag_dec.py took 0.127 seconds
[2025-01-18T07:13:01.789+0000] {processor.py:161} INFO - Started process (PID=16462) to work on /opt/airflow/dags/first_dag_dec.py
[2025-01-18T07:13:01.791+0000] {processor.py:830} INFO - Processing file /opt/airflow/dags/first_dag_dec.py for tasks to queue
[2025-01-18T07:13:01.792+0000] {logging_mixin.py:188} INFO - [2025-01-18T07:13:01.792+0000] {dagbag.py:545} INFO - Filling up the DagBag from /opt/airflow/dags/first_dag_dec.py
[2025-01-18T07:13:01.807+0000] {processor.py:840} INFO - DAG(s) 'first_dag' retrieved from /opt/airflow/dags/first_dag_dec.py
[2025-01-18T07:13:01.821+0000] {logging_mixin.py:188} INFO - [2025-01-18T07:13:01.821+0000] {dag.py:3089} INFO - Sync 1 DAGs
[2025-01-18T07:13:01.834+0000] {logging_mixin.py:188} INFO - [2025-01-18T07:13:01.834+0000] {dag.py:3947} INFO - Setting next_dagrun for first_dag to 2025-01-18 00:00:00+00:00, run_after=2025-01-19 00:00:00+00:00
[2025-01-18T07:13:01.844+0000] {processor.py:183} INFO - Processing /opt/airflow/dags/first_dag_dec.py took 0.060 seconds
[2025-01-18T07:13:32.313+0000] {processor.py:161} INFO - Started process (PID=16744) to work on /opt/airflow/dags/first_dag_dec.py
[2025-01-18T07:13:32.314+0000] {processor.py:830} INFO - Processing file /opt/airflow/dags/first_dag_dec.py for tasks to queue
[2025-01-18T07:13:32.315+0000] {logging_mixin.py:188} INFO - [2025-01-18T07:13:32.315+0000] {dagbag.py:545} INFO - Filling up the DagBag from /opt/airflow/dags/first_dag_dec.py
[2025-01-18T07:13:32.328+0000] {processor.py:840} INFO - DAG(s) 'first_dag' retrieved from /opt/airflow/dags/first_dag_dec.py
[2025-01-18T07:13:32.338+0000] {logging_mixin.py:188} INFO - [2025-01-18T07:13:32.338+0000] {dag.py:3089} INFO - Sync 1 DAGs
[2025-01-18T07:13:32.350+0000] {logging_mixin.py:188} INFO - [2025-01-18T07:13:32.350+0000] {dag.py:3947} INFO - Setting next_dagrun for first_dag to 2025-01-18 00:00:00+00:00, run_after=2025-01-19 00:00:00+00:00
[2025-01-18T07:13:32.362+0000] {processor.py:183} INFO - Processing /opt/airflow/dags/first_dag_dec.py took 0.054 seconds
[2025-01-18T07:14:02.770+0000] {processor.py:161} INFO - Started process (PID=17026) to work on /opt/airflow/dags/first_dag_dec.py
[2025-01-18T07:14:02.771+0000] {processor.py:830} INFO - Processing file /opt/airflow/dags/first_dag_dec.py for tasks to queue
[2025-01-18T07:14:02.772+0000] {logging_mixin.py:188} INFO - [2025-01-18T07:14:02.772+0000] {dagbag.py:545} INFO - Filling up the DagBag from /opt/airflow/dags/first_dag_dec.py
[2025-01-18T07:14:02.784+0000] {processor.py:840} INFO - DAG(s) 'first_dag' retrieved from /opt/airflow/dags/first_dag_dec.py
[2025-01-18T07:14:02.847+0000] {logging_mixin.py:188} INFO - [2025-01-18T07:14:02.846+0000] {dag.py:3089} INFO - Sync 1 DAGs
[2025-01-18T07:14:02.860+0000] {logging_mixin.py:188} INFO - [2025-01-18T07:14:02.860+0000] {dag.py:3947} INFO - Setting next_dagrun for first_dag to 2025-01-18 00:00:00+00:00, run_after=2025-01-19 00:00:00+00:00
[2025-01-18T07:14:02.872+0000] {processor.py:183} INFO - Processing /opt/airflow/dags/first_dag_dec.py took 0.108 seconds
[2025-01-18T07:14:33.093+0000] {processor.py:161} INFO - Started process (PID=17304) to work on /opt/airflow/dags/first_dag_dec.py
[2025-01-18T07:14:33.094+0000] {processor.py:830} INFO - Processing file /opt/airflow/dags/first_dag_dec.py for tasks to queue
[2025-01-18T07:14:33.096+0000] {logging_mixin.py:188} INFO - [2025-01-18T07:14:33.095+0000] {dagbag.py:545} INFO - Filling up the DagBag from /opt/airflow/dags/first_dag_dec.py
[2025-01-18T07:14:33.110+0000] {processor.py:840} INFO - DAG(s) 'first_dag' retrieved from /opt/airflow/dags/first_dag_dec.py
[2025-01-18T07:14:33.129+0000] {logging_mixin.py:188} INFO - [2025-01-18T07:14:33.129+0000] {dag.py:3089} INFO - Sync 1 DAGs
[2025-01-18T07:14:33.144+0000] {logging_mixin.py:188} INFO - [2025-01-18T07:14:33.144+0000] {dag.py:3947} INFO - Setting next_dagrun for first_dag to 2025-01-18 00:00:00+00:00, run_after=2025-01-19 00:00:00+00:00
[2025-01-18T07:14:33.157+0000] {processor.py:183} INFO - Processing /opt/airflow/dags/first_dag_dec.py took 0.068 seconds
[2025-01-18T07:15:03.630+0000] {processor.py:161} INFO - Started process (PID=17562) to work on /opt/airflow/dags/first_dag_dec.py
[2025-01-18T07:15:03.631+0000] {processor.py:830} INFO - Processing file /opt/airflow/dags/first_dag_dec.py for tasks to queue
[2025-01-18T07:15:03.632+0000] {logging_mixin.py:188} INFO - [2025-01-18T07:15:03.632+0000] {dagbag.py:545} INFO - Filling up the DagBag from /opt/airflow/dags/first_dag_dec.py
[2025-01-18T07:15:03.643+0000] {processor.py:840} INFO - DAG(s) 'first_dag' retrieved from /opt/airflow/dags/first_dag_dec.py
[2025-01-18T07:15:03.653+0000] {logging_mixin.py:188} INFO - [2025-01-18T07:15:03.653+0000] {dag.py:3089} INFO - Sync 1 DAGs
[2025-01-18T07:15:03.667+0000] {logging_mixin.py:188} INFO - [2025-01-18T07:15:03.667+0000] {dag.py:3947} INFO - Setting next_dagrun for first_dag to 2025-01-18 00:00:00+00:00, run_after=2025-01-19 00:00:00+00:00
[2025-01-18T07:15:03.677+0000] {processor.py:183} INFO - Processing /opt/airflow/dags/first_dag_dec.py took 0.052 seconds
[2025-01-18T07:15:34.468+0000] {processor.py:161} INFO - Started process (PID=17844) to work on /opt/airflow/dags/first_dag_dec.py
[2025-01-18T07:15:34.469+0000] {processor.py:830} INFO - Processing file /opt/airflow/dags/first_dag_dec.py for tasks to queue
[2025-01-18T07:15:34.470+0000] {logging_mixin.py:188} INFO - [2025-01-18T07:15:34.470+0000] {dagbag.py:545} INFO - Filling up the DagBag from /opt/airflow/dags/first_dag_dec.py
[2025-01-18T07:15:34.482+0000] {processor.py:840} INFO - DAG(s) 'first_dag' retrieved from /opt/airflow/dags/first_dag_dec.py
[2025-01-18T07:15:34.536+0000] {logging_mixin.py:188} INFO - [2025-01-18T07:15:34.536+0000] {dag.py:3089} INFO - Sync 1 DAGs
[2025-01-18T07:15:34.546+0000] {logging_mixin.py:188} INFO - [2025-01-18T07:15:34.546+0000] {dag.py:3947} INFO - Setting next_dagrun for first_dag to 2025-01-18 00:00:00+00:00, run_after=2025-01-19 00:00:00+00:00
[2025-01-18T07:15:34.561+0000] {processor.py:183} INFO - Processing /opt/airflow/dags/first_dag_dec.py took 0.098 seconds
[2025-01-18T07:16:05.043+0000] {processor.py:161} INFO - Started process (PID=18126) to work on /opt/airflow/dags/first_dag_dec.py
[2025-01-18T07:16:05.044+0000] {processor.py:830} INFO - Processing file /opt/airflow/dags/first_dag_dec.py for tasks to queue
[2025-01-18T07:16:05.045+0000] {logging_mixin.py:188} INFO - [2025-01-18T07:16:05.045+0000] {dagbag.py:545} INFO - Filling up the DagBag from /opt/airflow/dags/first_dag_dec.py
[2025-01-18T07:16:05.057+0000] {processor.py:840} INFO - DAG(s) 'first_dag' retrieved from /opt/airflow/dags/first_dag_dec.py
[2025-01-18T07:16:05.072+0000] {logging_mixin.py:188} INFO - [2025-01-18T07:16:05.072+0000] {dag.py:3089} INFO - Sync 1 DAGs
[2025-01-18T07:16:05.085+0000] {logging_mixin.py:188} INFO - [2025-01-18T07:16:05.085+0000] {dag.py:3947} INFO - Setting next_dagrun for first_dag to 2025-01-18 00:00:00+00:00, run_after=2025-01-19 00:00:00+00:00
[2025-01-18T07:16:05.099+0000] {processor.py:183} INFO - Processing /opt/airflow/dags/first_dag_dec.py took 0.061 seconds
[2025-01-18T07:16:35.950+0000] {processor.py:161} INFO - Started process (PID=18408) to work on /opt/airflow/dags/first_dag_dec.py
[2025-01-18T07:16:35.951+0000] {processor.py:830} INFO - Processing file /opt/airflow/dags/first_dag_dec.py for tasks to queue
[2025-01-18T07:16:35.952+0000] {logging_mixin.py:188} INFO - [2025-01-18T07:16:35.952+0000] {dagbag.py:545} INFO - Filling up the DagBag from /opt/airflow/dags/first_dag_dec.py
[2025-01-18T07:16:35.966+0000] {processor.py:840} INFO - DAG(s) 'first_dag' retrieved from /opt/airflow/dags/first_dag_dec.py
[2025-01-18T07:16:35.976+0000] {logging_mixin.py:188} INFO - [2025-01-18T07:16:35.976+0000] {dag.py:3089} INFO - Sync 1 DAGs
[2025-01-18T07:16:35.990+0000] {logging_mixin.py:188} INFO - [2025-01-18T07:16:35.990+0000] {dag.py:3947} INFO - Setting next_dagrun for first_dag to 2025-01-18 00:00:00+00:00, run_after=2025-01-19 00:00:00+00:00
[2025-01-18T07:16:36.009+0000] {processor.py:183} INFO - Processing /opt/airflow/dags/first_dag_dec.py took 0.064 seconds
[2025-01-18T07:17:06.763+0000] {processor.py:161} INFO - Started process (PID=18690) to work on /opt/airflow/dags/first_dag_dec.py
[2025-01-18T07:17:06.764+0000] {processor.py:830} INFO - Processing file /opt/airflow/dags/first_dag_dec.py for tasks to queue
[2025-01-18T07:17:06.765+0000] {logging_mixin.py:188} INFO - [2025-01-18T07:17:06.765+0000] {dagbag.py:545} INFO - Filling up the DagBag from /opt/airflow/dags/first_dag_dec.py
[2025-01-18T07:17:06.776+0000] {processor.py:840} INFO - DAG(s) 'first_dag' retrieved from /opt/airflow/dags/first_dag_dec.py
[2025-01-18T07:17:06.833+0000] {logging_mixin.py:188} INFO - [2025-01-18T07:17:06.832+0000] {dag.py:3089} INFO - Sync 1 DAGs
[2025-01-18T07:17:06.843+0000] {logging_mixin.py:188} INFO - [2025-01-18T07:17:06.843+0000] {dag.py:3947} INFO - Setting next_dagrun for first_dag to 2025-01-18 00:00:00+00:00, run_after=2025-01-19 00:00:00+00:00
[2025-01-18T07:17:06.855+0000] {processor.py:183} INFO - Processing /opt/airflow/dags/first_dag_dec.py took 0.097 seconds
[2025-01-18T07:17:37.464+0000] {processor.py:161} INFO - Started process (PID=18973) to work on /opt/airflow/dags/first_dag_dec.py
[2025-01-18T07:17:37.465+0000] {processor.py:830} INFO - Processing file /opt/airflow/dags/first_dag_dec.py for tasks to queue
[2025-01-18T07:17:37.466+0000] {logging_mixin.py:188} INFO - [2025-01-18T07:17:37.466+0000] {dagbag.py:545} INFO - Filling up the DagBag from /opt/airflow/dags/first_dag_dec.py
[2025-01-18T07:17:37.479+0000] {processor.py:840} INFO - DAG(s) 'first_dag' retrieved from /opt/airflow/dags/first_dag_dec.py
[2025-01-18T07:17:37.492+0000] {logging_mixin.py:188} INFO - [2025-01-18T07:17:37.492+0000] {dag.py:3089} INFO - Sync 1 DAGs
[2025-01-18T07:17:37.506+0000] {logging_mixin.py:188} INFO - [2025-01-18T07:17:37.505+0000] {dag.py:3947} INFO - Setting next_dagrun for first_dag to 2025-01-18 00:00:00+00:00, run_after=2025-01-19 00:00:00+00:00
[2025-01-18T07:17:37.520+0000] {processor.py:183} INFO - Processing /opt/airflow/dags/first_dag_dec.py took 0.061 seconds
[2025-01-18T07:18:07.722+0000] {processor.py:161} INFO - Started process (PID=19255) to work on /opt/airflow/dags/first_dag_dec.py
[2025-01-18T07:18:07.723+0000] {processor.py:830} INFO - Processing file /opt/airflow/dags/first_dag_dec.py for tasks to queue
[2025-01-18T07:18:07.724+0000] {logging_mixin.py:188} INFO - [2025-01-18T07:18:07.724+0000] {dagbag.py:545} INFO - Filling up the DagBag from /opt/airflow/dags/first_dag_dec.py
[2025-01-18T07:18:07.740+0000] {processor.py:840} INFO - DAG(s) 'first_dag' retrieved from /opt/airflow/dags/first_dag_dec.py
[2025-01-18T07:18:07.750+0000] {logging_mixin.py:188} INFO - [2025-01-18T07:18:07.750+0000] {dag.py:3089} INFO - Sync 1 DAGs
[2025-01-18T07:18:07.763+0000] {logging_mixin.py:188} INFO - [2025-01-18T07:18:07.763+0000] {dag.py:3947} INFO - Setting next_dagrun for first_dag to 2025-01-18 00:00:00+00:00, run_after=2025-01-19 00:00:00+00:00
[2025-01-18T07:18:07.774+0000] {processor.py:183} INFO - Processing /opt/airflow/dags/first_dag_dec.py took 0.057 seconds
[2025-01-18T07:18:37.993+0000] {processor.py:161} INFO - Started process (PID=19537) to work on /opt/airflow/dags/first_dag_dec.py
[2025-01-18T07:18:37.994+0000] {processor.py:830} INFO - Processing file /opt/airflow/dags/first_dag_dec.py for tasks to queue
[2025-01-18T07:18:37.995+0000] {logging_mixin.py:188} INFO - [2025-01-18T07:18:37.995+0000] {dagbag.py:545} INFO - Filling up the DagBag from /opt/airflow/dags/first_dag_dec.py
[2025-01-18T07:18:38.006+0000] {processor.py:840} INFO - DAG(s) 'first_dag' retrieved from /opt/airflow/dags/first_dag_dec.py
[2025-01-18T07:18:38.063+0000] {logging_mixin.py:188} INFO - [2025-01-18T07:18:38.063+0000] {dag.py:3089} INFO - Sync 1 DAGs
[2025-01-18T07:18:38.075+0000] {logging_mixin.py:188} INFO - [2025-01-18T07:18:38.075+0000] {dag.py:3947} INFO - Setting next_dagrun for first_dag to 2025-01-18 00:00:00+00:00, run_after=2025-01-19 00:00:00+00:00
[2025-01-18T07:18:38.086+0000] {processor.py:183} INFO - Processing /opt/airflow/dags/first_dag_dec.py took 0.098 seconds
[2025-01-18T07:19:08.681+0000] {processor.py:161} INFO - Started process (PID=19819) to work on /opt/airflow/dags/first_dag_dec.py
[2025-01-18T07:19:08.682+0000] {processor.py:830} INFO - Processing file /opt/airflow/dags/first_dag_dec.py for tasks to queue
[2025-01-18T07:19:08.684+0000] {logging_mixin.py:188} INFO - [2025-01-18T07:19:08.684+0000] {dagbag.py:545} INFO - Filling up the DagBag from /opt/airflow/dags/first_dag_dec.py
[2025-01-18T07:19:08.696+0000] {processor.py:840} INFO - DAG(s) 'first_dag' retrieved from /opt/airflow/dags/first_dag_dec.py
[2025-01-18T07:19:08.711+0000] {logging_mixin.py:188} INFO - [2025-01-18T07:19:08.711+0000] {dag.py:3089} INFO - Sync 1 DAGs
[2025-01-18T07:19:08.725+0000] {logging_mixin.py:188} INFO - [2025-01-18T07:19:08.725+0000] {dag.py:3947} INFO - Setting next_dagrun for first_dag to 2025-01-18 00:00:00+00:00, run_after=2025-01-19 00:00:00+00:00
[2025-01-18T07:19:08.737+0000] {processor.py:183} INFO - Processing /opt/airflow/dags/first_dag_dec.py took 0.059 seconds
[2025-01-18T07:19:39.198+0000] {processor.py:161} INFO - Started process (PID=20102) to work on /opt/airflow/dags/first_dag_dec.py
[2025-01-18T07:19:39.199+0000] {processor.py:830} INFO - Processing file /opt/airflow/dags/first_dag_dec.py for tasks to queue
[2025-01-18T07:19:39.201+0000] {logging_mixin.py:188} INFO - [2025-01-18T07:19:39.201+0000] {dagbag.py:545} INFO - Filling up the DagBag from /opt/airflow/dags/first_dag_dec.py
[2025-01-18T07:19:39.212+0000] {processor.py:840} INFO - DAG(s) 'first_dag' retrieved from /opt/airflow/dags/first_dag_dec.py
[2025-01-18T07:19:39.225+0000] {logging_mixin.py:188} INFO - [2025-01-18T07:19:39.225+0000] {dag.py:3089} INFO - Sync 1 DAGs
[2025-01-18T07:19:39.239+0000] {logging_mixin.py:188} INFO - [2025-01-18T07:19:39.239+0000] {dag.py:3947} INFO - Setting next_dagrun for first_dag to 2025-01-18 00:00:00+00:00, run_after=2025-01-19 00:00:00+00:00
[2025-01-18T07:19:39.251+0000] {processor.py:183} INFO - Processing /opt/airflow/dags/first_dag_dec.py took 0.058 seconds
[2025-01-18T07:20:10.397+0000] {processor.py:161} INFO - Started process (PID=20384) to work on /opt/airflow/dags/first_dag_dec.py
[2025-01-18T07:20:10.397+0000] {processor.py:830} INFO - Processing file /opt/airflow/dags/first_dag_dec.py for tasks to queue
[2025-01-18T07:20:10.399+0000] {logging_mixin.py:188} INFO - [2025-01-18T07:20:10.399+0000] {dagbag.py:545} INFO - Filling up the DagBag from /opt/airflow/dags/first_dag_dec.py
[2025-01-18T07:20:10.412+0000] {processor.py:840} INFO - DAG(s) 'first_dag' retrieved from /opt/airflow/dags/first_dag_dec.py
[2025-01-18T07:20:10.468+0000] {logging_mixin.py:188} INFO - [2025-01-18T07:20:10.468+0000] {dag.py:3089} INFO - Sync 1 DAGs
[2025-01-18T07:20:10.480+0000] {logging_mixin.py:188} INFO - [2025-01-18T07:20:10.480+0000] {dag.py:3947} INFO - Setting next_dagrun for first_dag to 2025-01-18 00:00:00+00:00, run_after=2025-01-19 00:00:00+00:00
[2025-01-18T07:20:10.491+0000] {processor.py:183} INFO - Processing /opt/airflow/dags/first_dag_dec.py took 0.099 seconds
[2025-01-18T07:20:40.888+0000] {processor.py:161} INFO - Started process (PID=20666) to work on /opt/airflow/dags/first_dag_dec.py
[2025-01-18T07:20:40.888+0000] {processor.py:830} INFO - Processing file /opt/airflow/dags/first_dag_dec.py for tasks to queue
[2025-01-18T07:20:40.889+0000] {logging_mixin.py:188} INFO - [2025-01-18T07:20:40.889+0000] {dagbag.py:545} INFO - Filling up the DagBag from /opt/airflow/dags/first_dag_dec.py
[2025-01-18T07:20:40.899+0000] {processor.py:840} INFO - DAG(s) 'first_dag' retrieved from /opt/airflow/dags/first_dag_dec.py
[2025-01-18T07:20:40.912+0000] {logging_mixin.py:188} INFO - [2025-01-18T07:20:40.912+0000] {dag.py:3089} INFO - Sync 1 DAGs
[2025-01-18T07:20:40.924+0000] {logging_mixin.py:188} INFO - [2025-01-18T07:20:40.924+0000] {dag.py:3947} INFO - Setting next_dagrun for first_dag to 2025-01-18 00:00:00+00:00, run_after=2025-01-19 00:00:00+00:00
[2025-01-18T07:20:40.934+0000] {processor.py:183} INFO - Processing /opt/airflow/dags/first_dag_dec.py took 0.051 seconds
[2025-01-18T07:21:13.610+0000] {processor.py:161} INFO - Started process (PID=20948) to work on /opt/airflow/dags/first_dag_dec.py
[2025-01-18T07:21:13.611+0000] {processor.py:830} INFO - Processing file /opt/airflow/dags/first_dag_dec.py for tasks to queue
[2025-01-18T07:21:13.613+0000] {logging_mixin.py:188} INFO - [2025-01-18T07:21:13.612+0000] {dagbag.py:545} INFO - Filling up the DagBag from /opt/airflow/dags/first_dag_dec.py
[2025-01-18T07:21:13.627+0000] {processor.py:840} INFO - DAG(s) 'first_dag' retrieved from /opt/airflow/dags/first_dag_dec.py
[2025-01-18T07:21:13.680+0000] {logging_mixin.py:188} INFO - [2025-01-18T07:21:13.680+0000] {dag.py:3089} INFO - Sync 1 DAGs
[2025-01-18T07:21:13.697+0000] {logging_mixin.py:188} INFO - [2025-01-18T07:21:13.697+0000] {dag.py:3947} INFO - Setting next_dagrun for first_dag to 2025-01-18 00:00:00+00:00, run_after=2025-01-19 00:00:00+00:00
[2025-01-18T07:21:13.711+0000] {processor.py:183} INFO - Processing /opt/airflow/dags/first_dag_dec.py took 0.106 seconds
[2025-01-18T07:21:46.342+0000] {processor.py:161} INFO - Started process (PID=21230) to work on /opt/airflow/dags/first_dag_dec.py
[2025-01-18T07:21:46.342+0000] {processor.py:830} INFO - Processing file /opt/airflow/dags/first_dag_dec.py for tasks to queue
[2025-01-18T07:21:46.344+0000] {logging_mixin.py:188} INFO - [2025-01-18T07:21:46.344+0000] {dagbag.py:545} INFO - Filling up the DagBag from /opt/airflow/dags/first_dag_dec.py
[2025-01-18T07:21:46.355+0000] {processor.py:840} INFO - DAG(s) 'first_dag' retrieved from /opt/airflow/dags/first_dag_dec.py
[2025-01-18T07:21:46.367+0000] {logging_mixin.py:188} INFO - [2025-01-18T07:21:46.367+0000] {dag.py:3089} INFO - Sync 1 DAGs
[2025-01-18T07:21:46.380+0000] {logging_mixin.py:188} INFO - [2025-01-18T07:21:46.380+0000] {dag.py:3947} INFO - Setting next_dagrun for first_dag to 2025-01-18 00:00:00+00:00, run_after=2025-01-19 00:00:00+00:00
[2025-01-18T07:21:46.390+0000] {processor.py:183} INFO - Processing /opt/airflow/dags/first_dag_dec.py took 0.052 seconds
