[2025-01-18T06:47:33.102+0000] {local_task_job_runner.py:120} INFO - ::group::Pre task execution logs
[2025-01-18T06:47:33.122+0000] {taskinstance.py:2076} INFO - Dependencies all met for dep_context=non-requeueable deps ti=<TaskInstance: first_dag.second_task scheduled__2024-08-29T00:00:00+00:00 [queued]>
[2025-01-18T06:47:33.128+0000] {taskinstance.py:2076} INFO - Dependencies all met for dep_context=requeueable deps ti=<TaskInstance: first_dag.second_task scheduled__2024-08-29T00:00:00+00:00 [queued]>
[2025-01-18T06:47:33.128+0000] {taskinstance.py:2306} INFO - Starting attempt 1 of 6
[2025-01-18T06:47:33.141+0000] {taskinstance.py:2330} INFO - Executing <Task(BashOperator): second_task> on 2024-08-29 00:00:00+00:00
[2025-01-18T06:47:33.153+0000] {logging_mixin.py:188} WARNING - /home/***/.local/lib/python3.12/site-packages/***/task/task_runner/standard_task_runner.py:62 DeprecationWarning: This process (pid=2151) is multi-threaded, use of fork() may lead to deadlocks in the child.
[2025-01-18T06:47:33.155+0000] {standard_task_runner.py:64} INFO - Started process 2196 to run task
[2025-01-18T06:47:33.160+0000] {standard_task_runner.py:90} INFO - Running: ['***', 'tasks', 'run', 'first_dag', 'second_task', 'scheduled__2024-08-29T00:00:00+00:00', '--job-id', '95', '--raw', '--subdir', 'DAGS_FOLDER/first_dag.py', '--cfg-path', '/tmp/tmpil5z1miw']
[2025-01-18T06:47:33.163+0000] {standard_task_runner.py:91} INFO - Job 95: Subtask second_task
[2025-01-18T06:47:33.224+0000] {task_command.py:426} INFO - Running <TaskInstance: first_dag.second_task scheduled__2024-08-29T00:00:00+00:00 [running]> on host 026ae79d4a11
[2025-01-18T06:47:33.288+0000] {taskinstance.py:2648} INFO - Exporting env vars: AIRFLOW_CTX_DAG_OWNER='student' AIRFLOW_CTX_DAG_ID='first_dag' AIRFLOW_CTX_TASK_ID='second_task' AIRFLOW_CTX_EXECUTION_DATE='2024-08-29T00:00:00+00:00' AIRFLOW_CTX_TRY_NUMBER='1' AIRFLOW_CTX_DAG_RUN_ID='scheduled__2024-08-29T00:00:00+00:00'
[2025-01-18T06:47:33.290+0000] {taskinstance.py:430} INFO - ::endgroup::
[2025-01-18T06:47:33.290+0000] {subprocess.py:63} INFO - Tmp dir root location: /tmp
[2025-01-18T06:47:33.292+0000] {subprocess.py:75} INFO - Running command: ['/usr/bin/bash', '-c', 'echo hello world, this is 2nd task']
[2025-01-18T06:47:33.312+0000] {subprocess.py:86} INFO - Output:
[2025-01-18T06:47:33.313+0000] {subprocess.py:93} INFO - hello world, this is 2nd task
[2025-01-18T06:47:33.313+0000] {subprocess.py:97} INFO - Command exited with return code 0
[2025-01-18T06:47:33.314+0000] {taskinstance.py:441} INFO - ::group::Post task execution logs
[2025-01-18T06:47:33.337+0000] {taskinstance.py:1206} INFO - Marking task as SUCCESS. dag_id=first_dag, task_id=second_task, run_id=scheduled__2024-08-29T00:00:00+00:00, execution_date=20240829T000000, start_date=20250118T064733, end_date=20250118T064733
[2025-01-18T06:47:33.369+0000] {local_task_job_runner.py:243} INFO - Task exited with return code 0
[2025-01-18T06:47:33.385+0000] {taskinstance.py:3503} INFO - 0 downstream tasks scheduled from follow-on schedule check
[2025-01-18T06:47:33.387+0000] {local_task_job_runner.py:222} INFO - ::endgroup::
